../Core/Src/main.c:595:13:MX_GPIO_Init	1
../Core/Src/main.c:577:13:MX_DMA_Init	1
../Core/Src/main.c:152:10:store_flash_memory	6
../Core/Src/main.c:205:10:read_flash_memory	3
../Core/Src/main.c:226:6:calibrate_sensors	18
../Core/Src/main.c:622:6:HAL_ADC_ConvCpltCallback	7
../Core/Src/main.c:630:6:HAL_TIM_PeriodElapsedCallback	2
../Core/Src/main.c:678:6:Error_Handler	1
../Core/Src/main.c:420:13:MX_ADC_Init	1
../Core/Src/main.c:498:13:MX_CAN_Init	1
../Core/Src/main.c:548:13:MX_TIM14_Init	1
../Core/Src/main.c:380:6:SystemClock_Config	1
../Core/Src/main.c:298:5:main	3
../Core/Src/main.c:636:6:HAL_CAN_RxFifo0MsgPendingCallback	6
