../Core/Src/main.c:595:13:MX_GPIO_Init	40	static
../Core/Src/main.c:577:13:MX_DMA_Init	16	static
../Core/Src/main.c:152:10:store_flash_memory	24	static
../Core/Src/main.c:205:10:read_flash_memory	8	static
../Core/Src/main.c:226:6:calibrate_sensors	32	static
../Core/Src/main.c:622:6:HAL_ADC_ConvCpltCallback	0	static
../Core/Src/main.c:630:6:HAL_TIM_PeriodElapsedCallback	0	static
../Core/Src/main.c:678:6:Error_Handler	0	static,ignoring_inline_asm
../Core/Src/main.c:420:13:MX_ADC_Init	24	static
../Core/Src/main.c:498:13:MX_CAN_Init	48	static
../Core/Src/main.c:548:13:MX_TIM14_Init	8	static
../Core/Src/main.c:380:6:SystemClock_Config	80	static
../Core/Src/main.c:298:5:main	16	static
../Core/Src/main.c:636:6:HAL_CAN_RxFifo0MsgPendingCallback	8	static
