../Core/Src/main.c:102:5:main	8	static
../Core/Src/main.c:178:6:SystemClock_Config	88	static
../Core/Src/main.c:218:13:MX_ADC_Init	24	static
../Core/Src/main.c:280:13:MX_CAN_Init	8	static
../Core/Src/main.c:317:13:MX_TIM14_Init	8	static
../Core/Src/main.c:346:13:MX_DMA_Init	16	static
../Core/Src/main.c:364:13:MX_GPIO_Init	48	static
../Core/Src/main.c:386:6:HAL_ADC_ConvCpltCallback	16	static
../Core/Src/main.c:391:6:HAL_TIM_PeriodElapsedCallback	16	static
../Core/Src/main.c:402:6:Error_Handler	8	static,ignoring_inline_asm
