2024-01-29 17:44:05,538 [INFO] Activator:176 - 


2024-01-29 17:44:05,550 [INFO] Activator:177 - !SESSION log4j initialized
2024-01-29 17:44:16,975 [INFO] LogOutputStream:77 - [STDOUT_REDIRECT] 
2024-01-29 17:44:18,880 [INFO] ApplicationProperties:184 - Using Application install path: C:\ST\STM32CubeIDE_1.13.2\STM32CubeIDE\plugins\com.st.stm32cube.common.mx_6.10.0.202311202037
2024-01-29 17:44:18,906 [INFO] DbMcusXml:78 - Set database path to: C:\ST\STM32CubeIDE_1.13.2\STM32CubeIDE\plugins\com.st.stm32cube.common.mx_6.10.0.202311202037\\db\/mcu/
2024-01-29 17:44:18,907 [INFO] ApiDb:274 - Set plugin database path to: C:\ST\STM32CubeIDE_1.13.2\STM32CubeIDE\plugins\com.st.stm32cube.common.mx_6.10.0.202311202037\\db\/plugins/boardmanager/
2024-01-29 17:44:18,907 [WARN] ApiDb:259 - Overriding images path with different value:  => C:\ST\STM32CubeIDE_1.13.2\STM32CubeIDE\plugins\com.st.stm32cube.common.mx_6.10.0.202311202037\\db\/plugins/mcufinder/images/
2024-01-29 17:44:18,919 [INFO] ApiDb:250 - Set database path to: C:\Users\aleja\.stmcufinder\plugins\mcufinder//mcu/
2024-01-29 17:44:18,920 [INFO] DbMcusAds:125 - Set database path to: C:\Users\aleja\.stmcufinder\plugins\mcufinder//mcu/
2024-01-29 17:44:18,923 [INFO] CrossReferenceDbSqlite:203 - Set database path to: C:\Users\aleja\.stmcufinder\plugins\mcufinder//mcu/cs/
2024-01-29 17:44:19,090 [INFO] RulesReader:64 - Compatibility file has been processed (297 Rules)
2024-01-29 17:44:19,199 [INFO] DbMcusXml:78 - Set database path to: C:\ST\STM32CubeIDE_1.13.2\STM32CubeIDE\plugins\com.st.stm32cube.common.mx_6.10.0.202311202037\\db\/mcu/
2024-01-29 17:44:19,199 [INFO] ApiDb:274 - Set plugin database path to: C:\ST\STM32CubeIDE_1.13.2\STM32CubeIDE\plugins\com.st.stm32cube.common.mx_6.10.0.202311202037\\db\/plugins/boardmanager/
2024-01-29 17:44:19,199 [INFO] ApiDb:261 - Set plugin images path to: C:\ST\STM32CubeIDE_1.13.2\STM32CubeIDE\plugins\com.st.stm32cube.common.mx_6.10.0.202311202037\\db\/plugins/mcufinder/images/
2024-01-29 17:44:19,199 [WARN] DbFile:41 - Overriding database path with different value: C:\Users\aleja\.stmcufinder\plugins\mcufinder/ => C:\Users\aleja\.stmcufinder\plugins\mcufinder
2024-01-29 17:44:19,199 [INFO] ApiDb:250 - Set database path to: C:\Users\aleja\.stmcufinder\plugins\mcufinder//mcu/
2024-01-29 17:44:19,199 [WARN] DbFile:41 - Overriding database path with different value: C:\Users\aleja\.stmcufinder\plugins\mcufinder/ => C:\Users\aleja\.stmcufinder\plugins\mcufinder
2024-01-29 17:44:19,200 [INFO] DbMcusAds:125 - Set database path to: C:\Users\aleja\.stmcufinder\plugins\mcufinder//mcu/
2024-01-29 17:44:19,200 [WARN] DbFile:41 - Overriding database path with different value: C:\Users\aleja\.stmcufinder\plugins\mcufinder/ => C:\Users\aleja\.stmcufinder\plugins\mcufinder
2024-01-29 17:44:19,200 [WARN] DbFile:41 - Overriding database path with different value: C:\Users\aleja\.stmcufinder\plugins\mcufinder/ => C:\Users\aleja\.stmcufinder\plugins\mcufinder
2024-01-29 17:44:19,200 [INFO] CrossReferenceDbSqlite:203 - Set database path to: C:\Users\aleja\.stmcufinder\plugins\mcufinder//mcu/cs/
2024-01-29 17:44:19,302 [INFO] MainPanel:264 - HeapMemory: 268435456
2024-01-29 17:44:19,424 [INFO] DbMcusXml:78 - Set database path to: C:\ST\STM32CubeIDE_1.13.2\STM32CubeIDE\plugins\com.st.stm32cube.common.mx_6.10.0.202311202037\\db\/mcu/
2024-01-29 17:44:19,424 [INFO] ApiDb:274 - Set plugin database path to: C:\ST\STM32CubeIDE_1.13.2\STM32CubeIDE\plugins\com.st.stm32cube.common.mx_6.10.0.202311202037\\db\/plugins/boardmanager/
2024-01-29 17:44:19,424 [INFO] ApiDb:261 - Set plugin images path to: C:\ST\STM32CubeIDE_1.13.2\STM32CubeIDE\plugins\com.st.stm32cube.common.mx_6.10.0.202311202037\\db\/plugins/mcufinder/images/
2024-01-29 17:44:19,425 [WARN] DbFile:41 - Overriding database path with different value: C:\Users\aleja\.stmcufinder\plugins\mcufinder/ => C:\Users\aleja\.stmcufinder\plugins\mcufinder
2024-01-29 17:44:19,425 [INFO] ApiDb:250 - Set database path to: C:\Users\aleja\.stmcufinder\plugins\mcufinder//mcu/
2024-01-29 17:44:19,425 [WARN] DbFile:41 - Overriding database path with different value: C:\Users\aleja\.stmcufinder\plugins\mcufinder/ => C:\Users\aleja\.stmcufinder\plugins\mcufinder
2024-01-29 17:44:19,425 [INFO] DbMcusAds:125 - Set database path to: C:\Users\aleja\.stmcufinder\plugins\mcufinder//mcu/
2024-01-29 17:44:19,425 [WARN] DbFile:41 - Overriding database path with different value: C:\Users\aleja\.stmcufinder\plugins\mcufinder/ => C:\Users\aleja\.stmcufinder\plugins\mcufinder
2024-01-29 17:44:19,425 [WARN] DbFile:41 - Overriding database path with different value: C:\Users\aleja\.stmcufinder\plugins\mcufinder/ => C:\Users\aleja\.stmcufinder\plugins\mcufinder
2024-01-29 17:44:19,425 [INFO] CrossReferenceDbSqlite:203 - Set database path to: C:\Users\aleja\.stmcufinder\plugins\mcufinder//mcu/cs/
2024-01-29 17:44:19,450 [INFO] ApplicationProperties:184 - Using Application install path: C:\ST\STM32CubeIDE_1.13.2\STM32CubeIDE\plugins\com.st.stm32cube.common.mx_6.10.0.202311202037
2024-01-29 17:44:19,453 [INFO] PluginManage:196 - Search for loadable plugins [exclusion list=, ]
2024-01-29 17:44:19,455 [INFO] PluginManage:310 - Check plugin analytics
2024-01-29 17:44:19,741 [INFO] AnalyticsPlugin:253 - Accepted Software Licenses: 
2024-01-29 17:44:19,741 [INFO] AnalyticsPlugin:255 - Accepted CMSIS Pack Licenses: 
2024-01-29 17:44:19,742 [INFO] AnalyticsPlugin:257 - Accepted Firmware Licenses: 
2024-01-29 17:44:19,745 [INFO] PluginManage:359 - Loaded plugin analytics (category:tool,tabindex:-1)
2024-01-29 17:44:19,746 [INFO] PluginManage:310 - Check plugin cadmodel
2024-01-29 17:44:19,770 [INFO] CADModel:105 - Init CAD model plugin
2024-01-29 17:44:19,770 [INFO] PluginManage:359 - Loaded plugin cadmodel (category:power,tabindex:5)
2024-01-29 17:44:19,771 [INFO] PluginManage:310 - Check plugin clock
2024-01-29 17:44:19,808 [INFO] PluginManage:359 - Loaded plugin clock (category:base,tabindex:2)
2024-01-29 17:44:19,808 [INFO] PluginManage:310 - Check plugin ddr
2024-01-29 17:44:19,813 [INFO] PluginManage:359 - Loaded plugin ddr (category:tool,tabindex:6)
2024-01-29 17:44:19,813 [INFO] PluginManage:310 - Check plugin filemanager
2024-01-29 17:44:20,021 [INFO] PluginManage:359 - Loaded plugin filemanager (category:base,tabindex:10)
2024-01-29 17:44:20,021 [INFO] PluginManage:310 - Check plugin ipmanager
2024-01-29 17:44:20,030 [INFO] PluginManage:359 - Loaded plugin ipmanager (category:base,tabindex:5)
2024-01-29 17:44:20,030 [INFO] PluginManage:310 - Check plugin lpbam
2024-01-29 17:44:20,055 [INFO] PluginManage:359 - Loaded plugin lpbam (category:base,tabindex:0)
2024-01-29 17:44:20,055 [INFO] PluginManage:310 - Check plugin memorymap
2024-01-29 17:44:20,085 [INFO] PluginManage:359 - Loaded plugin memorymap (category:base,tabindex:4)
2024-01-29 17:44:20,085 [INFO] PluginManage:310 - Check plugin pinoutandconfiguration
2024-01-29 17:44:20,106 [INFO] PluginManage:359 - Loaded plugin pinoutandconfiguration (category:base,tabindex:1)
2024-01-29 17:44:20,106 [INFO] PluginManage:310 - Check plugin pinoutconfig
2024-01-29 17:44:20,265 [WARN] SupportedApi:132 - Cannot load RTOS API schema: s4s-elt-must-match.1: The content of 'definitions' must match (annotation?, (simpleType | complexType)?, (unique | key | keyref)*)). A problem was found starting at: attribute.
2024-01-29 17:44:20,475 [INFO] PluginManage:359 - Loaded plugin pinoutconfig (category:base,tabindex:0)
2024-01-29 17:44:20,475 [INFO] PluginManage:310 - Check plugin power
2024-01-29 17:44:20,500 [INFO] PluginManage:359 - Loaded plugin power (category:power,tabindex:4)
2024-01-29 17:44:20,500 [INFO] PluginManage:310 - Check plugin projectmanager
2024-01-29 17:44:20,529 [INFO] PluginManage:359 - Loaded plugin projectmanager (category:projectmanager,tabindex:3)
2024-01-29 17:44:20,529 [INFO] PluginManage:310 - Check plugin thirdparty
2024-01-29 17:44:20,883 [INFO] PluginManage:359 - Loaded plugin thirdparty (category:base,tabindex:-1)
2024-01-29 17:44:20,883 [INFO] PluginManage:310 - Check plugin tools
2024-01-29 17:44:20,883 [WARN] IntegrityCheckThread:84 - waiting for thirdparty lock release [integrity check]
2024-01-29 17:44:20,884 [INFO] IntegrityCheckThread:86 - entering critical section [integrity check]
2024-01-29 17:44:20,884 [INFO] ThirdPartyUpdaterWithRetryManager:70 - Updater plugin not ready yet. [1/15]
2024-01-29 17:44:20,923 [INFO] PluginManage:359 - Loaded plugin tools (category:base,tabindex:7)
2024-01-29 17:44:20,923 [INFO] PluginManage:310 - Check plugin tutovideos
2024-01-29 17:44:21,180 [INFO] PluginManage:359 - Loaded plugin tutovideos (category:base,tabindex:-1)
2024-01-29 17:44:21,180 [INFO] PluginManage:310 - Check plugin updater
2024-01-29 17:44:21,207 [INFO] PluginManage:359 - Loaded plugin updater (category:base,tabindex:12)
2024-01-29 17:44:21,207 [INFO] PluginManage:310 - Check plugin userauth
2024-01-29 17:44:21,215 [INFO] UserAuth:114 - Init User Auth plugin
2024-01-29 17:44:21,216 [INFO] PluginManage:359 - Loaded plugin userauth (category:base,tabindex:14)
2024-01-29 17:44:21,216 [INFO] PluginManage:283 - PluginManage : Loaded plugins [17]
2024-01-29 17:44:21,499 [INFO] PinOutPanel:1499 - setPackage(No Configuration,No Configuration)
2024-01-29 17:44:21,596 [INFO] CADModel:165 - CPN selected for project level
2024-01-29 17:44:21,596 [INFO] CADModel:114 - Register for checkConnection events
2024-01-29 17:44:21,632 [INFO] IPUIPlugin:80 - create IPUIPlugin
2024-01-29 17:44:21,632 [INFO] PluginManager:220 - loadIPPluginJar : add adc
2024-01-29 17:44:21,679 [INFO] IPUIPlugin:80 - create IPUIPlugin
2024-01-29 17:44:21,679 [INFO] PluginManager:220 - loadIPPluginJar : add aes
2024-01-29 17:44:21,730 [INFO] IPUIPlugin:80 - create IPUIPlugin
2024-01-29 17:44:21,730 [INFO] PluginManager:220 - loadIPPluginJar : add can
2024-01-29 17:44:21,758 [INFO] IPUIPlugin:80 - create IPUIPlugin
2024-01-29 17:44:21,758 [INFO] PluginManager:220 - loadIPPluginJar : add comp
2024-01-29 17:44:21,798 [INFO] IPUIPlugin:80 - create IPUIPlugin
2024-01-29 17:44:21,798 [INFO] PluginManager:220 - loadIPPluginJar : add cryp
2024-01-29 17:44:21,836 [INFO] IPUIPlugin:80 - create IPUIPlugin
2024-01-29 17:44:21,836 [INFO] PluginManager:220 - loadIPPluginJar : add dfsdm
2024-01-29 17:44:21,855 [INFO] IPUIPlugin:80 - create IPUIPlugin
2024-01-29 17:44:21,855 [INFO] PluginManager:220 - loadIPPluginJar : add dma
2024-01-29 17:44:21,911 [INFO] IPUIPlugin:80 - create IPUIPlugin
2024-01-29 17:44:21,912 [INFO] PluginManager:220 - loadIPPluginJar : add dma3
2024-01-29 17:44:21,937 [INFO] IPUIPlugin:80 - create IPUIPlugin
2024-01-29 17:44:21,937 [INFO] PluginManager:220 - loadIPPluginJar : add fatfs
2024-01-29 17:44:21,992 [INFO] IPUIPlugin:80 - create IPUIPlugin
2024-01-29 17:44:21,992 [INFO] PluginManager:220 - loadIPPluginJar : add fmc
2024-01-29 17:44:22,011 [INFO] IPUIPlugin:80 - create IPUIPlugin
2024-01-29 17:44:22,011 [INFO] PluginManager:220 - loadIPPluginJar : add freertos
2024-01-29 17:44:22,044 [INFO] IPUIPlugin:80 - create IPUIPlugin
2024-01-29 17:44:22,044 [INFO] PluginManager:220 - loadIPPluginJar : add genericplugin
2024-01-29 17:44:22,154 [INFO] IPUIPlugin:80 - create IPUIPlugin
2024-01-29 17:44:22,154 [INFO] PluginManager:220 - loadIPPluginJar : add gfxmmu
2024-01-29 17:44:22,299 [INFO] IPUIPlugin:80 - create IPUIPlugin
2024-01-29 17:44:22,299 [INFO] PluginManager:220 - loadIPPluginJar : add gic
2024-01-29 17:44:22,326 [INFO] IPUIPlugin:80 - create IPUIPlugin
2024-01-29 17:44:22,327 [INFO] PluginManager:220 - loadIPPluginJar : add gpio
2024-01-29 17:44:22,441 [INFO] IPUIPlugin:80 - create IPUIPlugin
2024-01-29 17:44:22,441 [INFO] PluginManager:220 - loadIPPluginJar : add gtzc
2024-01-29 17:44:22,488 [INFO] IPUIPlugin:80 - create IPUIPlugin
2024-01-29 17:44:22,488 [INFO] PluginManager:220 - loadIPPluginJar : add hash
2024-01-29 17:44:22,546 [INFO] IPUIPlugin:80 - create IPUIPlugin
2024-01-29 17:44:22,546 [INFO] PluginManager:220 - loadIPPluginJar : add i2c
2024-01-29 17:44:22,593 [INFO] IPUIPlugin:80 - create IPUIPlugin
2024-01-29 17:44:22,594 [INFO] PluginManager:220 - loadIPPluginJar : add i2s
2024-01-29 17:44:22,639 [INFO] IPUIPlugin:80 - create IPUIPlugin
2024-01-29 17:44:22,639 [INFO] PluginManager:220 - loadIPPluginJar : add i3c
2024-01-29 17:44:22,782 [INFO] IPUIPlugin:80 - create IPUIPlugin
2024-01-29 17:44:22,782 [INFO] PluginManager:220 - loadIPPluginJar : add ipddr
2024-01-29 17:44:22,883 [INFO] IPUIPlugin:80 - create IPUIPlugin
2024-01-29 17:44:22,883 [INFO] PluginManager:220 - loadIPPluginJar : add linkedlist
2024-01-29 17:44:22,930 [INFO] IPUIPlugin:80 - create IPUIPlugin
2024-01-29 17:44:22,930 [INFO] PluginManager:220 - loadIPPluginJar : add lorawan
2024-01-29 17:44:22,979 [INFO] IPUIPlugin:80 - create IPUIPlugin
2024-01-29 17:44:22,980 [INFO] PluginManager:220 - loadIPPluginJar : add ltdc
2024-01-29 17:44:22,998 [INFO] IPUIPlugin:80 - create IPUIPlugin
2024-01-29 17:44:22,998 [INFO] PluginManager:220 - loadIPPluginJar : add mdma
2024-01-29 17:44:23,013 [INFO] IPUIPlugin:80 - create IPUIPlugin
2024-01-29 17:44:23,013 [INFO] PluginManager:220 - loadIPPluginJar : add nvic
2024-01-29 17:44:23,056 [INFO] IPUIPlugin:80 - create IPUIPlugin
2024-01-29 17:44:23,056 [INFO] PluginManager:220 - loadIPPluginJar : add opamp
2024-01-29 17:44:23,121 [INFO] IPUIPlugin:80 - create IPUIPlugin
2024-01-29 17:44:23,122 [INFO] PluginManager:220 - loadIPPluginJar : add openamp
2024-01-29 17:44:23,177 [INFO] IPUIPlugin:80 - create IPUIPlugin
2024-01-29 17:44:23,177 [INFO] PluginManager:220 - loadIPPluginJar : add pdm2pcm
2024-01-29 17:44:23,195 [INFO] IPUIPlugin:80 - create IPUIPlugin
2024-01-29 17:44:23,197 [INFO] PluginManager:220 - loadIPPluginJar : add plateformsettings
2024-01-29 17:44:23,229 [INFO] IPUIPlugin:80 - create IPUIPlugin
2024-01-29 17:44:23,230 [INFO] PluginManager:220 - loadIPPluginJar : add quadspi
2024-01-29 17:44:23,246 [INFO] IPUIPlugin:80 - create IPUIPlugin
2024-01-29 17:44:23,246 [INFO] PluginManager:220 - loadIPPluginJar : add resmgrutility
2024-01-29 17:44:23,304 [INFO] IPUIPlugin:80 - create IPUIPlugin
2024-01-29 17:44:23,304 [INFO] PluginManager:220 - loadIPPluginJar : add sai
2024-01-29 17:44:23,347 [INFO] IPUIPlugin:80 - create IPUIPlugin
2024-01-29 17:44:23,347 [INFO] PluginManager:220 - loadIPPluginJar : add spi
2024-01-29 17:44:23,444 [INFO] IPUIPlugin:80 - create IPUIPlugin
2024-01-29 17:44:23,444 [INFO] PluginManager:220 - loadIPPluginJar : add stm32_wpan
2024-01-29 17:44:23,481 [INFO] IPUIPlugin:80 - create IPUIPlugin
2024-01-29 17:44:23,481 [INFO] PluginManager:220 - loadIPPluginJar : add tim
2024-01-29 17:44:23,550 [INFO] IPUIPlugin:80 - create IPUIPlugin
2024-01-29 17:44:23,550 [INFO] PluginManager:220 - loadIPPluginJar : add touchsensing
2024-01-29 17:44:23,577 [INFO] IPUIPlugin:80 - create IPUIPlugin
2024-01-29 17:44:23,577 [INFO] PluginManager:220 - loadIPPluginJar : add tracer_emb
2024-01-29 17:44:23,607 [INFO] IPUIPlugin:80 - create IPUIPlugin
2024-01-29 17:44:23,608 [INFO] PluginManager:220 - loadIPPluginJar : add ts
2024-01-29 17:44:23,634 [INFO] IPUIPlugin:80 - create IPUIPlugin
2024-01-29 17:44:23,634 [INFO] PluginManager:220 - loadIPPluginJar : add tsc
2024-01-29 17:44:23,659 [INFO] IPUIPlugin:80 - create IPUIPlugin
2024-01-29 17:44:23,659 [INFO] PluginManager:220 - loadIPPluginJar : add ucpd
2024-01-29 17:44:23,729 [INFO] IPUIPlugin:80 - create IPUIPlugin
2024-01-29 17:44:23,730 [INFO] PluginManager:220 - loadIPPluginJar : add usart
2024-01-29 17:44:23,782 [INFO] IPUIPlugin:80 - create IPUIPlugin
2024-01-29 17:44:23,782 [INFO] PluginManager:220 - loadIPPluginJar : add usbx
2024-01-29 17:44:23,896 [INFO] ThirdPartyUpdaterWithRetryManager:70 - Updater plugin not ready yet. [2/15]
2024-01-29 17:44:23,962 [INFO] CADModel:165 - CPN selected for project level
2024-01-29 17:44:23,962 [INFO] CADModel:114 - Register for checkConnection events
2024-01-29 17:44:23,963 [FATAL] Updater:308 - Updater called before beeing initialized
2024-01-29 17:44:23,963 [ERROR] CADModel:125 - Updater not yet initialized, retry later 
2024-01-29 17:44:24,169 [INFO] CADModel:165 - CPN selected for project level
2024-01-29 17:44:24,169 [INFO] CADModel:114 - Register for checkConnection events
2024-01-29 17:44:24,169 [FATAL] Updater:308 - Updater called before beeing initialized
2024-01-29 17:44:24,169 [ERROR] CADModel:125 - Updater not yet initialized, retry later 
2024-01-29 17:44:24,174 [FATAL] Updater:308 - Updater called before beeing initialized
2024-01-29 17:44:24,333 [FATAL] Updater:308 - Updater called before beeing initialized
2024-01-29 17:44:24,346 [INFO] DbMcusAds:53 - JSON generation date=Wed Nov 29 11:52:27 CET 2023 (1701255147200)
2024-01-29 17:44:24,346 [FATAL] Updater:308 - Updater called before beeing initialized
2024-01-29 17:44:24,446 [WARN] DetailPanel:346 - Failed to get advertising image, set to default
2024-01-29 17:44:24,550 [FATAL] Updater:308 - Updater called before beeing initialized
2024-01-29 17:44:24,554 [FATAL] Updater:308 - Updater called before beeing initialized
2024-01-29 17:44:24,554 [FATAL] Updater:308 - Updater called before beeing initialized
2024-01-29 17:44:24,554 [WARN] DetailPanel:346 - Failed to get advertising image, set to default
2024-01-29 17:44:24,555 [FATAL] Updater:308 - Updater called before beeing initialized
2024-01-29 17:44:24,657 [ERROR] Updater:1120 - MainUpdater not yet initialized. External WinMGr cannot be set.
2024-01-29 17:44:24,669 [INFO] Updater:1056 - Updater Version found : 6.10.0
2024-01-29 17:44:24,694 [INFO] ApplicationProperties:184 - Using Application install path: C:\ST\STM32CubeIDE_1.13.2\STM32CubeIDE\plugins\com.st.stm32cube.common.mx_6.10.0.202311202037
2024-01-29 17:44:26,293 [ERROR] LogOutputStream:75 - [STDERR_REDIRECT] Jan 29, 2024 5:44:26 PM java.util.prefs.WindowsPreferences <init>
2024-01-29 17:44:26,296 [ERROR] LogOutputStream:75 - [STDERR_REDIRECT] WARNING: Could not open/create prefs root node Software\JavaSoft\Prefs at root 0xffffffff80000002. Windows RegCreateKeyEx(...) returned error code 5.
2024-01-29 17:44:26,296 [ERROR] LogOutputStream:75 - [STDERR_REDIRECT] 
2024-01-29 17:44:26,732 [INFO] MainUpdater:2873 - connection check result : 10
2024-01-29 17:44:26,732 [INFO] MainUpdater:3567 - Updater definition file requires update
2024-01-29 17:44:26,733 [INFO] MainUpdater:290 - Updater Check For Update Now.
2024-01-29 17:44:26,734 [INFO] MicroXplorer:498 - Change Database Version : DB.6.0.100
2024-01-29 17:44:26,757 [INFO] McuFinderGlobals:63 - Set McuFinder mode to 2 (CubeIDE integrated)
2024-01-29 17:44:26,789 [INFO] UserAuth:404 - Internet connection configuration mode: 1
2024-01-29 17:44:26,818 [INFO] JxBrowserEngine:152 - Initiate JxBrowser Engine with user profile folder
2024-01-29 17:44:26,826 [INFO] ServerAccessManage:473 - Download File updaters.zip
2024-01-29 17:44:26,897 [WARN] MainUpdater:1194 - Updater busy. Cannot search thirdparties
2024-01-29 17:44:26,897 [INFO] ThirdPartyUpdaterWithRetryManager:96 - Updater plugin is busy. [1/15]
2024-01-29 17:44:26,925 [INFO] FileExtend:240 - Unzip File : updaters.zip
2024-01-29 17:44:26,925 [INFO] FileExtend:255 - Standard Zip Deflate
2024-01-29 17:44:27,417 [INFO] ServerAccessManage:473 - Download File PacksControlFlags.xml
2024-01-29 17:44:27,510 [INFO] ServerAccessManage:473 - Download File cubemx.pidx
2024-01-29 17:44:28,321 [INFO] ServerAccessManage:473 - Download File STMicroelectronics.X-CUBE-EEPRMA1.pdsc
2024-01-29 17:44:28,663 [ERROR] ServerAccessManage:1089 - Problem, file not found on Server
2024-01-29 17:44:29,071 [ERROR] ServerAccessManage:1089 - Problem, file not found on Server
2024-01-29 17:44:29,898 [WARN] MainUpdater:1194 - Updater busy. Cannot search thirdparties
2024-01-29 17:44:29,898 [INFO] ThirdPartyUpdaterWithRetryManager:96 - Updater plugin is busy. [2/15]
2024-01-29 17:44:30,992 [ERROR] ServerAccessManage:1096 - Problem, Http access forbiden
2024-01-29 17:44:30,994 [ERROR] ServerAccessManage:651 - Problem, Http access forbiden : RoweBots.I-CUBE-UNISONRTOS.pdsc.
2024-01-29 17:44:31,255 [INFO] WebApp:161 - Instantiating new browser for Auth
2024-01-29 17:44:31,293 [INFO] ServerAccessManage:473 - Download File SEGGER.I-CUBE-embOS.pdsc
2024-01-29 17:44:31,898 [WARN] PackLoader:240 - Cannot read IP mode file for STMicroelectronics.X-CUBE-EEPRMA1.5.1.0
2024-01-29 17:44:31,977 [WARN] PackLoader:240 - Cannot read IP mode file for SEGGER.I-CUBE-embOS.1.3.1
2024-01-29 17:44:32,038 [INFO] PopulateThirdPartyThread:66 - Ending populate Thread
2024-01-29 17:44:32,040 [INFO] ThirdParty:1030 - CMSIS Pack Vendor :STMicroelectronics X-CUBE-EEPRMA1 5.1.0
2024-01-29 17:44:32,041 [INFO] ThirdParty:1030 - CMSIS Pack Vendor :SEGGER I-CUBE-embOS 1.3.1
2024-01-29 17:44:32,041 [INFO] LoadServerUpdatesThread:375 - End of LoadServerUpdate Thread
2024-01-29 17:44:32,054 [INFO] CheckServerUpdateThread:120 - End of CheckServer Thread
2024-01-29 17:44:32,390 [INFO] WebApp:780 - Register for checkConnection events
2024-01-29 17:44:32,391 [INFO] WebApp:414 - Apply proxy settings
2024-01-29 17:44:32,391 [INFO] WebApp:499 - Chromium requires no authentication
2024-01-29 17:44:32,404 [INFO] WebApp:442 - Direct internet connection detected
2024-01-29 17:44:32,659 [INFO] WebApp:192 - Starting web application
2024-01-29 17:44:32,659 [INFO] WebApp:544 - Web application path used C:\ST\STM32CubeIDE_1.13.2\STM32CubeIDE\plugins\com.st.stm32cube.common.mx_6.10.0.202311202037\db\plugins\mcufinder\reactClient1\index.html
2024-01-29 17:44:33,106 [WARN] PackLoader:240 - Cannot read IP mode file for STMicroelectronics.X-CUBE-SMBUS.2.1.0
2024-01-29 17:44:33,123 [WARN] PackLoader:240 - Cannot read IP mode file for STMicroelectronics.X-CUBE-TOUCHGFX.4.23.0
2024-01-29 17:44:33,158 [WARN] PackLoader:240 - Cannot read IP mode file for STMicroelectronics.X-CUBE-AZRTOS-F7.1.1.0
2024-01-29 17:44:33,183 [WARN] PackLoader:240 - Cannot read IP mode file for STMicroelectronics.FP-SNS-MOTENV1.4.3.2
2024-01-29 17:44:33,205 [WARN] PackLoader:240 - Cannot read IP mode file for STMicroelectronics.FP-SNS-FLIGHT1.5.0.2
2024-01-29 17:44:33,226 [WARN] PackLoader:240 - Cannot read IP mode file for STMicroelectronics.X-CUBE-DISPLAY.3.0.0
2024-01-29 17:44:33,255 [WARN] PackLoader:240 - Cannot read IP mode file for STMicroelectronics.X-CUBE-BLE1.7.0.0
2024-01-29 17:44:33,275 [WARN] PackLoader:240 - Cannot read IP mode file for emotas.I-CUBE-CANOPEN.1.3.0
2024-01-29 17:44:33,292 [WARN] PackLoader:240 - Cannot read IP mode file for STMicroelectronics.X-CUBE-TOUCHGFX.4.22.1
2024-01-29 17:44:33,309 [WARN] PackLoader:240 - Cannot read IP mode file for STMicroelectronics.FP-SNS-SMARTAG2.1.2.0
2024-01-29 17:44:33,334 [INFO] LogOutputStream:77 - [STDOUT_REDIRECT] 1 : Invalid condition id : UX_CORESTACK_Condition cause : null
2024-01-29 17:44:33,336 [INFO] LogOutputStream:77 - [STDOUT_REDIRECT] 1 : Invalid condition id : UX_CORESTACK_Condition cause : null
2024-01-29 17:44:33,338 [INFO] LogOutputStream:77 - [STDOUT_REDIRECT] 1 : Invalid condition id : UX_CORESTACK_Condition cause : null
2024-01-29 17:44:33,341 [INFO] LogOutputStream:77 - [STDOUT_REDIRECT] 1 : Invalid condition id : UX_CORESTACK_Condition cause : null
2024-01-29 17:44:33,342 [INFO] LogOutputStream:77 - [STDOUT_REDIRECT] 1 : Invalid condition id : UX_CORESTACK_Condition cause : null
2024-01-29 17:44:33,345 [WARN] PackLoader:240 - Cannot read IP mode file for STMicroelectronics.X-CUBE-AZRTOS-WL.2.0.0
2024-01-29 17:44:33,362 [WARN] PackLoader:240 - Cannot read IP mode file for WES.I-CUBE-Cesium.1.3.0
2024-01-29 17:44:33,376 [WARN] PackLoader:240 - Cannot read IP mode file for STMicroelectronics.X-CUBE-BLE2.3.3.0
2024-01-29 17:44:33,392 [WARN] PackLoader:240 - Cannot read IP mode file for STMicroelectronics.X-CUBE-ALGOBUILD.1.3.0
2024-01-29 17:44:33,427 [WARN] PackLoader:240 - Cannot read IP mode file for STMicroelectronics.X-CUBE-AZRTOS-G0.1.1.0
2024-01-29 17:44:33,448 [WARN] PackLoader:240 - Cannot read IP mode file for STMicroelectronics.X-CUBE-NFC4.3.0.0
2024-01-29 17:44:33,468 [WARN] PackLoader:240 - Cannot read IP mode file for STMicroelectronics.X-CUBE-BLEMGR.3.0.0
2024-01-29 17:44:33,488 [WARN] PackLoader:240 - Cannot read IP mode file for STMicroelectronics.FP-ATR-SIGFOX1.3.2.0
2024-01-29 17:44:33,495 [WARN] PackLoader:240 - Cannot read IP mode file for STMicroelectronics.X-CUBE-EEPRMA1.5.1.0
2024-01-29 17:44:33,528 [WARN] PackLoader:240 - Cannot read IP mode file for SEGGER.I-CUBE-embOS.1.3.1
2024-01-29 17:44:33,607 [WARN] PackLoader:240 - Cannot read IP mode file for STMicroelectronics.X-CUBE-GNSS1.6.0.0
2024-01-29 17:44:33,652 [WARN] PackLoader:240 - Cannot read IP mode file for STMicroelectronics.X-CUBE-AZRTOS-F4.1.1.0
2024-01-29 17:44:33,678 [WARN] PackLoader:240 - Cannot read IP mode file for wolfSSL.I-CUBE-wolfSSL.5.6.4
2024-01-29 17:44:33,723 [WARN] PackLoader:240 - Cannot read IP mode file for STMicroelectronics.X-CUBE-AZRTOS-L5.2.0.0
2024-01-29 17:44:33,747 [WARN] PackLoader:240 - Cannot read IP mode file for STMicroelectronics.X-CUBE-EEPRMA1.4.2.0
2024-01-29 17:44:33,771 [WARN] PackLoader:240 - Cannot read IP mode file for ITTIA_DB.I-CUBE-ITTIADB.8.8.0
2024-01-29 17:44:33,837 [WARN] ConditionMgr:438 - getConditionDescription Invalid condition id : UX DEVICE CLASS RTOS Condition cause : null
2024-01-29 17:44:33,838 [WARN] ConditionMgr:438 - getConditionDescription Invalid condition id : UX DEVICE CLASS RTOS Condition cause : null
2024-01-29 17:44:33,842 [WARN] PackLoader:240 - Cannot read IP mode file for STMicroelectronics.X-CUBE-AZRTOS-H7.3.1.0
2024-01-29 17:44:33,843 [WARN] ConditionMgr:1039 - genDependencies : Invalid condition id : UX DEVICE CLASS RTOS Condition cause : null
2024-01-29 17:44:33,844 [WARN] ConditionMgr:1039 - genDependencies : Invalid condition id : UX DEVICE CLASS RTOS Condition cause : null
2024-01-29 17:44:33,845 [WARN] ConditionMgr:1039 - genDependencies : Invalid condition id : UX DEVICE CLASS RTOS Condition cause : null
2024-01-29 17:44:33,845 [WARN] ConditionMgr:1039 - genDependencies : Invalid condition id : UX DEVICE CLASS RTOS Condition cause : null
2024-01-29 17:44:33,846 [WARN] ConditionMgr:1039 - genDependencies : Invalid condition id : UX DEVICE CLASS RTOS Condition cause : null
2024-01-29 17:44:33,867 [WARN] PackLoader:240 - Cannot read IP mode file for STMicroelectronics.X-CUBE-NFC7.1.0.1
2024-01-29 17:44:33,893 [WARN] PackLoader:240 - Cannot read IP mode file for STMicroelectronics.X-CUBE-NFC6.3.0.0
2024-01-29 17:44:33,915 [WARN] PackLoader:240 - Cannot read IP mode file for STMicroelectronics.X-CUBE-AI.8.1.0
2024-01-29 17:44:33,950 [WARN] ConditionMgr:438 - getConditionDescription Invalid condition id : LAN8742 Phy interface Condition cause : null
2024-01-29 17:44:33,951 [WARN] PackLoader:240 - Cannot read IP mode file for STMicroelectronics.X-CUBE-AZRTOS-L4.2.0.0
2024-01-29 17:44:33,953 [WARN] ConditionMgr:1039 - genDependencies : Invalid condition id : LAN8742 Phy interface Condition cause : null
2024-01-29 17:44:33,953 [WARN] ConditionMgr:1039 - genDependencies : Invalid condition id : LAN8742 Phy interface Condition cause : null
2024-01-29 17:44:33,954 [WARN] ConditionMgr:1039 - genDependencies : Invalid condition id : LAN8742 Phy interface Condition cause : null
2024-01-29 17:44:33,978 [WARN] PackLoader:240 - Cannot read IP mode file for STMicroelectronics.X-CUBE-SFXS2LP1.4.0.0
2024-01-29 17:44:33,999 [WARN] PackLoader:240 - Cannot read IP mode file for STMicroelectronics.X-CUBE-ISPU.1.1.0
2024-01-29 17:44:34,032 [WARN] ConditionMgr:438 - getConditionDescription Invalid condition id : UX DEVICE CLASS RTOS Condition cause : null
2024-01-29 17:44:34,032 [WARN] ConditionMgr:438 - getConditionDescription Invalid condition id : UX DEVICE CLASS RTOS Condition cause : null
2024-01-29 17:44:34,035 [WARN] PackLoader:240 - Cannot read IP mode file for STMicroelectronics.X-CUBE-AZRTOS-WB.2.0.0
2024-01-29 17:44:34,036 [WARN] ConditionMgr:1039 - genDependencies : Invalid condition id : UX DEVICE CLASS RTOS Condition cause : null
2024-01-29 17:44:34,036 [WARN] ConditionMgr:1039 - genDependencies : Invalid condition id : UX DEVICE CLASS RTOS Condition cause : null
2024-01-29 17:44:34,037 [WARN] ConditionMgr:1039 - genDependencies : Invalid condition id : UX DEVICE CLASS RTOS Condition cause : null
2024-01-29 17:44:34,037 [WARN] ConditionMgr:1039 - genDependencies : Invalid condition id : UX DEVICE CLASS RTOS Condition cause : null
2024-01-29 17:44:34,038 [WARN] ConditionMgr:1039 - genDependencies : Invalid condition id : UX DEVICE CLASS RTOS Condition cause : null
2024-01-29 17:44:34,069 [WARN] PackLoader:240 - Cannot read IP mode file for STMicroelectronics.X-CUBE-SUBG2.5.0.0
2024-01-29 17:44:34,115 [WARN] PackLoader:240 - Cannot read IP mode file for STMicroelectronics.X-CUBE-AZRTOS-G4.2.0.0
2024-01-29 17:44:34,156 [WARN] PackLoader:240 - Cannot read IP mode file for Infineon.AIROC-Wi-Fi-Bluetooth-STM32.1.5.1
2024-01-29 17:44:34,182 [WARN] PackLoader:240 - Cannot read IP mode file for STMicroelectronics.FP-SNS-MOTENVWB1.1.3.1
2024-01-29 17:44:34,204 [WARN] PackLoader:240 - Cannot read IP mode file for STMicroelectronics.X-CUBE-ISPU.2.0.0
2024-01-29 17:44:34,288 [WARN] PackLoader:240 - Cannot read IP mode file for STMicroelectronics.X-CUBE-MEMS1.10.0.0
2024-01-29 17:44:34,486 [WARN] PackLoader:240 - Cannot read IP mode file for STMicroelectronics.X-CUBE-FREERTOS.1.1.0
2024-01-29 17:44:34,507 [WARN] PackLoader:240 - Cannot read IP mode file for portGmbH.I-Cube-SoM-uGOAL.1.1.0
2024-01-29 17:44:34,525 [WARN] PackLoader:240 - Cannot read IP mode file for STMicroelectronics.X-CUBE-ALS.1.0.1
2024-01-29 17:44:34,545 [WARN] PackLoader:240 - Cannot read IP mode file for STMicroelectronics.FP-ATR-ASTRA1.2.0.0
2024-01-29 17:44:34,570 [WARN] PackLoader:240 - Cannot read IP mode file for STMicroelectronics.X-CUBE-TOF1.3.4.0
2024-01-29 17:44:34,615 [WARN] PackLoader:240 - Cannot read IP mode file for STMicroelectronics.X-CUBE-AZRTOS-H7.3.2.0
2024-01-29 17:44:34,621 [INFO] ThirdParty:978 - Integrity check success = true
2024-01-29 17:44:34,621 [INFO] IntegrityCheckThread:100 - exiting critical section [integrity check]
2024-01-29 17:44:34,621 [INFO] IntegrityCheckThread:103 - End integrity checks thread
2024-01-29 17:44:38,755 [ERROR] LogOutputStream:75 - [STDERR_REDIRECT] SLF4J: Failed to load class "org.slf4j.impl.StaticLoggerBinder".
2024-01-29 17:44:38,757 [ERROR] LogOutputStream:75 - [STDERR_REDIRECT] SLF4J: Defaulting to no-operation (NOP) logger implementation
2024-01-29 17:44:38,758 [ERROR] LogOutputStream:75 - [STDERR_REDIRECT] SLF4J: See http://www.slf4j.org/codes.html#StaticLoggerBinder for further details.
