2024-02-07 23:02:21,096 [INFO] Activator:176 - 


2024-02-07 23:02:21,102 [INFO] Activator:177 - !SESSION log4j initialized
2024-02-07 23:02:31,484 [INFO] LogOutputStream:77 - [STDOUT_REDIRECT] 
2024-02-07 23:02:32,906 [INFO] ApplicationProperties:184 - Using Application install path: C:\ST\STM32CubeIDE_1.13.2\STM32CubeIDE\plugins\com.st.stm32cube.common.mx_6.10.0.202311202037
2024-02-07 23:02:32,932 [INFO] DbMcusXml:78 - Set database path to: C:\ST\STM32CubeIDE_1.13.2\STM32CubeIDE\plugins\com.st.stm32cube.common.mx_6.10.0.202311202037\\db\/mcu/
2024-02-07 23:02:32,932 [INFO] ApiDb:274 - Set plugin database path to: C:\ST\STM32CubeIDE_1.13.2\STM32CubeIDE\plugins\com.st.stm32cube.common.mx_6.10.0.202311202037\\db\/plugins/boardmanager/
2024-02-07 23:02:32,933 [WARN] ApiDb:259 - Overriding images path with different value:  => C:\ST\STM32CubeIDE_1.13.2\STM32CubeIDE\plugins\com.st.stm32cube.common.mx_6.10.0.202311202037\\db\/plugins/mcufinder/images/
2024-02-07 23:02:32,948 [INFO] ApiDb:250 - Set database path to: C:\Users\aleja\.stmcufinder\plugins\mcufinder//mcu/
2024-02-07 23:02:32,950 [INFO] DbMcusAds:125 - Set database path to: C:\Users\aleja\.stmcufinder\plugins\mcufinder//mcu/
2024-02-07 23:02:32,952 [INFO] CrossReferenceDbSqlite:203 - Set database path to: C:\Users\aleja\.stmcufinder\plugins\mcufinder//mcu/cs/
2024-02-07 23:02:33,076 [INFO] RulesReader:64 - Compatibility file has been processed (297 Rules)
2024-02-07 23:02:33,160 [INFO] DbMcusXml:78 - Set database path to: C:\ST\STM32CubeIDE_1.13.2\STM32CubeIDE\plugins\com.st.stm32cube.common.mx_6.10.0.202311202037\\db\/mcu/
2024-02-07 23:02:33,160 [INFO] ApiDb:274 - Set plugin database path to: C:\ST\STM32CubeIDE_1.13.2\STM32CubeIDE\plugins\com.st.stm32cube.common.mx_6.10.0.202311202037\\db\/plugins/boardmanager/
2024-02-07 23:02:33,160 [INFO] ApiDb:261 - Set plugin images path to: C:\ST\STM32CubeIDE_1.13.2\STM32CubeIDE\plugins\com.st.stm32cube.common.mx_6.10.0.202311202037\\db\/plugins/mcufinder/images/
2024-02-07 23:02:33,160 [WARN] DbFile:41 - Overriding database path with different value: C:\Users\aleja\.stmcufinder\plugins\mcufinder/ => C:\Users\aleja\.stmcufinder\plugins\mcufinder
2024-02-07 23:02:33,160 [INFO] ApiDb:250 - Set database path to: C:\Users\aleja\.stmcufinder\plugins\mcufinder//mcu/
2024-02-07 23:02:33,160 [WARN] DbFile:41 - Overriding database path with different value: C:\Users\aleja\.stmcufinder\plugins\mcufinder/ => C:\Users\aleja\.stmcufinder\plugins\mcufinder
2024-02-07 23:02:33,160 [INFO] DbMcusAds:125 - Set database path to: C:\Users\aleja\.stmcufinder\plugins\mcufinder//mcu/
2024-02-07 23:02:33,161 [WARN] DbFile:41 - Overriding database path with different value: C:\Users\aleja\.stmcufinder\plugins\mcufinder/ => C:\Users\aleja\.stmcufinder\plugins\mcufinder
2024-02-07 23:02:33,161 [WARN] DbFile:41 - Overriding database path with different value: C:\Users\aleja\.stmcufinder\plugins\mcufinder/ => C:\Users\aleja\.stmcufinder\plugins\mcufinder
2024-02-07 23:02:33,161 [INFO] CrossReferenceDbSqlite:203 - Set database path to: C:\Users\aleja\.stmcufinder\plugins\mcufinder//mcu/cs/
2024-02-07 23:02:33,253 [INFO] MainPanel:264 - HeapMemory: 268435456
2024-02-07 23:02:33,347 [INFO] DbMcusXml:78 - Set database path to: C:\ST\STM32CubeIDE_1.13.2\STM32CubeIDE\plugins\com.st.stm32cube.common.mx_6.10.0.202311202037\\db\/mcu/
2024-02-07 23:02:33,347 [INFO] ApiDb:274 - Set plugin database path to: C:\ST\STM32CubeIDE_1.13.2\STM32CubeIDE\plugins\com.st.stm32cube.common.mx_6.10.0.202311202037\\db\/plugins/boardmanager/
2024-02-07 23:02:33,347 [INFO] ApiDb:261 - Set plugin images path to: C:\ST\STM32CubeIDE_1.13.2\STM32CubeIDE\plugins\com.st.stm32cube.common.mx_6.10.0.202311202037\\db\/plugins/mcufinder/images/
2024-02-07 23:02:33,348 [WARN] DbFile:41 - Overriding database path with different value: C:\Users\aleja\.stmcufinder\plugins\mcufinder/ => C:\Users\aleja\.stmcufinder\plugins\mcufinder
2024-02-07 23:02:33,348 [INFO] ApiDb:250 - Set database path to: C:\Users\aleja\.stmcufinder\plugins\mcufinder//mcu/
2024-02-07 23:02:33,348 [WARN] DbFile:41 - Overriding database path with different value: C:\Users\aleja\.stmcufinder\plugins\mcufinder/ => C:\Users\aleja\.stmcufinder\plugins\mcufinder
2024-02-07 23:02:33,348 [INFO] DbMcusAds:125 - Set database path to: C:\Users\aleja\.stmcufinder\plugins\mcufinder//mcu/
2024-02-07 23:02:33,348 [WARN] DbFile:41 - Overriding database path with different value: C:\Users\aleja\.stmcufinder\plugins\mcufinder/ => C:\Users\aleja\.stmcufinder\plugins\mcufinder
2024-02-07 23:02:33,348 [WARN] DbFile:41 - Overriding database path with different value: C:\Users\aleja\.stmcufinder\plugins\mcufinder/ => C:\Users\aleja\.stmcufinder\plugins\mcufinder
2024-02-07 23:02:33,348 [INFO] CrossReferenceDbSqlite:203 - Set database path to: C:\Users\aleja\.stmcufinder\plugins\mcufinder//mcu/cs/
2024-02-07 23:02:33,367 [INFO] ApplicationProperties:184 - Using Application install path: C:\ST\STM32CubeIDE_1.13.2\STM32CubeIDE\plugins\com.st.stm32cube.common.mx_6.10.0.202311202037
2024-02-07 23:02:33,368 [INFO] PluginManage:196 - Search for loadable plugins [exclusion list=, ]
2024-02-07 23:02:33,370 [INFO] PluginManage:310 - Check plugin analytics
2024-02-07 23:02:33,559 [INFO] AnalyticsPlugin:253 - Accepted Software Licenses: 
2024-02-07 23:02:33,560 [INFO] AnalyticsPlugin:255 - Accepted CMSIS Pack Licenses: 
2024-02-07 23:02:33,560 [INFO] AnalyticsPlugin:257 - Accepted Firmware Licenses: 
2024-02-07 23:02:33,565 [INFO] PluginManage:359 - Loaded plugin analytics (category:tool,tabindex:-1)
2024-02-07 23:02:33,567 [INFO] PluginManage:310 - Check plugin cadmodel
2024-02-07 23:02:33,584 [INFO] CADModel:105 - Init CAD model plugin
2024-02-07 23:02:33,584 [INFO] PluginManage:359 - Loaded plugin cadmodel (category:power,tabindex:5)
2024-02-07 23:02:33,584 [INFO] PluginManage:310 - Check plugin clock
2024-02-07 23:02:33,613 [INFO] PluginManage:359 - Loaded plugin clock (category:base,tabindex:2)
2024-02-07 23:02:33,614 [INFO] PluginManage:310 - Check plugin ddr
2024-02-07 23:02:33,621 [INFO] PluginManage:359 - Loaded plugin ddr (category:tool,tabindex:6)
2024-02-07 23:02:33,621 [INFO] PluginManage:310 - Check plugin filemanager
2024-02-07 23:02:33,780 [INFO] PluginManage:359 - Loaded plugin filemanager (category:base,tabindex:10)
2024-02-07 23:02:33,781 [INFO] PluginManage:310 - Check plugin ipmanager
2024-02-07 23:02:33,787 [INFO] PluginManage:359 - Loaded plugin ipmanager (category:base,tabindex:5)
2024-02-07 23:02:33,788 [INFO] PluginManage:310 - Check plugin lpbam
2024-02-07 23:02:33,807 [INFO] PluginManage:359 - Loaded plugin lpbam (category:base,tabindex:0)
2024-02-07 23:02:33,808 [INFO] PluginManage:310 - Check plugin memorymap
2024-02-07 23:02:33,832 [INFO] PluginManage:359 - Loaded plugin memorymap (category:base,tabindex:4)
2024-02-07 23:02:33,832 [INFO] PluginManage:310 - Check plugin pinoutandconfiguration
2024-02-07 23:02:33,849 [INFO] PluginManage:359 - Loaded plugin pinoutandconfiguration (category:base,tabindex:1)
2024-02-07 23:02:33,849 [INFO] PluginManage:310 - Check plugin pinoutconfig
2024-02-07 23:02:33,942 [WARN] SupportedApi:132 - Cannot load RTOS API schema: s4s-elt-must-match.1: The content of 'definitions' must match (annotation?, (simpleType | complexType)?, (unique | key | keyref)*)). A problem was found starting at: attribute.
2024-02-07 23:02:34,067 [INFO] PluginManage:359 - Loaded plugin pinoutconfig (category:base,tabindex:0)
2024-02-07 23:02:34,067 [INFO] PluginManage:310 - Check plugin power
2024-02-07 23:02:34,092 [INFO] PluginManage:359 - Loaded plugin power (category:power,tabindex:4)
2024-02-07 23:02:34,092 [INFO] PluginManage:310 - Check plugin projectmanager
2024-02-07 23:02:34,107 [INFO] PluginManage:359 - Loaded plugin projectmanager (category:projectmanager,tabindex:3)
2024-02-07 23:02:34,107 [INFO] PluginManage:310 - Check plugin thirdparty
2024-02-07 23:02:34,448 [INFO] PluginManage:359 - Loaded plugin thirdparty (category:base,tabindex:-1)
2024-02-07 23:02:34,449 [INFO] PluginManage:310 - Check plugin tools
2024-02-07 23:02:34,448 [WARN] IntegrityCheckThread:84 - waiting for thirdparty lock release [integrity check]
2024-02-07 23:02:34,449 [INFO] IntegrityCheckThread:86 - entering critical section [integrity check]
2024-02-07 23:02:34,450 [INFO] ThirdPartyUpdaterWithRetryManager:70 - Updater plugin not ready yet. [1/15]
2024-02-07 23:02:34,491 [INFO] PluginManage:359 - Loaded plugin tools (category:base,tabindex:7)
2024-02-07 23:02:34,491 [INFO] PluginManage:310 - Check plugin tutovideos
2024-02-07 23:02:34,724 [INFO] PluginManage:359 - Loaded plugin tutovideos (category:base,tabindex:-1)
2024-02-07 23:02:34,724 [INFO] PluginManage:310 - Check plugin updater
2024-02-07 23:02:34,738 [INFO] PluginManage:359 - Loaded plugin updater (category:base,tabindex:12)
2024-02-07 23:02:34,738 [INFO] PluginManage:310 - Check plugin userauth
2024-02-07 23:02:34,745 [INFO] UserAuth:114 - Init User Auth plugin
2024-02-07 23:02:34,745 [INFO] PluginManage:359 - Loaded plugin userauth (category:base,tabindex:14)
2024-02-07 23:02:34,746 [INFO] PluginManage:283 - PluginManage : Loaded plugins [17]
2024-02-07 23:02:34,986 [INFO] PinOutPanel:1499 - setPackage(No Configuration,No Configuration)
2024-02-07 23:02:35,054 [INFO] CADModel:165 - CPN selected for project level
2024-02-07 23:02:35,054 [INFO] CADModel:114 - Register for checkConnection events
2024-02-07 23:02:35,081 [INFO] IPUIPlugin:80 - create IPUIPlugin
2024-02-07 23:02:35,081 [INFO] PluginManager:220 - loadIPPluginJar : add adc
2024-02-07 23:02:35,114 [INFO] IPUIPlugin:80 - create IPUIPlugin
2024-02-07 23:02:35,114 [INFO] PluginManager:220 - loadIPPluginJar : add aes
2024-02-07 23:02:35,156 [INFO] IPUIPlugin:80 - create IPUIPlugin
2024-02-07 23:02:35,156 [INFO] PluginManager:220 - loadIPPluginJar : add can
2024-02-07 23:02:35,177 [INFO] IPUIPlugin:80 - create IPUIPlugin
2024-02-07 23:02:35,178 [INFO] PluginManager:220 - loadIPPluginJar : add comp
2024-02-07 23:02:35,206 [INFO] IPUIPlugin:80 - create IPUIPlugin
2024-02-07 23:02:35,206 [INFO] PluginManager:220 - loadIPPluginJar : add cryp
2024-02-07 23:02:35,234 [INFO] IPUIPlugin:80 - create IPUIPlugin
2024-02-07 23:02:35,234 [INFO] PluginManager:220 - loadIPPluginJar : add dfsdm
2024-02-07 23:02:35,249 [INFO] IPUIPlugin:80 - create IPUIPlugin
2024-02-07 23:02:35,250 [INFO] PluginManager:220 - loadIPPluginJar : add dma
2024-02-07 23:02:35,290 [INFO] IPUIPlugin:80 - create IPUIPlugin
2024-02-07 23:02:35,290 [INFO] PluginManager:220 - loadIPPluginJar : add dma3
2024-02-07 23:02:35,314 [INFO] IPUIPlugin:80 - create IPUIPlugin
2024-02-07 23:02:35,314 [INFO] PluginManager:220 - loadIPPluginJar : add fatfs
2024-02-07 23:02:35,357 [INFO] IPUIPlugin:80 - create IPUIPlugin
2024-02-07 23:02:35,357 [INFO] PluginManager:220 - loadIPPluginJar : add fmc
2024-02-07 23:02:35,446 [INFO] IPUIPlugin:80 - create IPUIPlugin
2024-02-07 23:02:35,446 [INFO] PluginManager:220 - loadIPPluginJar : add freertos
2024-02-07 23:02:35,474 [INFO] IPUIPlugin:80 - create IPUIPlugin
2024-02-07 23:02:35,474 [INFO] PluginManager:220 - loadIPPluginJar : add genericplugin
2024-02-07 23:02:35,570 [INFO] IPUIPlugin:80 - create IPUIPlugin
2024-02-07 23:02:35,570 [INFO] PluginManager:220 - loadIPPluginJar : add gfxmmu
2024-02-07 23:02:35,711 [INFO] IPUIPlugin:80 - create IPUIPlugin
2024-02-07 23:02:35,711 [INFO] PluginManager:220 - loadIPPluginJar : add gic
2024-02-07 23:02:35,727 [INFO] IPUIPlugin:80 - create IPUIPlugin
2024-02-07 23:02:35,727 [INFO] PluginManager:220 - loadIPPluginJar : add gpio
2024-02-07 23:02:35,827 [INFO] IPUIPlugin:80 - create IPUIPlugin
2024-02-07 23:02:35,827 [INFO] PluginManager:220 - loadIPPluginJar : add gtzc
2024-02-07 23:02:35,863 [INFO] IPUIPlugin:80 - create IPUIPlugin
2024-02-07 23:02:35,863 [INFO] PluginManager:220 - loadIPPluginJar : add hash
2024-02-07 23:02:35,913 [INFO] IPUIPlugin:80 - create IPUIPlugin
2024-02-07 23:02:35,913 [INFO] PluginManager:220 - loadIPPluginJar : add i2c
2024-02-07 23:02:35,948 [INFO] IPUIPlugin:80 - create IPUIPlugin
2024-02-07 23:02:35,948 [INFO] PluginManager:220 - loadIPPluginJar : add i2s
2024-02-07 23:02:35,991 [INFO] IPUIPlugin:80 - create IPUIPlugin
2024-02-07 23:02:35,991 [INFO] PluginManager:220 - loadIPPluginJar : add i3c
2024-02-07 23:02:36,082 [INFO] IPUIPlugin:80 - create IPUIPlugin
2024-02-07 23:02:36,083 [INFO] PluginManager:220 - loadIPPluginJar : add ipddr
2024-02-07 23:02:36,164 [INFO] IPUIPlugin:80 - create IPUIPlugin
2024-02-07 23:02:36,165 [INFO] PluginManager:220 - loadIPPluginJar : add linkedlist
2024-02-07 23:02:36,202 [INFO] IPUIPlugin:80 - create IPUIPlugin
2024-02-07 23:02:36,202 [INFO] PluginManager:220 - loadIPPluginJar : add lorawan
2024-02-07 23:02:36,235 [INFO] IPUIPlugin:80 - create IPUIPlugin
2024-02-07 23:02:36,235 [INFO] PluginManager:220 - loadIPPluginJar : add ltdc
2024-02-07 23:02:36,250 [INFO] IPUIPlugin:80 - create IPUIPlugin
2024-02-07 23:02:36,251 [INFO] PluginManager:220 - loadIPPluginJar : add mdma
2024-02-07 23:02:36,263 [INFO] IPUIPlugin:80 - create IPUIPlugin
2024-02-07 23:02:36,263 [INFO] PluginManager:220 - loadIPPluginJar : add nvic
2024-02-07 23:02:36,296 [INFO] IPUIPlugin:80 - create IPUIPlugin
2024-02-07 23:02:36,296 [INFO] PluginManager:220 - loadIPPluginJar : add opamp
2024-02-07 23:02:36,350 [INFO] IPUIPlugin:80 - create IPUIPlugin
2024-02-07 23:02:36,350 [INFO] PluginManager:220 - loadIPPluginJar : add openamp
2024-02-07 23:02:36,390 [INFO] IPUIPlugin:80 - create IPUIPlugin
2024-02-07 23:02:36,390 [INFO] PluginManager:220 - loadIPPluginJar : add pdm2pcm
2024-02-07 23:02:36,404 [INFO] IPUIPlugin:80 - create IPUIPlugin
2024-02-07 23:02:36,406 [INFO] PluginManager:220 - loadIPPluginJar : add plateformsettings
2024-02-07 23:02:36,428 [INFO] IPUIPlugin:80 - create IPUIPlugin
2024-02-07 23:02:36,428 [INFO] PluginManager:220 - loadIPPluginJar : add quadspi
2024-02-07 23:02:36,444 [INFO] IPUIPlugin:80 - create IPUIPlugin
2024-02-07 23:02:36,444 [INFO] PluginManager:220 - loadIPPluginJar : add resmgrutility
2024-02-07 23:02:36,488 [INFO] IPUIPlugin:80 - create IPUIPlugin
2024-02-07 23:02:36,488 [INFO] PluginManager:220 - loadIPPluginJar : add sai
2024-02-07 23:02:36,540 [INFO] IPUIPlugin:80 - create IPUIPlugin
2024-02-07 23:02:36,540 [INFO] PluginManager:220 - loadIPPluginJar : add spi
2024-02-07 23:02:36,613 [INFO] IPUIPlugin:80 - create IPUIPlugin
2024-02-07 23:02:36,613 [INFO] PluginManager:220 - loadIPPluginJar : add stm32_wpan
2024-02-07 23:02:36,641 [INFO] IPUIPlugin:80 - create IPUIPlugin
2024-02-07 23:02:36,641 [INFO] PluginManager:220 - loadIPPluginJar : add tim
2024-02-07 23:02:36,696 [INFO] IPUIPlugin:80 - create IPUIPlugin
2024-02-07 23:02:36,696 [INFO] PluginManager:220 - loadIPPluginJar : add touchsensing
2024-02-07 23:02:36,717 [INFO] IPUIPlugin:80 - create IPUIPlugin
2024-02-07 23:02:36,717 [INFO] PluginManager:220 - loadIPPluginJar : add tracer_emb
2024-02-07 23:02:36,740 [INFO] IPUIPlugin:80 - create IPUIPlugin
2024-02-07 23:02:36,740 [INFO] PluginManager:220 - loadIPPluginJar : add ts
2024-02-07 23:02:36,762 [INFO] IPUIPlugin:80 - create IPUIPlugin
2024-02-07 23:02:36,762 [INFO] PluginManager:220 - loadIPPluginJar : add tsc
2024-02-07 23:02:36,786 [INFO] IPUIPlugin:80 - create IPUIPlugin
2024-02-07 23:02:36,786 [INFO] PluginManager:220 - loadIPPluginJar : add ucpd
2024-02-07 23:02:36,830 [INFO] IPUIPlugin:80 - create IPUIPlugin
2024-02-07 23:02:36,831 [INFO] PluginManager:220 - loadIPPluginJar : add usart
2024-02-07 23:02:36,873 [INFO] IPUIPlugin:80 - create IPUIPlugin
2024-02-07 23:02:36,873 [INFO] PluginManager:220 - loadIPPluginJar : add usbx
2024-02-07 23:02:37,000 [INFO] CADModel:165 - CPN selected for project level
2024-02-07 23:02:37,001 [INFO] CADModel:114 - Register for checkConnection events
2024-02-07 23:02:37,001 [FATAL] Updater:308 - Updater called before beeing initialized
2024-02-07 23:02:37,001 [ERROR] CADModel:125 - Updater not yet initialized, retry later 
2024-02-07 23:02:37,154 [INFO] CADModel:165 - CPN selected for project level
2024-02-07 23:02:37,154 [INFO] CADModel:114 - Register for checkConnection events
2024-02-07 23:02:37,154 [FATAL] Updater:308 - Updater called before beeing initialized
2024-02-07 23:02:37,154 [ERROR] CADModel:125 - Updater not yet initialized, retry later 
2024-02-07 23:02:37,157 [FATAL] Updater:308 - Updater called before beeing initialized
2024-02-07 23:02:37,267 [FATAL] Updater:308 - Updater called before beeing initialized
2024-02-07 23:02:37,276 [INFO] DbMcusAds:53 - JSON generation date=Wed Nov 29 11:52:27 CET 2023 (1701255147200)
2024-02-07 23:02:37,277 [FATAL] Updater:308 - Updater called before beeing initialized
2024-02-07 23:02:37,309 [WARN] DetailPanel:346 - Failed to get advertising image, set to default
2024-02-07 23:02:37,389 [FATAL] Updater:308 - Updater called before beeing initialized
2024-02-07 23:02:37,391 [FATAL] Updater:308 - Updater called before beeing initialized
2024-02-07 23:02:37,391 [FATAL] Updater:308 - Updater called before beeing initialized
2024-02-07 23:02:37,391 [WARN] DetailPanel:346 - Failed to get advertising image, set to default
2024-02-07 23:02:37,392 [FATAL] Updater:308 - Updater called before beeing initialized
2024-02-07 23:02:37,450 [INFO] ThirdPartyUpdaterWithRetryManager:70 - Updater plugin not ready yet. [2/15]
2024-02-07 23:02:37,462 [ERROR] Updater:1120 - MainUpdater not yet initialized. External WinMGr cannot be set.
2024-02-07 23:02:37,472 [INFO] Updater:1056 - Updater Version found : 6.10.0
2024-02-07 23:02:37,493 [INFO] ApplicationProperties:184 - Using Application install path: C:\ST\STM32CubeIDE_1.13.2\STM32CubeIDE\plugins\com.st.stm32cube.common.mx_6.10.0.202311202037
2024-02-07 23:02:39,089 [ERROR] LogOutputStream:75 - [STDERR_REDIRECT] Feb 07, 2024 11:02:39 PM java.util.prefs.WindowsPreferences <init>
2024-02-07 23:02:39,091 [ERROR] LogOutputStream:75 - [STDERR_REDIRECT] WARNING: Could not open/create prefs root node Software\JavaSoft\Prefs at root 0xffffffff80000002. Windows RegCreateKeyEx(...) returned error code 5.
2024-02-07 23:02:39,091 [ERROR] LogOutputStream:75 - [STDERR_REDIRECT] 
2024-02-07 23:02:39,647 [INFO] MainUpdater:2873 - connection check result : 10
2024-02-07 23:02:39,648 [INFO] MainUpdater:290 - Updater Check For Update Now.
2024-02-07 23:02:39,648 [INFO] MicroXplorer:498 - Change Database Version : DB.6.0.100
2024-02-07 23:02:39,670 [INFO] McuFinderGlobals:63 - Set McuFinder mode to 2 (CubeIDE integrated)
2024-02-07 23:02:39,707 [INFO] UserAuth:404 - Internet connection configuration mode: 1
2024-02-07 23:02:39,762 [INFO] JxBrowserEngine:152 - Initiate JxBrowser Engine with user profile folder
2024-02-07 23:02:39,881 [INFO] CheckServerUpdateThread:120 - End of CheckServer Thread
2024-02-07 23:02:40,675 [WARN] PackLoader:240 - Cannot read IP mode file for STMicroelectronics.X-CUBE-SMBUS.2.1.0
2024-02-07 23:02:40,693 [WARN] PackLoader:240 - Cannot read IP mode file for STMicroelectronics.X-CUBE-TOUCHGFX.4.23.0
2024-02-07 23:02:40,746 [WARN] PackLoader:240 - Cannot read IP mode file for STMicroelectronics.X-CUBE-AZRTOS-F7.1.1.0
2024-02-07 23:02:40,778 [WARN] PackLoader:240 - Cannot read IP mode file for STMicroelectronics.FP-SNS-MOTENV1.4.3.2
2024-02-07 23:02:40,795 [WARN] PackLoader:240 - Cannot read IP mode file for STMicroelectronics.FP-SNS-FLIGHT1.5.0.2
2024-02-07 23:02:40,810 [WARN] PackLoader:240 - Cannot read IP mode file for STMicroelectronics.X-CUBE-DISPLAY.3.0.0
2024-02-07 23:02:40,831 [WARN] PackLoader:240 - Cannot read IP mode file for STMicroelectronics.X-CUBE-BLE1.7.0.0
2024-02-07 23:02:40,844 [WARN] PackLoader:240 - Cannot read IP mode file for emotas.I-CUBE-CANOPEN.1.3.0
2024-02-07 23:02:40,856 [WARN] PackLoader:240 - Cannot read IP mode file for STMicroelectronics.X-CUBE-TOUCHGFX.4.22.1
2024-02-07 23:02:40,868 [WARN] PackLoader:240 - Cannot read IP mode file for STMicroelectronics.FP-SNS-SMARTAG2.1.2.0
2024-02-07 23:02:40,886 [INFO] LogOutputStream:77 - [STDOUT_REDIRECT] 1 : Invalid condition id : UX_CORESTACK_Condition cause : null
2024-02-07 23:02:40,887 [INFO] LogOutputStream:77 - [STDOUT_REDIRECT] 1 : Invalid condition id : UX_CORESTACK_Condition cause : null
2024-02-07 23:02:40,889 [INFO] LogOutputStream:77 - [STDOUT_REDIRECT] 1 : Invalid condition id : UX_CORESTACK_Condition cause : null
2024-02-07 23:02:40,890 [INFO] LogOutputStream:77 - [STDOUT_REDIRECT] 1 : Invalid condition id : UX_CORESTACK_Condition cause : null
2024-02-07 23:02:40,892 [INFO] LogOutputStream:77 - [STDOUT_REDIRECT] 1 : Invalid condition id : UX_CORESTACK_Condition cause : null
2024-02-07 23:02:40,895 [WARN] PackLoader:240 - Cannot read IP mode file for STMicroelectronics.X-CUBE-AZRTOS-WL.2.0.0
2024-02-07 23:02:40,922 [WARN] PackLoader:240 - Cannot read IP mode file for WES.I-CUBE-Cesium.1.3.0
2024-02-07 23:02:40,937 [WARN] PackLoader:240 - Cannot read IP mode file for STMicroelectronics.X-CUBE-BLE2.3.3.0
2024-02-07 23:02:40,951 [WARN] PackLoader:240 - Cannot read IP mode file for STMicroelectronics.X-CUBE-ALGOBUILD.1.3.0
2024-02-07 23:02:40,979 [WARN] PackLoader:240 - Cannot read IP mode file for STMicroelectronics.X-CUBE-AZRTOS-G0.1.1.0
2024-02-07 23:02:40,997 [WARN] PackLoader:240 - Cannot read IP mode file for STMicroelectronics.X-CUBE-NFC4.3.0.0
2024-02-07 23:02:41,015 [WARN] PackLoader:240 - Cannot read IP mode file for STMicroelectronics.X-CUBE-BLEMGR.3.0.0
2024-02-07 23:02:41,028 [WARN] PackLoader:240 - Cannot read IP mode file for STMicroelectronics.FP-ATR-SIGFOX1.3.2.0
2024-02-07 23:02:41,043 [WARN] PackLoader:240 - Cannot read IP mode file for STMicroelectronics.X-CUBE-EEPRMA1.5.1.0
2024-02-07 23:02:41,079 [WARN] PackLoader:240 - Cannot read IP mode file for SEGGER.I-CUBE-embOS.1.3.1
2024-02-07 23:02:41,120 [WARN] PackLoader:240 - Cannot read IP mode file for STMicroelectronics.X-CUBE-GNSS1.6.0.0
2024-02-07 23:02:41,146 [WARN] PackLoader:240 - Cannot read IP mode file for STMicroelectronics.X-CUBE-AZRTOS-F4.1.1.0
2024-02-07 23:02:41,161 [WARN] PackLoader:240 - Cannot read IP mode file for wolfSSL.I-CUBE-wolfSSL.5.6.4
2024-02-07 23:02:41,194 [WARN] PackLoader:240 - Cannot read IP mode file for STMicroelectronics.X-CUBE-AZRTOS-L5.2.0.0
2024-02-07 23:02:41,216 [WARN] PackLoader:240 - Cannot read IP mode file for STMicroelectronics.X-CUBE-EEPRMA1.4.2.0
2024-02-07 23:02:41,228 [WARN] PackLoader:240 - Cannot read IP mode file for ITTIA_DB.I-CUBE-ITTIADB.8.8.0
2024-02-07 23:02:41,262 [WARN] ConditionMgr:438 - getConditionDescription Invalid condition id : UX DEVICE CLASS RTOS Condition cause : null
2024-02-07 23:02:41,262 [WARN] ConditionMgr:438 - getConditionDescription Invalid condition id : UX DEVICE CLASS RTOS Condition cause : null
2024-02-07 23:02:41,264 [WARN] PackLoader:240 - Cannot read IP mode file for STMicroelectronics.X-CUBE-AZRTOS-H7.3.1.0
2024-02-07 23:02:41,265 [WARN] ConditionMgr:1039 - genDependencies : Invalid condition id : UX DEVICE CLASS RTOS Condition cause : null
2024-02-07 23:02:41,265 [WARN] ConditionMgr:1039 - genDependencies : Invalid condition id : UX DEVICE CLASS RTOS Condition cause : null
2024-02-07 23:02:41,265 [WARN] ConditionMgr:1039 - genDependencies : Invalid condition id : UX DEVICE CLASS RTOS Condition cause : null
2024-02-07 23:02:41,265 [WARN] ConditionMgr:1039 - genDependencies : Invalid condition id : UX DEVICE CLASS RTOS Condition cause : null
2024-02-07 23:02:41,265 [WARN] ConditionMgr:1039 - genDependencies : Invalid condition id : UX DEVICE CLASS RTOS Condition cause : null
2024-02-07 23:02:41,280 [WARN] PackLoader:240 - Cannot read IP mode file for STMicroelectronics.X-CUBE-NFC7.1.0.1
2024-02-07 23:02:41,295 [WARN] PackLoader:240 - Cannot read IP mode file for STMicroelectronics.X-CUBE-NFC6.3.0.0
2024-02-07 23:02:41,308 [WARN] PackLoader:240 - Cannot read IP mode file for STMicroelectronics.X-CUBE-AI.8.1.0
2024-02-07 23:02:41,336 [WARN] ConditionMgr:438 - getConditionDescription Invalid condition id : LAN8742 Phy interface Condition cause : null
2024-02-07 23:02:41,337 [WARN] PackLoader:240 - Cannot read IP mode file for STMicroelectronics.X-CUBE-AZRTOS-L4.2.0.0
2024-02-07 23:02:41,338 [WARN] ConditionMgr:1039 - genDependencies : Invalid condition id : LAN8742 Phy interface Condition cause : null
2024-02-07 23:02:41,339 [WARN] ConditionMgr:1039 - genDependencies : Invalid condition id : LAN8742 Phy interface Condition cause : null
2024-02-07 23:02:41,339 [WARN] ConditionMgr:1039 - genDependencies : Invalid condition id : LAN8742 Phy interface Condition cause : null
2024-02-07 23:02:41,359 [WARN] PackLoader:240 - Cannot read IP mode file for STMicroelectronics.X-CUBE-SFXS2LP1.4.0.0
2024-02-07 23:02:41,373 [WARN] PackLoader:240 - Cannot read IP mode file for STMicroelectronics.X-CUBE-ISPU.1.1.0
2024-02-07 23:02:41,398 [WARN] ConditionMgr:438 - getConditionDescription Invalid condition id : UX DEVICE CLASS RTOS Condition cause : null
2024-02-07 23:02:41,398 [WARN] ConditionMgr:438 - getConditionDescription Invalid condition id : UX DEVICE CLASS RTOS Condition cause : null
2024-02-07 23:02:41,400 [WARN] PackLoader:240 - Cannot read IP mode file for STMicroelectronics.X-CUBE-AZRTOS-WB.2.0.0
2024-02-07 23:02:41,401 [WARN] ConditionMgr:1039 - genDependencies : Invalid condition id : UX DEVICE CLASS RTOS Condition cause : null
2024-02-07 23:02:41,401 [WARN] ConditionMgr:1039 - genDependencies : Invalid condition id : UX DEVICE CLASS RTOS Condition cause : null
2024-02-07 23:02:41,402 [WARN] ConditionMgr:1039 - genDependencies : Invalid condition id : UX DEVICE CLASS RTOS Condition cause : null
2024-02-07 23:02:41,402 [WARN] ConditionMgr:1039 - genDependencies : Invalid condition id : UX DEVICE CLASS RTOS Condition cause : null
2024-02-07 23:02:41,402 [WARN] ConditionMgr:1039 - genDependencies : Invalid condition id : UX DEVICE CLASS RTOS Condition cause : null
2024-02-07 23:02:41,423 [WARN] PackLoader:240 - Cannot read IP mode file for STMicroelectronics.X-CUBE-SUBG2.5.0.0
2024-02-07 23:02:41,450 [WARN] PackLoader:240 - Cannot read IP mode file for STMicroelectronics.X-CUBE-AZRTOS-G4.2.0.0
2024-02-07 23:02:41,472 [WARN] PackLoader:240 - Cannot read IP mode file for Infineon.AIROC-Wi-Fi-Bluetooth-STM32.1.5.1
2024-02-07 23:02:41,486 [WARN] PackLoader:240 - Cannot read IP mode file for STMicroelectronics.FP-SNS-MOTENVWB1.1.3.1
2024-02-07 23:02:41,498 [WARN] PackLoader:240 - Cannot read IP mode file for STMicroelectronics.X-CUBE-ISPU.2.0.0
2024-02-07 23:02:41,540 [WARN] PackLoader:240 - Cannot read IP mode file for STMicroelectronics.X-CUBE-MEMS1.10.0.0
2024-02-07 23:02:41,754 [WARN] PackLoader:240 - Cannot read IP mode file for STMicroelectronics.X-CUBE-FREERTOS.1.1.0
2024-02-07 23:02:41,768 [WARN] PackLoader:240 - Cannot read IP mode file for portGmbH.I-Cube-SoM-uGOAL.1.1.0
2024-02-07 23:02:41,782 [WARN] PackLoader:240 - Cannot read IP mode file for STMicroelectronics.X-CUBE-ALS.1.0.1
2024-02-07 23:02:41,796 [WARN] PackLoader:240 - Cannot read IP mode file for STMicroelectronics.FP-ATR-ASTRA1.2.0.0
2024-02-07 23:02:41,814 [WARN] PackLoader:240 - Cannot read IP mode file for STMicroelectronics.X-CUBE-TOF1.3.4.0
2024-02-07 23:02:41,851 [WARN] PackLoader:240 - Cannot read IP mode file for STMicroelectronics.X-CUBE-AZRTOS-H7.3.2.0
2024-02-07 23:02:41,854 [INFO] ThirdParty:978 - Integrity check success = true
2024-02-07 23:02:41,854 [INFO] IntegrityCheckThread:100 - exiting critical section [integrity check]
2024-02-07 23:02:41,854 [INFO] IntegrityCheckThread:103 - End integrity checks thread
2024-02-07 23:02:43,130 [INFO] WebApp:161 - Instantiating new browser for Auth
2024-02-07 23:02:43,793 [INFO] WebApp:780 - Register for checkConnection events
2024-02-07 23:02:43,793 [INFO] WebApp:414 - Apply proxy settings
2024-02-07 23:02:43,793 [INFO] WebApp:499 - Chromium requires no authentication
2024-02-07 23:02:43,802 [INFO] WebApp:442 - Direct internet connection detected
2024-02-07 23:02:43,943 [INFO] WebApp:192 - Starting web application
2024-02-07 23:02:43,943 [INFO] WebApp:544 - Web application path used C:\ST\STM32CubeIDE_1.13.2\STM32CubeIDE\plugins\com.st.stm32cube.common.mx_6.10.0.202311202037\db\plugins\mcufinder\reactClient1\index.html
2024-02-07 23:02:52,733 [ERROR] LogOutputStream:75 - [STDERR_REDIRECT] SLF4J: Failed to load class "org.slf4j.impl.StaticLoggerBinder".
2024-02-07 23:02:52,734 [ERROR] LogOutputStream:75 - [STDERR_REDIRECT] SLF4J: Defaulting to no-operation (NOP) logger implementation
2024-02-07 23:02:52,734 [ERROR] LogOutputStream:75 - [STDERR_REDIRECT] SLF4J: See http://www.slf4j.org/codes.html#StaticLoggerBinder for further details.
