2024-02-02 00:02:40,065 [INFO] UtilMem:75 - End SaveConfig() Used Memory: 366073176 Bytes (783286272)
2024-02-02 00:02:40,199 [INFO] UtilMem:75 - End SaveConfig() Used Memory: 376862424 Bytes (783286272)
2024-02-02 00:02:40,303 [INFO] UtilMem:75 - End SaveConfig() Used Memory: 391424960 Bytes (783286272)
2024-02-02 00:02:40,875 [INFO] BlockDiagram:2759 - set Specific Code input for plugin: ADC
2024-02-02 00:02:40,875 [INFO] BlockDiagram:2759 - set Specific Code input for plugin: NVIC
2024-02-02 00:02:40,876 [INFO] BlockDiagram:2759 - set Specific Code input for plugin: DMA
2024-02-02 00:02:40,876 [INFO] BlockDiagram:2759 - set Specific Code input for plugin: TIM1_8F0
2024-02-02 00:02:40,876 [INFO] BlockDiagram:2759 - set Specific Code input for plugin: SYS
2024-02-02 00:02:40,876 [INFO] BlockDiagram:2759 - set Specific Code input for plugin: GPIO
2024-02-02 00:02:40,876 [INFO] BlockDiagram:2759 - set Specific Code input for plugin: CAN
2024-02-02 00:02:40,876 [INFO] BlockDiagram:2759 - set Specific Code input for plugin: RCC
2024-02-02 00:02:40,877 [INFO] CodeGenerator:807 - code generatio: config db path: C:\ST\STM32CubeIDE_1.13.2\STM32CubeIDE\plugins\com.st.stm32cube.common.mx_6.10.0.202311202037\\db\
2024-02-02 00:02:40,878 [INFO] Argument:325 - Argument : hdmavalue: null
2024-02-02 00:02:40,879 [INFO] Argument:327 - 	 sub Args: 
2024-02-02 00:02:40,879 [INFO] Argument:325 - Argument : Instancevalue: DMA1_Channel1
2024-02-02 00:02:40,879 [INFO] Argument:335 - Argument : Instancevalue: DMA1_Channel1
2024-02-02 00:02:40,879 [INFO] Argument:325 - Argument : Initvalue: null
2024-02-02 00:02:40,879 [INFO] Argument:327 - 	 sub Args: 
2024-02-02 00:02:40,879 [INFO] Argument:325 - Argument : Directionvalue: DMA_PERIPH_TO_MEMORY
2024-02-02 00:02:40,879 [INFO] Argument:335 - Argument : Directionvalue: DMA_PERIPH_TO_MEMORY
2024-02-02 00:02:40,879 [INFO] Argument:325 - Argument : PeriphIncvalue: DMA_PINC_DISABLE
2024-02-02 00:02:40,879 [INFO] Argument:335 - Argument : PeriphIncvalue: DMA_PINC_DISABLE
2024-02-02 00:02:40,879 [INFO] Argument:325 - Argument : MemIncvalue: DMA_MINC_ENABLE
2024-02-02 00:02:40,879 [INFO] Argument:335 - Argument : MemIncvalue: DMA_MINC_ENABLE
2024-02-02 00:02:40,879 [INFO] Argument:325 - Argument : PeriphDataAlignmentvalue: DMA_PDATAALIGN_HALFWORD
2024-02-02 00:02:40,879 [INFO] Argument:335 - Argument : PeriphDataAlignmentvalue: DMA_PDATAALIGN_HALFWORD
2024-02-02 00:02:40,879 [INFO] Argument:325 - Argument : MemDataAlignmentvalue: DMA_MDATAALIGN_HALFWORD
2024-02-02 00:02:40,879 [INFO] Argument:335 - Argument : MemDataAlignmentvalue: DMA_MDATAALIGN_HALFWORD
2024-02-02 00:02:40,879 [INFO] Argument:325 - Argument : Modevalue: DMA_CIRCULAR
2024-02-02 00:02:40,879 [INFO] Argument:335 - Argument : Modevalue: DMA_CIRCULAR
2024-02-02 00:02:40,879 [INFO] Argument:325 - Argument : Priorityvalue: DMA_PRIORITY_HIGH
2024-02-02 00:02:40,879 [INFO] Argument:335 - Argument : Priorityvalue: DMA_PRIORITY_HIGH
2024-02-02 00:02:40,879 [INFO] Argument:325 - Argument : Lockvalue: null
2024-02-02 00:02:40,879 [INFO] Argument:335 - Argument : Lockvalue: null
2024-02-02 00:02:40,879 [INFO] Argument:325 - Argument : Statevalue: null
2024-02-02 00:02:40,879 [INFO] Argument:335 - Argument : Statevalue: null
2024-02-02 00:02:40,879 [INFO] Argument:325 - Argument : Parentvalue: null
2024-02-02 00:02:40,879 [INFO] Argument:335 - Argument : Parentvalue: null
2024-02-02 00:02:40,879 [INFO] Argument:325 - Argument : XferCpltCallbackvalue: null
2024-02-02 00:02:40,879 [INFO] Argument:335 - Argument : XferCpltCallbackvalue: null
2024-02-02 00:02:40,879 [INFO] Argument:325 - Argument : XferHalfCpltCallbackvalue: null
2024-02-02 00:02:40,879 [INFO] Argument:335 - Argument : XferHalfCpltCallbackvalue: null
2024-02-02 00:02:40,879 [INFO] Argument:325 - Argument : XferErrorCallbackvalue: null
2024-02-02 00:02:40,879 [INFO] Argument:335 - Argument : XferErrorCallbackvalue: null
2024-02-02 00:02:40,879 [INFO] Argument:325 - Argument : ErrorCodevalue: null
2024-02-02 00:02:40,879 [INFO] Argument:335 - Argument : ErrorCodevalue: null
2024-02-02 00:02:40,880 [INFO] Argument:325 - Argument : DMA_Remapvalue: null
2024-02-02 00:02:40,880 [INFO] Argument:335 - Argument : DMA_Remapvalue: null
2024-02-02 00:02:41,004 [INFO] CodeEngine:255 - oldGeneratedFile, C:\Users\aleja\OneDrive\Escritorio\gettingStartedSTM\newNode\MXTmpFiles\license.tmp_save
2024-02-02 00:02:41,112 [INFO] CodeEngine:279 - Generated code: C:\Users\aleja\OneDrive\Escritorio\gettingStartedSTM\newNode\MXTmpFiles\license.tmp
2024-02-02 00:02:41,144 [INFO] CodeEngine:255 - oldGeneratedFile, C:\Users\aleja\OneDrive\Escritorio\gettingStartedSTM\newNode\MXTmpFiles\gpio.tmp_save
2024-02-02 00:02:41,222 [INFO] CodeEngine:279 - Generated code: C:\Users\aleja\OneDrive\Escritorio\gettingStartedSTM\newNode\MXTmpFiles\gpio.tmp
2024-02-02 00:02:41,314 [INFO] CodeEngine:255 - oldGeneratedFile, C:\Users\aleja\OneDrive\Escritorio\gettingStartedSTM\newNode\MXTmpFiles\dma.tmp_save
2024-02-02 00:02:41,386 [INFO] CodeEngine:279 - Generated code: C:\Users\aleja\OneDrive\Escritorio\gettingStartedSTM\newNode\MXTmpFiles\dma.tmp
2024-02-02 00:02:41,391 [INFO] CodeEngine:255 - oldGeneratedFile, C:\Users\aleja\OneDrive\Escritorio\gettingStartedSTM\newNode\MXTmpFiles\dma_GV.tmp_save
2024-02-02 00:02:41,435 [INFO] CodeEngine:279 - Generated code: C:\Users\aleja\OneDrive\Escritorio\gettingStartedSTM\newNode\MXTmpFiles\dma_GV.tmp
2024-02-02 00:02:41,463 [INFO] CodeEngine:255 - oldGeneratedFile, C:\Users\aleja\OneDrive\Escritorio\gettingStartedSTM\newNode\Core\Src\stm32f0xx_it.c_save
2024-02-02 00:02:41,591 [INFO] CodeEngine:279 - Generated code: C:\Users\aleja\OneDrive\Escritorio\gettingStartedSTM\newNode\Core\Src\stm32f0xx_it.c
2024-02-02 00:02:41,602 [INFO] CodeEngine:255 - oldGeneratedFile, C:\Users\aleja\OneDrive\Escritorio\gettingStartedSTM\newNode\Core\Inc\stm32f0xx_it.h_save
2024-02-02 00:02:41,655 [INFO] CodeEngine:279 - Generated code: C:\Users\aleja\OneDrive\Escritorio\gettingStartedSTM\newNode\Core\Inc\stm32f0xx_it.h
2024-02-02 00:02:41,686 [INFO] CodeEngine:255 - oldGeneratedFile, C:\Users\aleja\OneDrive\Escritorio\gettingStartedSTM\newNode\Core\Src\stm32f0xx_hal_msp.c_save
2024-02-02 00:02:41,829 [INFO] CodeEngine:279 - Generated code: C:\Users\aleja\OneDrive\Escritorio\gettingStartedSTM\newNode\Core\Src\stm32f0xx_hal_msp.c
2024-02-02 00:02:41,843 [INFO] CodeEngine:255 - oldGeneratedFile, C:\Users\aleja\OneDrive\Escritorio\gettingStartedSTM\newNode\MXTmpFiles\system.tmp_save
2024-02-02 00:02:41,905 [INFO] CodeEngine:279 - Generated code: C:\Users\aleja\OneDrive\Escritorio\gettingStartedSTM\newNode\MXTmpFiles\system.tmp
2024-02-02 00:02:41,955 [INFO] CodeEngine:311 - oldGeneratedFile, C:\Users\aleja\OneDrive\Escritorio\gettingStartedSTM\newNode\Core\Inc\stm32f0xx_hal_conf.h_save
2024-02-02 00:02:42,102 [INFO] CodeEngine:335 - Generated code: C:\Users\aleja\OneDrive\Escritorio\gettingStartedSTM\newNode\Core\Inc\stm32f0xx_hal_conf.h
2024-02-02 00:02:42,127 [WARN] IPConfigManager:3440 - IP not found : TIM
2024-02-02 00:02:42,127 [WARN] CodeGenerator:3939 - IP not found : null
2024-02-02 00:02:42,163 [INFO] CodeEngine:255 - oldGeneratedFile, C:\Users\aleja\OneDrive\Escritorio\gettingStartedSTM\newNode\Core\Inc\main.h_save
2024-02-02 00:02:42,289 [INFO] CodeEngine:279 - Generated code: C:\Users\aleja\OneDrive\Escritorio\gettingStartedSTM\newNode\Core\Inc\main.h
2024-02-02 00:02:42,334 [INFO] CodeEngine:255 - oldGeneratedFile, C:\Users\aleja\OneDrive\Escritorio\gettingStartedSTM\newNode\Core\Src\main.c_save
2024-02-02 00:02:42,494 [INFO] CodeEngine:279 - Generated code: C:\Users\aleja\OneDrive\Escritorio\gettingStartedSTM\newNode\Core\Src\main.c
2024-02-02 00:02:42,944 [INFO] ProjectBuilder:3076 - Time for Copy HAL[1] : 119mS.
2024-02-02 00:02:42,946 [INFO] ProjectBuilder:4485 - Project Generator version: 4.2.0-B44
2024-02-02 00:02:43,080 [INFO] ConfigFileManager:1495 - The Die is : DIE445
2024-02-02 00:02:44,380 [INFO] ProjectBuilder:4747 - Time for Generating toolchain IDE Files: 1434mS.
2024-02-02 00:02:44,381 [INFO] ProjectBuilder:2947 - Time for Copy CMSIS : 0mS.
2024-02-02 00:02:44,386 [INFO] ProjectBuilder:2947 - Time for Copy CMSIS : 0mS.
2024-02-02 00:02:44,687 [INFO] UtilMem:75 - End SaveConfig() Used Memory: 274923896 Bytes (898629632)
2024-02-02 00:02:44,862 [INFO] BlockDiagram:2759 - set Specific Code input for plugin: ADC
2024-02-02 00:02:44,862 [INFO] BlockDiagram:2759 - set Specific Code input for plugin: NVIC
2024-02-02 00:02:44,862 [INFO] BlockDiagram:2759 - set Specific Code input for plugin: DMA
2024-02-02 00:02:44,862 [INFO] BlockDiagram:2759 - set Specific Code input for plugin: TIM1_8F0
2024-02-02 00:02:44,862 [INFO] BlockDiagram:2759 - set Specific Code input for plugin: SYS
2024-02-02 00:02:44,862 [INFO] BlockDiagram:2759 - set Specific Code input for plugin: GPIO
2024-02-02 00:02:44,862 [INFO] BlockDiagram:2759 - set Specific Code input for plugin: CAN
2024-02-02 00:02:44,862 [INFO] BlockDiagram:2759 - set Specific Code input for plugin: RCC
2024-02-02 00:02:44,863 [INFO] CodeGenerator:807 - code generatio: config db path: C:\ST\STM32CubeIDE_1.13.2\STM32CubeIDE\plugins\com.st.stm32cube.common.mx_6.10.0.202311202037\\db\
2024-02-02 00:02:44,864 [INFO] Argument:325 - Argument : hdmavalue: null
2024-02-02 00:02:44,864 [INFO] Argument:327 - 	 sub Args: 
2024-02-02 00:02:44,864 [INFO] Argument:325 - Argument : Instancevalue: DMA1_Channel1
2024-02-02 00:02:44,864 [INFO] Argument:335 - Argument : Instancevalue: DMA1_Channel1
2024-02-02 00:02:44,864 [INFO] Argument:325 - Argument : Initvalue: null
2024-02-02 00:02:44,864 [INFO] Argument:327 - 	 sub Args: 
2024-02-02 00:02:44,864 [INFO] Argument:325 - Argument : Directionvalue: DMA_PERIPH_TO_MEMORY
2024-02-02 00:02:44,864 [INFO] Argument:335 - Argument : Directionvalue: DMA_PERIPH_TO_MEMORY
2024-02-02 00:02:44,864 [INFO] Argument:325 - Argument : PeriphIncvalue: DMA_PINC_DISABLE
2024-02-02 00:02:44,864 [INFO] Argument:335 - Argument : PeriphIncvalue: DMA_PINC_DISABLE
2024-02-02 00:02:44,864 [INFO] Argument:325 - Argument : MemIncvalue: DMA_MINC_ENABLE
2024-02-02 00:02:44,864 [INFO] Argument:335 - Argument : MemIncvalue: DMA_MINC_ENABLE
2024-02-02 00:02:44,864 [INFO] Argument:325 - Argument : PeriphDataAlignmentvalue: DMA_PDATAALIGN_HALFWORD
2024-02-02 00:02:44,864 [INFO] Argument:335 - Argument : PeriphDataAlignmentvalue: DMA_PDATAALIGN_HALFWORD
2024-02-02 00:02:44,864 [INFO] Argument:325 - Argument : MemDataAlignmentvalue: DMA_MDATAALIGN_HALFWORD
2024-02-02 00:02:44,864 [INFO] Argument:335 - Argument : MemDataAlignmentvalue: DMA_MDATAALIGN_HALFWORD
2024-02-02 00:02:44,864 [INFO] Argument:325 - Argument : Modevalue: DMA_CIRCULAR
2024-02-02 00:02:44,864 [INFO] Argument:335 - Argument : Modevalue: DMA_CIRCULAR
2024-02-02 00:02:44,864 [INFO] Argument:325 - Argument : Priorityvalue: DMA_PRIORITY_HIGH
2024-02-02 00:02:44,864 [INFO] Argument:335 - Argument : Priorityvalue: DMA_PRIORITY_HIGH
2024-02-02 00:02:44,865 [INFO] Argument:325 - Argument : Lockvalue: null
2024-02-02 00:02:44,865 [INFO] Argument:335 - Argument : Lockvalue: null
2024-02-02 00:02:44,865 [INFO] Argument:325 - Argument : Statevalue: null
2024-02-02 00:02:44,865 [INFO] Argument:335 - Argument : Statevalue: null
2024-02-02 00:02:44,865 [INFO] Argument:325 - Argument : Parentvalue: null
2024-02-02 00:02:44,865 [INFO] Argument:335 - Argument : Parentvalue: null
2024-02-02 00:02:44,865 [INFO] Argument:325 - Argument : XferCpltCallbackvalue: null
2024-02-02 00:02:44,865 [INFO] Argument:335 - Argument : XferCpltCallbackvalue: null
2024-02-02 00:02:44,865 [INFO] Argument:325 - Argument : XferHalfCpltCallbackvalue: null
2024-02-02 00:02:44,865 [INFO] Argument:335 - Argument : XferHalfCpltCallbackvalue: null
2024-02-02 00:02:44,865 [INFO] Argument:325 - Argument : XferErrorCallbackvalue: null
2024-02-02 00:02:44,865 [INFO] Argument:335 - Argument : XferErrorCallbackvalue: null
2024-02-02 00:02:44,865 [INFO] Argument:325 - Argument : ErrorCodevalue: null
2024-02-02 00:02:44,865 [INFO] Argument:335 - Argument : ErrorCodevalue: null
2024-02-02 00:02:44,865 [INFO] Argument:325 - Argument : DMA_Remapvalue: null
2024-02-02 00:02:44,865 [INFO] Argument:335 - Argument : DMA_Remapvalue: null
2024-02-02 00:02:44,952 [INFO] CodeEngine:255 - oldGeneratedFile, C:\Users\aleja\OneDrive\Escritorio\gettingStartedSTM\newNode\MXTmpFiles\license.tmp_save
2024-02-02 00:02:45,088 [INFO] CodeEngine:279 - Generated code: C:\Users\aleja\OneDrive\Escritorio\gettingStartedSTM\newNode\MXTmpFiles\license.tmp
2024-02-02 00:02:45,119 [INFO] CodeEngine:255 - oldGeneratedFile, C:\Users\aleja\OneDrive\Escritorio\gettingStartedSTM\newNode\MXTmpFiles\gpio.tmp_save
2024-02-02 00:02:45,217 [INFO] CodeEngine:279 - Generated code: C:\Users\aleja\OneDrive\Escritorio\gettingStartedSTM\newNode\MXTmpFiles\gpio.tmp
2024-02-02 00:02:45,297 [INFO] CodeEngine:255 - oldGeneratedFile, C:\Users\aleja\OneDrive\Escritorio\gettingStartedSTM\newNode\MXTmpFiles\dma.tmp_save
2024-02-02 00:02:45,391 [INFO] CodeEngine:279 - Generated code: C:\Users\aleja\OneDrive\Escritorio\gettingStartedSTM\newNode\MXTmpFiles\dma.tmp
2024-02-02 00:02:45,394 [INFO] CodeEngine:255 - oldGeneratedFile, C:\Users\aleja\OneDrive\Escritorio\gettingStartedSTM\newNode\MXTmpFiles\dma_GV.tmp_save
2024-02-02 00:02:45,432 [INFO] CodeEngine:279 - Generated code: C:\Users\aleja\OneDrive\Escritorio\gettingStartedSTM\newNode\MXTmpFiles\dma_GV.tmp
2024-02-02 00:02:45,458 [INFO] CodeEngine:255 - oldGeneratedFile, C:\Users\aleja\OneDrive\Escritorio\gettingStartedSTM\newNode\Core\Src\stm32f0xx_it.c_save
2024-02-02 00:02:45,532 [INFO] CodeEngine:279 - Generated code: C:\Users\aleja\OneDrive\Escritorio\gettingStartedSTM\newNode\Core\Src\stm32f0xx_it.c
2024-02-02 00:02:45,538 [INFO] CodeEngine:255 - oldGeneratedFile, C:\Users\aleja\OneDrive\Escritorio\gettingStartedSTM\newNode\Core\Inc\stm32f0xx_it.h_save
2024-02-02 00:02:45,581 [INFO] CodeEngine:279 - Generated code: C:\Users\aleja\OneDrive\Escritorio\gettingStartedSTM\newNode\Core\Inc\stm32f0xx_it.h
2024-02-02 00:02:45,609 [INFO] CodeEngine:255 - oldGeneratedFile, C:\Users\aleja\OneDrive\Escritorio\gettingStartedSTM\newNode\Core\Src\stm32f0xx_hal_msp.c_save
2024-02-02 00:02:45,718 [INFO] CodeEngine:279 - Generated code: C:\Users\aleja\OneDrive\Escritorio\gettingStartedSTM\newNode\Core\Src\stm32f0xx_hal_msp.c
2024-02-02 00:02:45,723 [INFO] CodeEngine:255 - oldGeneratedFile, C:\Users\aleja\OneDrive\Escritorio\gettingStartedSTM\newNode\MXTmpFiles\system.tmp_save
2024-02-02 00:02:45,766 [INFO] CodeEngine:279 - Generated code: C:\Users\aleja\OneDrive\Escritorio\gettingStartedSTM\newNode\MXTmpFiles\system.tmp
2024-02-02 00:02:45,793 [INFO] CodeEngine:311 - oldGeneratedFile, C:\Users\aleja\OneDrive\Escritorio\gettingStartedSTM\newNode\Core\Inc\stm32f0xx_hal_conf.h_save
2024-02-02 00:02:45,966 [INFO] CodeEngine:335 - Generated code: C:\Users\aleja\OneDrive\Escritorio\gettingStartedSTM\newNode\Core\Inc\stm32f0xx_hal_conf.h
2024-02-02 00:02:45,988 [WARN] IPConfigManager:3440 - IP not found : TIM
2024-02-02 00:02:45,989 [WARN] CodeGenerator:3939 - IP not found : null
2024-02-02 00:02:46,012 [INFO] CodeEngine:255 - oldGeneratedFile, C:\Users\aleja\OneDrive\Escritorio\gettingStartedSTM\newNode\Core\Inc\main.h_save
2024-02-02 00:02:46,105 [INFO] CodeEngine:279 - Generated code: C:\Users\aleja\OneDrive\Escritorio\gettingStartedSTM\newNode\Core\Inc\main.h
2024-02-02 00:02:46,132 [INFO] CodeEngine:255 - oldGeneratedFile, C:\Users\aleja\OneDrive\Escritorio\gettingStartedSTM\newNode\Core\Src\main.c_save
2024-02-02 00:02:46,288 [INFO] CodeEngine:279 - Generated code: C:\Users\aleja\OneDrive\Escritorio\gettingStartedSTM\newNode\Core\Src\main.c
2024-02-02 00:02:46,727 [INFO] ProjectBuilder:3076 - Time for Copy HAL[1] : 119mS.
2024-02-02 00:02:46,729 [INFO] ProjectBuilder:4485 - Project Generator version: 4.2.0-B44
2024-02-02 00:02:46,859 [INFO] ConfigFileManager:1495 - The Die is : DIE445
2024-02-02 00:02:48,006 [INFO] ProjectBuilder:4747 - Time for Generating toolchain IDE Files: 1277mS.
2024-02-02 00:02:48,007 [INFO] ProjectBuilder:2947 - Time for Copy CMSIS : 0mS.
2024-02-02 00:02:48,012 [INFO] ProjectBuilder:2947 - Time for Copy CMSIS : 1mS.
