2024-02-04 18:39:20,460 [INFO] Activator:176 - 


2024-02-04 18:39:20,469 [INFO] Activator:177 - !SESSION log4j initialized
2024-02-04 18:39:31,872 [INFO] LogOutputStream:77 - [STDOUT_REDIRECT] 
2024-02-04 18:39:33,318 [INFO] ApplicationProperties:184 - Using Application install path: C:\ST\STM32CubeIDE_1.13.2\STM32CubeIDE\plugins\com.st.stm32cube.common.mx_6.10.0.202311202037
2024-02-04 18:39:33,332 [INFO] DbMcusXml:78 - Set database path to: C:\ST\STM32CubeIDE_1.13.2\STM32CubeIDE\plugins\com.st.stm32cube.common.mx_6.10.0.202311202037\\db\/mcu/
2024-02-04 18:39:33,332 [INFO] ApiDb:274 - Set plugin database path to: C:\ST\STM32CubeIDE_1.13.2\STM32CubeIDE\plugins\com.st.stm32cube.common.mx_6.10.0.202311202037\\db\/plugins/boardmanager/
2024-02-04 18:39:33,333 [WARN] ApiDb:259 - Overriding images path with different value:  => C:\ST\STM32CubeIDE_1.13.2\STM32CubeIDE\plugins\com.st.stm32cube.common.mx_6.10.0.202311202037\\db\/plugins/mcufinder/images/
2024-02-04 18:39:33,345 [INFO] ApiDb:250 - Set database path to: C:\Users\aleja\.stmcufinder\plugins\mcufinder//mcu/
2024-02-04 18:39:33,346 [INFO] DbMcusAds:125 - Set database path to: C:\Users\aleja\.stmcufinder\plugins\mcufinder//mcu/
2024-02-04 18:39:33,347 [INFO] CrossReferenceDbSqlite:203 - Set database path to: C:\Users\aleja\.stmcufinder\plugins\mcufinder//mcu/cs/
2024-02-04 18:39:33,460 [INFO] RulesReader:64 - Compatibility file has been processed (297 Rules)
2024-02-04 18:39:33,536 [INFO] DbMcusXml:78 - Set database path to: C:\ST\STM32CubeIDE_1.13.2\STM32CubeIDE\plugins\com.st.stm32cube.common.mx_6.10.0.202311202037\\db\/mcu/
2024-02-04 18:39:33,536 [INFO] ApiDb:274 - Set plugin database path to: C:\ST\STM32CubeIDE_1.13.2\STM32CubeIDE\plugins\com.st.stm32cube.common.mx_6.10.0.202311202037\\db\/plugins/boardmanager/
2024-02-04 18:39:33,536 [INFO] ApiDb:261 - Set plugin images path to: C:\ST\STM32CubeIDE_1.13.2\STM32CubeIDE\plugins\com.st.stm32cube.common.mx_6.10.0.202311202037\\db\/plugins/mcufinder/images/
2024-02-04 18:39:33,537 [WARN] DbFile:41 - Overriding database path with different value: C:\Users\aleja\.stmcufinder\plugins\mcufinder/ => C:\Users\aleja\.stmcufinder\plugins\mcufinder
2024-02-04 18:39:33,537 [INFO] ApiDb:250 - Set database path to: C:\Users\aleja\.stmcufinder\plugins\mcufinder//mcu/
2024-02-04 18:39:33,537 [WARN] DbFile:41 - Overriding database path with different value: C:\Users\aleja\.stmcufinder\plugins\mcufinder/ => C:\Users\aleja\.stmcufinder\plugins\mcufinder
2024-02-04 18:39:33,537 [INFO] DbMcusAds:125 - Set database path to: C:\Users\aleja\.stmcufinder\plugins\mcufinder//mcu/
2024-02-04 18:39:33,537 [WARN] DbFile:41 - Overriding database path with different value: C:\Users\aleja\.stmcufinder\plugins\mcufinder/ => C:\Users\aleja\.stmcufinder\plugins\mcufinder
2024-02-04 18:39:33,537 [WARN] DbFile:41 - Overriding database path with different value: C:\Users\aleja\.stmcufinder\plugins\mcufinder/ => C:\Users\aleja\.stmcufinder\plugins\mcufinder
2024-02-04 18:39:33,537 [INFO] CrossReferenceDbSqlite:203 - Set database path to: C:\Users\aleja\.stmcufinder\plugins\mcufinder//mcu/cs/
2024-02-04 18:39:33,620 [INFO] MainPanel:264 - HeapMemory: 268435456
2024-02-04 18:39:33,722 [INFO] DbMcusXml:78 - Set database path to: C:\ST\STM32CubeIDE_1.13.2\STM32CubeIDE\plugins\com.st.stm32cube.common.mx_6.10.0.202311202037\\db\/mcu/
2024-02-04 18:39:33,722 [INFO] ApiDb:274 - Set plugin database path to: C:\ST\STM32CubeIDE_1.13.2\STM32CubeIDE\plugins\com.st.stm32cube.common.mx_6.10.0.202311202037\\db\/plugins/boardmanager/
2024-02-04 18:39:33,722 [INFO] ApiDb:261 - Set plugin images path to: C:\ST\STM32CubeIDE_1.13.2\STM32CubeIDE\plugins\com.st.stm32cube.common.mx_6.10.0.202311202037\\db\/plugins/mcufinder/images/
2024-02-04 18:39:33,722 [WARN] DbFile:41 - Overriding database path with different value: C:\Users\aleja\.stmcufinder\plugins\mcufinder/ => C:\Users\aleja\.stmcufinder\plugins\mcufinder
2024-02-04 18:39:33,722 [INFO] ApiDb:250 - Set database path to: C:\Users\aleja\.stmcufinder\plugins\mcufinder//mcu/
2024-02-04 18:39:33,722 [WARN] DbFile:41 - Overriding database path with different value: C:\Users\aleja\.stmcufinder\plugins\mcufinder/ => C:\Users\aleja\.stmcufinder\plugins\mcufinder
2024-02-04 18:39:33,722 [INFO] DbMcusAds:125 - Set database path to: C:\Users\aleja\.stmcufinder\plugins\mcufinder//mcu/
2024-02-04 18:39:33,722 [WARN] DbFile:41 - Overriding database path with different value: C:\Users\aleja\.stmcufinder\plugins\mcufinder/ => C:\Users\aleja\.stmcufinder\plugins\mcufinder
2024-02-04 18:39:33,723 [WARN] DbFile:41 - Overriding database path with different value: C:\Users\aleja\.stmcufinder\plugins\mcufinder/ => C:\Users\aleja\.stmcufinder\plugins\mcufinder
2024-02-04 18:39:33,723 [INFO] CrossReferenceDbSqlite:203 - Set database path to: C:\Users\aleja\.stmcufinder\plugins\mcufinder//mcu/cs/
2024-02-04 18:39:33,739 [INFO] ApplicationProperties:184 - Using Application install path: C:\ST\STM32CubeIDE_1.13.2\STM32CubeIDE\plugins\com.st.stm32cube.common.mx_6.10.0.202311202037
2024-02-04 18:39:33,740 [INFO] PluginManage:196 - Search for loadable plugins [exclusion list=, ]
2024-02-04 18:39:33,741 [INFO] PluginManage:310 - Check plugin analytics
2024-02-04 18:39:33,993 [INFO] AnalyticsPlugin:253 - Accepted Software Licenses: 
2024-02-04 18:39:33,993 [INFO] AnalyticsPlugin:255 - Accepted CMSIS Pack Licenses: 
2024-02-04 18:39:33,994 [INFO] AnalyticsPlugin:257 - Accepted Firmware Licenses: 
2024-02-04 18:39:33,999 [INFO] PluginManage:359 - Loaded plugin analytics (category:tool,tabindex:-1)
2024-02-04 18:39:34,000 [INFO] PluginManage:310 - Check plugin cadmodel
2024-02-04 18:39:34,017 [INFO] CADModel:105 - Init CAD model plugin
2024-02-04 18:39:34,017 [INFO] PluginManage:359 - Loaded plugin cadmodel (category:power,tabindex:5)
2024-02-04 18:39:34,017 [INFO] PluginManage:310 - Check plugin clock
2024-02-04 18:39:34,059 [INFO] PluginManage:359 - Loaded plugin clock (category:base,tabindex:2)
2024-02-04 18:39:34,059 [INFO] PluginManage:310 - Check plugin ddr
2024-02-04 18:39:34,062 [INFO] PluginManage:359 - Loaded plugin ddr (category:tool,tabindex:6)
2024-02-04 18:39:34,063 [INFO] PluginManage:310 - Check plugin filemanager
2024-02-04 18:39:34,303 [INFO] PluginManage:359 - Loaded plugin filemanager (category:base,tabindex:10)
2024-02-04 18:39:34,303 [INFO] PluginManage:310 - Check plugin ipmanager
2024-02-04 18:39:34,310 [INFO] PluginManage:359 - Loaded plugin ipmanager (category:base,tabindex:5)
2024-02-04 18:39:34,311 [INFO] PluginManage:310 - Check plugin lpbam
2024-02-04 18:39:34,327 [INFO] PluginManage:359 - Loaded plugin lpbam (category:base,tabindex:0)
2024-02-04 18:39:34,327 [INFO] PluginManage:310 - Check plugin memorymap
2024-02-04 18:39:34,346 [INFO] PluginManage:359 - Loaded plugin memorymap (category:base,tabindex:4)
2024-02-04 18:39:34,346 [INFO] PluginManage:310 - Check plugin pinoutandconfiguration
2024-02-04 18:39:34,361 [INFO] PluginManage:359 - Loaded plugin pinoutandconfiguration (category:base,tabindex:1)
2024-02-04 18:39:34,362 [INFO] PluginManage:310 - Check plugin pinoutconfig
2024-02-04 18:39:34,464 [WARN] SupportedApi:132 - Cannot load RTOS API schema: s4s-elt-must-match.1: The content of 'definitions' must match (annotation?, (simpleType | complexType)?, (unique | key | keyref)*)). A problem was found starting at: attribute.
2024-02-04 18:39:34,618 [INFO] PluginManage:359 - Loaded plugin pinoutconfig (category:base,tabindex:0)
2024-02-04 18:39:34,618 [INFO] PluginManage:310 - Check plugin power
2024-02-04 18:39:34,643 [INFO] PluginManage:359 - Loaded plugin power (category:power,tabindex:4)
2024-02-04 18:39:34,643 [INFO] PluginManage:310 - Check plugin projectmanager
2024-02-04 18:39:34,680 [INFO] PluginManage:359 - Loaded plugin projectmanager (category:projectmanager,tabindex:3)
2024-02-04 18:39:34,680 [INFO] PluginManage:310 - Check plugin thirdparty
2024-02-04 18:39:35,001 [INFO] PluginManage:359 - Loaded plugin thirdparty (category:base,tabindex:-1)
2024-02-04 18:39:35,000 [WARN] IntegrityCheckThread:84 - waiting for thirdparty lock release [integrity check]
2024-02-04 18:39:35,001 [INFO] IntegrityCheckThread:86 - entering critical section [integrity check]
2024-02-04 18:39:35,001 [INFO] PluginManage:310 - Check plugin tools
2024-02-04 18:39:35,002 [INFO] ThirdPartyUpdaterWithRetryManager:70 - Updater plugin not ready yet. [1/15]
2024-02-04 18:39:35,035 [INFO] PluginManage:359 - Loaded plugin tools (category:base,tabindex:7)
2024-02-04 18:39:35,035 [INFO] PluginManage:310 - Check plugin tutovideos
2024-02-04 18:39:35,228 [INFO] PluginManage:359 - Loaded plugin tutovideos (category:base,tabindex:-1)
2024-02-04 18:39:35,228 [INFO] PluginManage:310 - Check plugin updater
2024-02-04 18:39:35,248 [INFO] PluginManage:359 - Loaded plugin updater (category:base,tabindex:12)
2024-02-04 18:39:35,248 [INFO] PluginManage:310 - Check plugin userauth
2024-02-04 18:39:35,255 [INFO] UserAuth:114 - Init User Auth plugin
2024-02-04 18:39:35,255 [INFO] PluginManage:359 - Loaded plugin userauth (category:base,tabindex:14)
2024-02-04 18:39:35,256 [INFO] PluginManage:283 - PluginManage : Loaded plugins [17]
2024-02-04 18:39:35,462 [INFO] PinOutPanel:1499 - setPackage(No Configuration,No Configuration)
2024-02-04 18:39:35,528 [INFO] CADModel:165 - CPN selected for project level
2024-02-04 18:39:35,528 [INFO] CADModel:114 - Register for checkConnection events
2024-02-04 18:39:35,562 [INFO] IPUIPlugin:80 - create IPUIPlugin
2024-02-04 18:39:35,563 [INFO] PluginManager:220 - loadIPPluginJar : add adc
2024-02-04 18:39:35,593 [INFO] IPUIPlugin:80 - create IPUIPlugin
2024-02-04 18:39:35,593 [INFO] PluginManager:220 - loadIPPluginJar : add aes
2024-02-04 18:39:35,626 [INFO] IPUIPlugin:80 - create IPUIPlugin
2024-02-04 18:39:35,627 [INFO] PluginManager:220 - loadIPPluginJar : add can
2024-02-04 18:39:35,648 [INFO] IPUIPlugin:80 - create IPUIPlugin
2024-02-04 18:39:35,648 [INFO] PluginManager:220 - loadIPPluginJar : add comp
2024-02-04 18:39:35,678 [INFO] IPUIPlugin:80 - create IPUIPlugin
2024-02-04 18:39:35,678 [INFO] PluginManager:220 - loadIPPluginJar : add cryp
2024-02-04 18:39:35,704 [INFO] IPUIPlugin:80 - create IPUIPlugin
2024-02-04 18:39:35,704 [INFO] PluginManager:220 - loadIPPluginJar : add dfsdm
2024-02-04 18:39:35,717 [INFO] IPUIPlugin:80 - create IPUIPlugin
2024-02-04 18:39:35,718 [INFO] PluginManager:220 - loadIPPluginJar : add dma
2024-02-04 18:39:35,764 [INFO] IPUIPlugin:80 - create IPUIPlugin
2024-02-04 18:39:35,765 [INFO] PluginManager:220 - loadIPPluginJar : add dma3
2024-02-04 18:39:35,784 [INFO] IPUIPlugin:80 - create IPUIPlugin
2024-02-04 18:39:35,784 [INFO] PluginManager:220 - loadIPPluginJar : add fatfs
2024-02-04 18:39:35,826 [INFO] IPUIPlugin:80 - create IPUIPlugin
2024-02-04 18:39:35,826 [INFO] PluginManager:220 - loadIPPluginJar : add fmc
2024-02-04 18:39:35,840 [INFO] IPUIPlugin:80 - create IPUIPlugin
2024-02-04 18:39:35,840 [INFO] PluginManager:220 - loadIPPluginJar : add freertos
2024-02-04 18:39:35,857 [INFO] IPUIPlugin:80 - create IPUIPlugin
2024-02-04 18:39:35,858 [INFO] PluginManager:220 - loadIPPluginJar : add genericplugin
2024-02-04 18:39:35,930 [INFO] IPUIPlugin:80 - create IPUIPlugin
2024-02-04 18:39:35,930 [INFO] PluginManager:220 - loadIPPluginJar : add gfxmmu
2024-02-04 18:39:36,043 [INFO] IPUIPlugin:80 - create IPUIPlugin
2024-02-04 18:39:36,044 [INFO] PluginManager:220 - loadIPPluginJar : add gic
2024-02-04 18:39:36,055 [INFO] IPUIPlugin:80 - create IPUIPlugin
2024-02-04 18:39:36,055 [INFO] PluginManager:220 - loadIPPluginJar : add gpio
2024-02-04 18:39:36,124 [INFO] IPUIPlugin:80 - create IPUIPlugin
2024-02-04 18:39:36,124 [INFO] PluginManager:220 - loadIPPluginJar : add gtzc
2024-02-04 18:39:36,152 [INFO] IPUIPlugin:80 - create IPUIPlugin
2024-02-04 18:39:36,152 [INFO] PluginManager:220 - loadIPPluginJar : add hash
2024-02-04 18:39:36,192 [INFO] IPUIPlugin:80 - create IPUIPlugin
2024-02-04 18:39:36,192 [INFO] PluginManager:220 - loadIPPluginJar : add i2c
2024-02-04 18:39:36,224 [INFO] IPUIPlugin:80 - create IPUIPlugin
2024-02-04 18:39:36,224 [INFO] PluginManager:220 - loadIPPluginJar : add i2s
2024-02-04 18:39:36,254 [INFO] IPUIPlugin:80 - create IPUIPlugin
2024-02-04 18:39:36,254 [INFO] PluginManager:220 - loadIPPluginJar : add i3c
2024-02-04 18:39:36,345 [INFO] IPUIPlugin:80 - create IPUIPlugin
2024-02-04 18:39:36,345 [INFO] PluginManager:220 - loadIPPluginJar : add ipddr
2024-02-04 18:39:36,416 [INFO] IPUIPlugin:80 - create IPUIPlugin
2024-02-04 18:39:36,416 [INFO] PluginManager:220 - loadIPPluginJar : add linkedlist
2024-02-04 18:39:36,448 [INFO] IPUIPlugin:80 - create IPUIPlugin
2024-02-04 18:39:36,448 [INFO] PluginManager:220 - loadIPPluginJar : add lorawan
2024-02-04 18:39:36,478 [INFO] IPUIPlugin:80 - create IPUIPlugin
2024-02-04 18:39:36,478 [INFO] PluginManager:220 - loadIPPluginJar : add ltdc
2024-02-04 18:39:36,493 [INFO] IPUIPlugin:80 - create IPUIPlugin
2024-02-04 18:39:36,493 [INFO] PluginManager:220 - loadIPPluginJar : add mdma
2024-02-04 18:39:36,505 [INFO] IPUIPlugin:80 - create IPUIPlugin
2024-02-04 18:39:36,505 [INFO] PluginManager:220 - loadIPPluginJar : add nvic
2024-02-04 18:39:36,536 [INFO] IPUIPlugin:80 - create IPUIPlugin
2024-02-04 18:39:36,536 [INFO] PluginManager:220 - loadIPPluginJar : add opamp
2024-02-04 18:39:36,584 [INFO] IPUIPlugin:80 - create IPUIPlugin
2024-02-04 18:39:36,584 [INFO] PluginManager:220 - loadIPPluginJar : add openamp
2024-02-04 18:39:36,618 [INFO] IPUIPlugin:80 - create IPUIPlugin
2024-02-04 18:39:36,618 [INFO] PluginManager:220 - loadIPPluginJar : add pdm2pcm
2024-02-04 18:39:36,630 [INFO] IPUIPlugin:80 - create IPUIPlugin
2024-02-04 18:39:36,632 [INFO] PluginManager:220 - loadIPPluginJar : add plateformsettings
2024-02-04 18:39:36,650 [INFO] IPUIPlugin:80 - create IPUIPlugin
2024-02-04 18:39:36,650 [INFO] PluginManager:220 - loadIPPluginJar : add quadspi
2024-02-04 18:39:36,661 [INFO] IPUIPlugin:80 - create IPUIPlugin
2024-02-04 18:39:36,661 [INFO] PluginManager:220 - loadIPPluginJar : add resmgrutility
2024-02-04 18:39:36,701 [INFO] IPUIPlugin:80 - create IPUIPlugin
2024-02-04 18:39:36,701 [INFO] PluginManager:220 - loadIPPluginJar : add sai
2024-02-04 18:39:36,732 [INFO] IPUIPlugin:80 - create IPUIPlugin
2024-02-04 18:39:36,732 [INFO] PluginManager:220 - loadIPPluginJar : add spi
2024-02-04 18:39:36,788 [INFO] IPUIPlugin:80 - create IPUIPlugin
2024-02-04 18:39:36,788 [INFO] PluginManager:220 - loadIPPluginJar : add stm32_wpan
2024-02-04 18:39:36,807 [INFO] IPUIPlugin:80 - create IPUIPlugin
2024-02-04 18:39:36,808 [INFO] PluginManager:220 - loadIPPluginJar : add tim
2024-02-04 18:39:36,850 [INFO] IPUIPlugin:80 - create IPUIPlugin
2024-02-04 18:39:36,850 [INFO] PluginManager:220 - loadIPPluginJar : add touchsensing
2024-02-04 18:39:36,869 [INFO] IPUIPlugin:80 - create IPUIPlugin
2024-02-04 18:39:36,869 [INFO] PluginManager:220 - loadIPPluginJar : add tracer_emb
2024-02-04 18:39:36,889 [INFO] IPUIPlugin:80 - create IPUIPlugin
2024-02-04 18:39:36,889 [INFO] PluginManager:220 - loadIPPluginJar : add ts
2024-02-04 18:39:36,908 [INFO] IPUIPlugin:80 - create IPUIPlugin
2024-02-04 18:39:36,908 [INFO] PluginManager:220 - loadIPPluginJar : add tsc
2024-02-04 18:39:36,927 [INFO] IPUIPlugin:80 - create IPUIPlugin
2024-02-04 18:39:36,927 [INFO] PluginManager:220 - loadIPPluginJar : add ucpd
2024-02-04 18:39:36,959 [INFO] IPUIPlugin:80 - create IPUIPlugin
2024-02-04 18:39:36,960 [INFO] PluginManager:220 - loadIPPluginJar : add usart
2024-02-04 18:39:36,994 [INFO] IPUIPlugin:80 - create IPUIPlugin
2024-02-04 18:39:36,994 [INFO] PluginManager:220 - loadIPPluginJar : add usbx
2024-02-04 18:39:37,111 [INFO] CADModel:165 - CPN selected for project level
2024-02-04 18:39:37,111 [INFO] CADModel:114 - Register for checkConnection events
2024-02-04 18:39:37,111 [FATAL] Updater:308 - Updater called before beeing initialized
2024-02-04 18:39:37,111 [ERROR] CADModel:125 - Updater not yet initialized, retry later 
2024-02-04 18:39:37,255 [INFO] CADModel:165 - CPN selected for project level
2024-02-04 18:39:37,255 [INFO] CADModel:114 - Register for checkConnection events
2024-02-04 18:39:37,255 [FATAL] Updater:308 - Updater called before beeing initialized
2024-02-04 18:39:37,255 [ERROR] CADModel:125 - Updater not yet initialized, retry later 
2024-02-04 18:39:37,257 [FATAL] Updater:308 - Updater called before beeing initialized
2024-02-04 18:39:37,362 [FATAL] Updater:308 - Updater called before beeing initialized
2024-02-04 18:39:37,374 [INFO] DbMcusAds:53 - JSON generation date=Wed Nov 29 11:52:27 CET 2023 (1701255147200)
2024-02-04 18:39:37,374 [FATAL] Updater:308 - Updater called before beeing initialized
2024-02-04 18:39:37,446 [WARN] DetailPanel:346 - Failed to get advertising image, set to default
2024-02-04 18:39:37,519 [FATAL] Updater:308 - Updater called before beeing initialized
2024-02-04 18:39:37,520 [FATAL] Updater:308 - Updater called before beeing initialized
2024-02-04 18:39:37,520 [FATAL] Updater:308 - Updater called before beeing initialized
2024-02-04 18:39:37,520 [WARN] DetailPanel:346 - Failed to get advertising image, set to default
2024-02-04 18:39:37,521 [FATAL] Updater:308 - Updater called before beeing initialized
2024-02-04 18:39:37,575 [ERROR] Updater:1120 - MainUpdater not yet initialized. External WinMGr cannot be set.
2024-02-04 18:39:37,584 [INFO] Updater:1056 - Updater Version found : 6.10.0
2024-02-04 18:39:37,598 [INFO] ApplicationProperties:184 - Using Application install path: C:\ST\STM32CubeIDE_1.13.2\STM32CubeIDE\plugins\com.st.stm32cube.common.mx_6.10.0.202311202037
2024-02-04 18:39:38,002 [INFO] ThirdPartyUpdaterWithRetryManager:70 - Updater plugin not ready yet. [2/15]
2024-02-04 18:39:39,179 [ERROR] LogOutputStream:75 - [STDERR_REDIRECT] Feb 04, 2024 6:39:39 PM java.util.prefs.WindowsPreferences <init>
2024-02-04 18:39:39,180 [ERROR] LogOutputStream:75 - [STDERR_REDIRECT] WARNING: Could not open/create prefs root node Software\JavaSoft\Prefs at root 0xffffffff80000002. Windows RegCreateKeyEx(...) returned error code 5.
2024-02-04 18:39:39,180 [ERROR] LogOutputStream:75 - [STDERR_REDIRECT] 
2024-02-04 18:39:39,575 [INFO] MainUpdater:2873 - connection check result : 10
2024-02-04 18:39:39,575 [INFO] MainUpdater:3567 - Updater definition file requires update
2024-02-04 18:39:39,577 [INFO] MainUpdater:290 - Updater Check For Update Now.
2024-02-04 18:39:39,577 [INFO] MicroXplorer:498 - Change Database Version : DB.6.0.100
2024-02-04 18:39:39,605 [INFO] McuFinderGlobals:63 - Set McuFinder mode to 2 (CubeIDE integrated)
2024-02-04 18:39:39,625 [INFO] UserAuth:404 - Internet connection configuration mode: 1
2024-02-04 18:39:39,654 [INFO] ServerAccessManage:473 - Download File updaters.zip
2024-02-04 18:39:39,676 [INFO] JxBrowserEngine:152 - Initiate JxBrowser Engine with user profile folder
2024-02-04 18:39:39,829 [INFO] FileExtend:240 - Unzip File : updaters.zip
2024-02-04 18:39:39,829 [INFO] FileExtend:255 - Standard Zip Deflate
2024-02-04 18:39:40,298 [INFO] ServerAccessManage:473 - Download File PacksControlFlags.xml
2024-02-04 18:39:40,374 [INFO] ServerAccessManage:473 - Download File cubemx.pidx
2024-02-04 18:39:40,503 [INFO] LoadServerUpdatesThread:375 - End of LoadServerUpdate Thread
2024-02-04 18:39:40,678 [INFO] CheckServerUpdateThread:120 - End of CheckServer Thread
2024-02-04 18:39:41,170 [WARN] PackLoader:240 - Cannot read IP mode file for STMicroelectronics.X-CUBE-SMBUS.2.1.0
2024-02-04 18:39:41,201 [WARN] PackLoader:240 - Cannot read IP mode file for STMicroelectronics.X-CUBE-TOUCHGFX.4.23.0
2024-02-04 18:39:41,245 [WARN] PackLoader:240 - Cannot read IP mode file for STMicroelectronics.X-CUBE-AZRTOS-F7.1.1.0
2024-02-04 18:39:41,268 [WARN] PackLoader:240 - Cannot read IP mode file for STMicroelectronics.FP-SNS-MOTENV1.4.3.2
2024-02-04 18:39:41,284 [WARN] PackLoader:240 - Cannot read IP mode file for STMicroelectronics.FP-SNS-FLIGHT1.5.0.2
2024-02-04 18:39:41,309 [WARN] PackLoader:240 - Cannot read IP mode file for STMicroelectronics.X-CUBE-DISPLAY.3.0.0
2024-02-04 18:39:41,344 [WARN] PackLoader:240 - Cannot read IP mode file for STMicroelectronics.X-CUBE-BLE1.7.0.0
2024-02-04 18:39:41,360 [WARN] PackLoader:240 - Cannot read IP mode file for emotas.I-CUBE-CANOPEN.1.3.0
2024-02-04 18:39:41,375 [WARN] PackLoader:240 - Cannot read IP mode file for STMicroelectronics.X-CUBE-TOUCHGFX.4.22.1
2024-02-04 18:39:41,393 [WARN] PackLoader:240 - Cannot read IP mode file for STMicroelectronics.FP-SNS-SMARTAG2.1.2.0
2024-02-04 18:39:41,420 [INFO] LogOutputStream:77 - [STDOUT_REDIRECT] 1 : Invalid condition id : UX_CORESTACK_Condition cause : null
2024-02-04 18:39:41,422 [INFO] LogOutputStream:77 - [STDOUT_REDIRECT] 1 : Invalid condition id : UX_CORESTACK_Condition cause : null
2024-02-04 18:39:41,425 [INFO] LogOutputStream:77 - [STDOUT_REDIRECT] 1 : Invalid condition id : UX_CORESTACK_Condition cause : null
2024-02-04 18:39:41,426 [INFO] LogOutputStream:77 - [STDOUT_REDIRECT] 1 : Invalid condition id : UX_CORESTACK_Condition cause : null
2024-02-04 18:39:41,427 [INFO] LogOutputStream:77 - [STDOUT_REDIRECT] 1 : Invalid condition id : UX_CORESTACK_Condition cause : null
2024-02-04 18:39:41,433 [WARN] PackLoader:240 - Cannot read IP mode file for STMicroelectronics.X-CUBE-AZRTOS-WL.2.0.0
2024-02-04 18:39:41,457 [WARN] PackLoader:240 - Cannot read IP mode file for WES.I-CUBE-Cesium.1.3.0
2024-02-04 18:39:41,473 [WARN] PackLoader:240 - Cannot read IP mode file for STMicroelectronics.X-CUBE-BLE2.3.3.0
2024-02-04 18:39:41,494 [WARN] PackLoader:240 - Cannot read IP mode file for STMicroelectronics.X-CUBE-ALGOBUILD.1.3.0
2024-02-04 18:39:41,535 [WARN] PackLoader:240 - Cannot read IP mode file for STMicroelectronics.X-CUBE-AZRTOS-G0.1.1.0
2024-02-04 18:39:41,558 [WARN] PackLoader:240 - Cannot read IP mode file for STMicroelectronics.X-CUBE-NFC4.3.0.0
2024-02-04 18:39:41,580 [WARN] PackLoader:240 - Cannot read IP mode file for STMicroelectronics.X-CUBE-BLEMGR.3.0.0
2024-02-04 18:39:41,601 [WARN] PackLoader:240 - Cannot read IP mode file for STMicroelectronics.FP-ATR-SIGFOX1.3.2.0
2024-02-04 18:39:41,621 [WARN] PackLoader:240 - Cannot read IP mode file for STMicroelectronics.X-CUBE-EEPRMA1.5.1.0
2024-02-04 18:39:41,693 [WARN] PackLoader:240 - Cannot read IP mode file for SEGGER.I-CUBE-embOS.1.3.1
2024-02-04 18:39:41,765 [WARN] PackLoader:240 - Cannot read IP mode file for STMicroelectronics.X-CUBE-GNSS1.6.0.0
2024-02-04 18:39:41,810 [WARN] PackLoader:240 - Cannot read IP mode file for STMicroelectronics.X-CUBE-AZRTOS-F4.1.1.0
2024-02-04 18:39:41,833 [WARN] PackLoader:240 - Cannot read IP mode file for wolfSSL.I-CUBE-wolfSSL.5.6.4
2024-02-04 18:39:41,875 [WARN] PackLoader:240 - Cannot read IP mode file for STMicroelectronics.X-CUBE-AZRTOS-L5.2.0.0
2024-02-04 18:39:41,896 [WARN] PackLoader:240 - Cannot read IP mode file for STMicroelectronics.X-CUBE-EEPRMA1.4.2.0
2024-02-04 18:39:41,917 [WARN] PackLoader:240 - Cannot read IP mode file for ITTIA_DB.I-CUBE-ITTIADB.8.8.0
2024-02-04 18:39:41,949 [WARN] ConditionMgr:438 - getConditionDescription Invalid condition id : UX DEVICE CLASS RTOS Condition cause : null
2024-02-04 18:39:41,950 [WARN] ConditionMgr:438 - getConditionDescription Invalid condition id : UX DEVICE CLASS RTOS Condition cause : null
2024-02-04 18:39:41,953 [WARN] PackLoader:240 - Cannot read IP mode file for STMicroelectronics.X-CUBE-AZRTOS-H7.3.1.0
2024-02-04 18:39:41,954 [WARN] ConditionMgr:1039 - genDependencies : Invalid condition id : UX DEVICE CLASS RTOS Condition cause : null
2024-02-04 18:39:41,954 [WARN] ConditionMgr:1039 - genDependencies : Invalid condition id : UX DEVICE CLASS RTOS Condition cause : null
2024-02-04 18:39:41,955 [WARN] ConditionMgr:1039 - genDependencies : Invalid condition id : UX DEVICE CLASS RTOS Condition cause : null
2024-02-04 18:39:41,956 [WARN] ConditionMgr:1039 - genDependencies : Invalid condition id : UX DEVICE CLASS RTOS Condition cause : null
2024-02-04 18:39:41,956 [WARN] ConditionMgr:1039 - genDependencies : Invalid condition id : UX DEVICE CLASS RTOS Condition cause : null
2024-02-04 18:39:41,976 [WARN] PackLoader:240 - Cannot read IP mode file for STMicroelectronics.X-CUBE-NFC7.1.0.1
2024-02-04 18:39:41,999 [WARN] PackLoader:240 - Cannot read IP mode file for STMicroelectronics.X-CUBE-NFC6.3.0.0
2024-02-04 18:39:42,014 [WARN] PackLoader:240 - Cannot read IP mode file for STMicroelectronics.X-CUBE-AI.8.1.0
2024-02-04 18:39:42,054 [WARN] ConditionMgr:438 - getConditionDescription Invalid condition id : LAN8742 Phy interface Condition cause : null
2024-02-04 18:39:42,055 [WARN] PackLoader:240 - Cannot read IP mode file for STMicroelectronics.X-CUBE-AZRTOS-L4.2.0.0
2024-02-04 18:39:42,057 [WARN] ConditionMgr:1039 - genDependencies : Invalid condition id : LAN8742 Phy interface Condition cause : null
2024-02-04 18:39:42,057 [WARN] ConditionMgr:1039 - genDependencies : Invalid condition id : LAN8742 Phy interface Condition cause : null
2024-02-04 18:39:42,058 [WARN] ConditionMgr:1039 - genDependencies : Invalid condition id : LAN8742 Phy interface Condition cause : null
2024-02-04 18:39:42,082 [WARN] PackLoader:240 - Cannot read IP mode file for STMicroelectronics.X-CUBE-SFXS2LP1.4.0.0
2024-02-04 18:39:42,102 [WARN] PackLoader:240 - Cannot read IP mode file for STMicroelectronics.X-CUBE-ISPU.1.1.0
2024-02-04 18:39:42,134 [WARN] ConditionMgr:438 - getConditionDescription Invalid condition id : UX DEVICE CLASS RTOS Condition cause : null
2024-02-04 18:39:42,134 [WARN] ConditionMgr:438 - getConditionDescription Invalid condition id : UX DEVICE CLASS RTOS Condition cause : null
2024-02-04 18:39:42,137 [WARN] PackLoader:240 - Cannot read IP mode file for STMicroelectronics.X-CUBE-AZRTOS-WB.2.0.0
2024-02-04 18:39:42,138 [WARN] ConditionMgr:1039 - genDependencies : Invalid condition id : UX DEVICE CLASS RTOS Condition cause : null
2024-02-04 18:39:42,139 [WARN] ConditionMgr:1039 - genDependencies : Invalid condition id : UX DEVICE CLASS RTOS Condition cause : null
2024-02-04 18:39:42,139 [WARN] ConditionMgr:1039 - genDependencies : Invalid condition id : UX DEVICE CLASS RTOS Condition cause : null
2024-02-04 18:39:42,140 [WARN] ConditionMgr:1039 - genDependencies : Invalid condition id : UX DEVICE CLASS RTOS Condition cause : null
2024-02-04 18:39:42,140 [WARN] ConditionMgr:1039 - genDependencies : Invalid condition id : UX DEVICE CLASS RTOS Condition cause : null
2024-02-04 18:39:42,170 [WARN] PackLoader:240 - Cannot read IP mode file for STMicroelectronics.X-CUBE-SUBG2.5.0.0
2024-02-04 18:39:42,209 [WARN] PackLoader:240 - Cannot read IP mode file for STMicroelectronics.X-CUBE-AZRTOS-G4.2.0.0
2024-02-04 18:39:42,242 [WARN] PackLoader:240 - Cannot read IP mode file for Infineon.AIROC-Wi-Fi-Bluetooth-STM32.1.5.1
2024-02-04 18:39:42,261 [WARN] PackLoader:240 - Cannot read IP mode file for STMicroelectronics.FP-SNS-MOTENVWB1.1.3.1
2024-02-04 18:39:42,277 [WARN] PackLoader:240 - Cannot read IP mode file for STMicroelectronics.X-CUBE-ISPU.2.0.0
2024-02-04 18:39:42,331 [WARN] PackLoader:240 - Cannot read IP mode file for STMicroelectronics.X-CUBE-MEMS1.10.0.0
2024-02-04 18:39:42,458 [WARN] PackLoader:240 - Cannot read IP mode file for STMicroelectronics.X-CUBE-FREERTOS.1.1.0
2024-02-04 18:39:42,478 [WARN] PackLoader:240 - Cannot read IP mode file for portGmbH.I-Cube-SoM-uGOAL.1.1.0
2024-02-04 18:39:42,494 [WARN] PackLoader:240 - Cannot read IP mode file for STMicroelectronics.X-CUBE-ALS.1.0.1
2024-02-04 18:39:41,378 [WARN] PackLoader:240 - Cannot read IP mode file for STMicroelectronics.FP-ATR-ASTRA1.2.0.0
2024-02-04 18:39:41,402 [WARN] PackLoader:240 - Cannot read IP mode file for STMicroelectronics.X-CUBE-TOF1.3.4.0
2024-02-04 18:39:41,451 [WARN] PackLoader:240 - Cannot read IP mode file for STMicroelectronics.X-CUBE-AZRTOS-H7.3.2.0
2024-02-04 18:39:41,455 [INFO] ThirdParty:978 - Integrity check success = true
2024-02-04 18:39:41,455 [INFO] IntegrityCheckThread:100 - exiting critical section [integrity check]
2024-02-04 18:39:41,455 [INFO] IntegrityCheckThread:103 - End integrity checks thread
2024-02-04 18:39:42,788 [INFO] WebApp:161 - Instantiating new browser for Auth
2024-02-04 18:39:43,455 [INFO] WebApp:780 - Register for checkConnection events
2024-02-04 18:39:43,455 [INFO] WebApp:414 - Apply proxy settings
2024-02-04 18:39:43,455 [INFO] WebApp:499 - Chromium requires no authentication
2024-02-04 18:39:43,461 [INFO] WebApp:442 - Direct internet connection detected
2024-02-04 18:39:43,576 [INFO] WebApp:192 - Starting web application
2024-02-04 18:39:43,576 [INFO] WebApp:544 - Web application path used C:\ST\STM32CubeIDE_1.13.2\STM32CubeIDE\plugins\com.st.stm32cube.common.mx_6.10.0.202311202037\db\plugins\mcufinder\reactClient1\index.html
2024-02-04 18:39:52,048 [ERROR] LogOutputStream:75 - [STDERR_REDIRECT] SLF4J: Failed to load class "org.slf4j.impl.StaticLoggerBinder".
2024-02-04 18:39:52,048 [ERROR] LogOutputStream:75 - [STDERR_REDIRECT] SLF4J: Defaulting to no-operation (NOP) logger implementation
2024-02-04 18:39:52,049 [ERROR] LogOutputStream:75 - [STDERR_REDIRECT] SLF4J: See http://www.slf4j.org/codes.html#StaticLoggerBinder for further details.
2024-02-04 18:45:46,730 [ERROR] LogOutputStream:75 - [STDERR_REDIRECT] 
2024-02-04 18:45:46,732 [ERROR] LogOutputStream:75 - [STDERR_REDIRECT] 
