2024-01-23 11:59:15,371 [INFO] Activator:176 - 


2024-01-23 11:59:15,371 [INFO] Activator:177 - !SESSION log4j initialized
2024-01-23 11:59:29,860 [INFO] LogOutputStream:77 - [STDOUT_REDIRECT] 
2024-01-23 11:59:33,370 [INFO] ApplicationProperties:184 - Using Application install path: C:\ST\STM32CubeIDE_1.13.2\STM32CubeIDE\plugins\com.st.stm32cube.common.mx_6.10.0.202311202037
2024-01-23 11:59:33,448 [INFO] DbMcusXml:78 - Set database path to: C:\ST\STM32CubeIDE_1.13.2\STM32CubeIDE\plugins\com.st.stm32cube.common.mx_6.10.0.202311202037\\db\/mcu/
2024-01-23 11:59:33,448 [INFO] ApiDb:274 - Set plugin database path to: C:\ST\STM32CubeIDE_1.13.2\STM32CubeIDE\plugins\com.st.stm32cube.common.mx_6.10.0.202311202037\\db\/plugins/boardmanager/
2024-01-23 11:59:33,448 [WARN] ApiDb:259 - Overriding images path with different value:  => C:\ST\STM32CubeIDE_1.13.2\STM32CubeIDE\plugins\com.st.stm32cube.common.mx_6.10.0.202311202037\\db\/plugins/mcufinder/images/
2024-01-23 11:59:33,464 [INFO] ApiDb:250 - Set database path to: C:\Users\aleja\.stmcufinder\plugins\mcufinder//mcu/
2024-01-23 11:59:33,479 [INFO] DbMcusAds:125 - Set database path to: C:\Users\aleja\.stmcufinder\plugins\mcufinder//mcu/
2024-01-23 11:59:33,479 [INFO] CrossReferenceDbSqlite:203 - Set database path to: C:\Users\aleja\.stmcufinder\plugins\mcufinder//mcu/cs/
2024-01-23 11:59:33,934 [INFO] RulesReader:64 - Compatibility file has been processed (297 Rules)
2024-01-23 11:59:34,138 [INFO] DbMcusXml:78 - Set database path to: C:\ST\STM32CubeIDE_1.13.2\STM32CubeIDE\plugins\com.st.stm32cube.common.mx_6.10.0.202311202037\\db\/mcu/
2024-01-23 11:59:34,138 [INFO] ApiDb:274 - Set plugin database path to: C:\ST\STM32CubeIDE_1.13.2\STM32CubeIDE\plugins\com.st.stm32cube.common.mx_6.10.0.202311202037\\db\/plugins/boardmanager/
2024-01-23 11:59:34,138 [INFO] ApiDb:261 - Set plugin images path to: C:\ST\STM32CubeIDE_1.13.2\STM32CubeIDE\plugins\com.st.stm32cube.common.mx_6.10.0.202311202037\\db\/plugins/mcufinder/images/
2024-01-23 11:59:34,138 [WARN] DbFile:41 - Overriding database path with different value: C:\Users\aleja\.stmcufinder\plugins\mcufinder/ => C:\Users\aleja\.stmcufinder\plugins\mcufinder
2024-01-23 11:59:34,138 [INFO] ApiDb:250 - Set database path to: C:\Users\aleja\.stmcufinder\plugins\mcufinder//mcu/
2024-01-23 11:59:34,138 [WARN] DbFile:41 - Overriding database path with different value: C:\Users\aleja\.stmcufinder\plugins\mcufinder/ => C:\Users\aleja\.stmcufinder\plugins\mcufinder
2024-01-23 11:59:34,138 [INFO] DbMcusAds:125 - Set database path to: C:\Users\aleja\.stmcufinder\plugins\mcufinder//mcu/
2024-01-23 11:59:34,138 [WARN] DbFile:41 - Overriding database path with different value: C:\Users\aleja\.stmcufinder\plugins\mcufinder/ => C:\Users\aleja\.stmcufinder\plugins\mcufinder
2024-01-23 11:59:34,138 [WARN] DbFile:41 - Overriding database path with different value: C:\Users\aleja\.stmcufinder\plugins\mcufinder/ => C:\Users\aleja\.stmcufinder\plugins\mcufinder
2024-01-23 11:59:34,138 [INFO] CrossReferenceDbSqlite:203 - Set database path to: C:\Users\aleja\.stmcufinder\plugins\mcufinder//mcu/cs/
2024-01-23 11:59:34,420 [INFO] MainPanel:264 - HeapMemory: 268435456
2024-01-23 11:59:34,734 [INFO] DbMcusXml:78 - Set database path to: C:\ST\STM32CubeIDE_1.13.2\STM32CubeIDE\plugins\com.st.stm32cube.common.mx_6.10.0.202311202037\\db\/mcu/
2024-01-23 11:59:34,734 [INFO] ApiDb:274 - Set plugin database path to: C:\ST\STM32CubeIDE_1.13.2\STM32CubeIDE\plugins\com.st.stm32cube.common.mx_6.10.0.202311202037\\db\/plugins/boardmanager/
2024-01-23 11:59:34,734 [INFO] ApiDb:261 - Set plugin images path to: C:\ST\STM32CubeIDE_1.13.2\STM32CubeIDE\plugins\com.st.stm32cube.common.mx_6.10.0.202311202037\\db\/plugins/mcufinder/images/
2024-01-23 11:59:34,734 [WARN] DbFile:41 - Overriding database path with different value: C:\Users\aleja\.stmcufinder\plugins\mcufinder/ => C:\Users\aleja\.stmcufinder\plugins\mcufinder
2024-01-23 11:59:34,734 [INFO] ApiDb:250 - Set database path to: C:\Users\aleja\.stmcufinder\plugins\mcufinder//mcu/
2024-01-23 11:59:34,734 [WARN] DbFile:41 - Overriding database path with different value: C:\Users\aleja\.stmcufinder\plugins\mcufinder/ => C:\Users\aleja\.stmcufinder\plugins\mcufinder
2024-01-23 11:59:34,750 [INFO] DbMcusAds:125 - Set database path to: C:\Users\aleja\.stmcufinder\plugins\mcufinder//mcu/
2024-01-23 11:59:34,750 [WARN] DbFile:41 - Overriding database path with different value: C:\Users\aleja\.stmcufinder\plugins\mcufinder/ => C:\Users\aleja\.stmcufinder\plugins\mcufinder
2024-01-23 11:59:34,750 [WARN] DbFile:41 - Overriding database path with different value: C:\Users\aleja\.stmcufinder\plugins\mcufinder/ => C:\Users\aleja\.stmcufinder\plugins\mcufinder
2024-01-23 11:59:34,750 [INFO] CrossReferenceDbSqlite:203 - Set database path to: C:\Users\aleja\.stmcufinder\plugins\mcufinder//mcu/cs/
2024-01-23 11:59:34,793 [INFO] ApplicationProperties:184 - Using Application install path: C:\ST\STM32CubeIDE_1.13.2\STM32CubeIDE\plugins\com.st.stm32cube.common.mx_6.10.0.202311202037
2024-01-23 11:59:34,796 [INFO] PluginManage:196 - Search for loadable plugins [exclusion list=, ]
2024-01-23 11:59:34,799 [INFO] PluginManage:310 - Check plugin analytics
2024-01-23 11:59:35,229 [INFO] AnalyticsPlugin:253 - Accepted Software Licenses: 
2024-01-23 11:59:35,229 [INFO] AnalyticsPlugin:255 - Accepted CMSIS Pack Licenses: 
2024-01-23 11:59:35,229 [INFO] AnalyticsPlugin:257 - Accepted Firmware Licenses: 
2024-01-23 11:59:35,237 [INFO] PluginManage:359 - Loaded plugin analytics (category:tool,tabindex:-1)
2024-01-23 11:59:35,237 [INFO] PluginManage:310 - Check plugin cadmodel
2024-01-23 11:59:35,267 [INFO] CADModel:105 - Init CAD model plugin
2024-01-23 11:59:35,267 [INFO] PluginManage:359 - Loaded plugin cadmodel (category:power,tabindex:5)
2024-01-23 11:59:35,268 [INFO] PluginManage:310 - Check plugin clock
2024-01-23 11:59:35,305 [INFO] PluginManage:359 - Loaded plugin clock (category:base,tabindex:2)
2024-01-23 11:59:35,305 [INFO] PluginManage:310 - Check plugin ddr
2024-01-23 11:59:35,311 [INFO] PluginManage:359 - Loaded plugin ddr (category:tool,tabindex:6)
2024-01-23 11:59:35,311 [INFO] PluginManage:310 - Check plugin filemanager
2024-01-23 11:59:35,630 [INFO] PluginManage:359 - Loaded plugin filemanager (category:base,tabindex:10)
2024-01-23 11:59:35,630 [INFO] PluginManage:310 - Check plugin ipmanager
2024-01-23 11:59:35,645 [INFO] PluginManage:359 - Loaded plugin ipmanager (category:base,tabindex:5)
2024-01-23 11:59:35,645 [INFO] PluginManage:310 - Check plugin lpbam
2024-01-23 11:59:35,676 [INFO] PluginManage:359 - Loaded plugin lpbam (category:base,tabindex:0)
2024-01-23 11:59:35,676 [INFO] PluginManage:310 - Check plugin memorymap
2024-01-23 11:59:35,724 [INFO] PluginManage:359 - Loaded plugin memorymap (category:base,tabindex:4)
2024-01-23 11:59:35,724 [INFO] PluginManage:310 - Check plugin pinoutandconfiguration
2024-01-23 11:59:35,755 [INFO] PluginManage:359 - Loaded plugin pinoutandconfiguration (category:base,tabindex:1)
2024-01-23 11:59:35,755 [INFO] PluginManage:310 - Check plugin pinoutconfig
2024-01-23 11:59:35,991 [WARN] SupportedApi:132 - Cannot load RTOS API schema: s4s-elt-must-match.1: The content of 'definitions' must match (annotation?, (simpleType | complexType)?, (unique | key | keyref)*)). A problem was found starting at: attribute.
2024-01-23 11:59:36,273 [INFO] PluginManage:359 - Loaded plugin pinoutconfig (category:base,tabindex:0)
2024-01-23 11:59:36,273 [INFO] PluginManage:310 - Check plugin power
2024-01-23 11:59:36,320 [INFO] PluginManage:359 - Loaded plugin power (category:power,tabindex:4)
2024-01-23 11:59:36,320 [INFO] PluginManage:310 - Check plugin projectmanager
2024-01-23 11:59:36,383 [INFO] PluginManage:359 - Loaded plugin projectmanager (category:projectmanager,tabindex:3)
2024-01-23 11:59:36,383 [INFO] PluginManage:310 - Check plugin thirdparty
2024-01-23 11:59:36,936 [INFO] PluginManage:359 - Loaded plugin thirdparty (category:base,tabindex:-1)
2024-01-23 11:59:36,936 [WARN] IntegrityCheckThread:84 - waiting for thirdparty lock release [integrity check]
2024-01-23 11:59:36,936 [INFO] PluginManage:310 - Check plugin tools
2024-01-23 11:59:36,936 [INFO] IntegrityCheckThread:86 - entering critical section [integrity check]
2024-01-23 11:59:36,944 [INFO] ThirdPartyUpdaterWithRetryManager:70 - Updater plugin not ready yet. [1/15]
2024-01-23 11:59:37,017 [INFO] PluginManage:359 - Loaded plugin tools (category:base,tabindex:7)
2024-01-23 11:59:37,022 [INFO] PluginManage:310 - Check plugin tutovideos
2024-01-23 11:59:37,496 [INFO] PluginManage:359 - Loaded plugin tutovideos (category:base,tabindex:-1)
2024-01-23 11:59:37,496 [INFO] PluginManage:310 - Check plugin updater
2024-01-23 11:59:37,528 [INFO] PluginManage:359 - Loaded plugin updater (category:base,tabindex:12)
2024-01-23 11:59:37,528 [INFO] PluginManage:310 - Check plugin userauth
2024-01-23 11:59:37,543 [INFO] UserAuth:114 - Init User Auth plugin
2024-01-23 11:59:37,543 [INFO] PluginManage:359 - Loaded plugin userauth (category:base,tabindex:14)
2024-01-23 11:59:37,543 [INFO] PluginManage:283 - PluginManage : Loaded plugins [17]
2024-01-23 11:59:38,123 [INFO] PinOutPanel:1499 - setPackage(No Configuration,No Configuration)
2024-01-23 11:59:38,295 [INFO] CADModel:165 - CPN selected for project level
2024-01-23 11:59:38,295 [INFO] CADModel:114 - Register for checkConnection events
2024-01-23 11:59:38,342 [INFO] IPUIPlugin:80 - create IPUIPlugin
2024-01-23 11:59:38,358 [INFO] PluginManager:220 - loadIPPluginJar : add adc
2024-01-23 11:59:38,421 [INFO] IPUIPlugin:80 - create IPUIPlugin
2024-01-23 11:59:38,421 [INFO] PluginManager:220 - loadIPPluginJar : add aes
2024-01-23 11:59:38,499 [INFO] IPUIPlugin:80 - create IPUIPlugin
2024-01-23 11:59:38,499 [INFO] PluginManager:220 - loadIPPluginJar : add can
2024-01-23 11:59:38,546 [INFO] IPUIPlugin:80 - create IPUIPlugin
2024-01-23 11:59:38,546 [INFO] PluginManager:220 - loadIPPluginJar : add comp
2024-01-23 11:59:38,593 [INFO] IPUIPlugin:80 - create IPUIPlugin
2024-01-23 11:59:38,609 [INFO] PluginManager:220 - loadIPPluginJar : add cryp
2024-01-23 11:59:38,671 [INFO] IPUIPlugin:80 - create IPUIPlugin
2024-01-23 11:59:38,671 [INFO] PluginManager:220 - loadIPPluginJar : add dfsdm
2024-01-23 11:59:38,718 [INFO] IPUIPlugin:80 - create IPUIPlugin
2024-01-23 11:59:38,718 [INFO] PluginManager:220 - loadIPPluginJar : add dma
2024-01-23 11:59:38,797 [INFO] IPUIPlugin:80 - create IPUIPlugin
2024-01-23 11:59:38,797 [INFO] PluginManager:220 - loadIPPluginJar : add dma3
2024-01-23 11:59:38,954 [INFO] IPUIPlugin:80 - create IPUIPlugin
2024-01-23 11:59:38,954 [INFO] PluginManager:220 - loadIPPluginJar : add fatfs
2024-01-23 11:59:39,048 [INFO] IPUIPlugin:80 - create IPUIPlugin
2024-01-23 11:59:39,048 [INFO] PluginManager:220 - loadIPPluginJar : add fmc
2024-01-23 11:59:39,079 [INFO] IPUIPlugin:80 - create IPUIPlugin
2024-01-23 11:59:39,079 [INFO] PluginManager:220 - loadIPPluginJar : add freertos
2024-01-23 11:59:39,126 [INFO] IPUIPlugin:80 - create IPUIPlugin
2024-01-23 11:59:39,126 [INFO] PluginManager:220 - loadIPPluginJar : add genericplugin
2024-01-23 11:59:39,346 [INFO] IPUIPlugin:80 - create IPUIPlugin
2024-01-23 11:59:39,346 [INFO] PluginManager:220 - loadIPPluginJar : add gfxmmu
2024-01-23 11:59:39,675 [INFO] IPUIPlugin:80 - create IPUIPlugin
2024-01-23 11:59:39,675 [INFO] PluginManager:220 - loadIPPluginJar : add gic
2024-01-23 11:59:39,722 [INFO] IPUIPlugin:80 - create IPUIPlugin
2024-01-23 11:59:39,722 [INFO] PluginManager:220 - loadIPPluginJar : add gpio
2024-01-23 11:59:39,941 [INFO] IPUIPlugin:80 - create IPUIPlugin
2024-01-23 11:59:39,941 [INFO] PluginManager:220 - loadIPPluginJar : add gtzc
2024-01-23 11:59:39,957 [INFO] ThirdPartyUpdaterWithRetryManager:70 - Updater plugin not ready yet. [2/15]
2024-01-23 11:59:40,021 [INFO] IPUIPlugin:80 - create IPUIPlugin
2024-01-23 11:59:40,021 [INFO] PluginManager:220 - loadIPPluginJar : add hash
2024-01-23 11:59:40,146 [INFO] IPUIPlugin:80 - create IPUIPlugin
2024-01-23 11:59:40,146 [INFO] PluginManager:220 - loadIPPluginJar : add i2c
2024-01-23 11:59:40,256 [INFO] IPUIPlugin:80 - create IPUIPlugin
2024-01-23 11:59:40,256 [INFO] PluginManager:220 - loadIPPluginJar : add i2s
2024-01-23 11:59:40,381 [INFO] IPUIPlugin:80 - create IPUIPlugin
2024-01-23 11:59:40,381 [INFO] PluginManager:220 - loadIPPluginJar : add i3c
2024-01-23 11:59:40,622 [INFO] IPUIPlugin:80 - create IPUIPlugin
2024-01-23 11:59:40,622 [INFO] PluginManager:220 - loadIPPluginJar : add ipddr
2024-01-23 11:59:40,817 [INFO] IPUIPlugin:80 - create IPUIPlugin
2024-01-23 11:59:40,818 [INFO] PluginManager:220 - loadIPPluginJar : add linkedlist
2024-01-23 11:59:40,884 [INFO] IPUIPlugin:80 - create IPUIPlugin
2024-01-23 11:59:40,899 [INFO] PluginManager:220 - loadIPPluginJar : add lorawan
2024-01-23 11:59:40,978 [INFO] IPUIPlugin:80 - create IPUIPlugin
2024-01-23 11:59:40,978 [INFO] PluginManager:220 - loadIPPluginJar : add ltdc
2024-01-23 11:59:40,993 [INFO] IPUIPlugin:80 - create IPUIPlugin
2024-01-23 11:59:40,993 [INFO] PluginManager:220 - loadIPPluginJar : add mdma
2024-01-23 11:59:41,022 [INFO] IPUIPlugin:80 - create IPUIPlugin
2024-01-23 11:59:41,025 [INFO] PluginManager:220 - loadIPPluginJar : add nvic
2024-01-23 11:59:41,072 [INFO] IPUIPlugin:80 - create IPUIPlugin
2024-01-23 11:59:41,072 [INFO] PluginManager:220 - loadIPPluginJar : add opamp
2024-01-23 11:59:41,182 [INFO] IPUIPlugin:80 - create IPUIPlugin
2024-01-23 11:59:41,197 [INFO] PluginManager:220 - loadIPPluginJar : add openamp
2024-01-23 11:59:41,308 [INFO] IPUIPlugin:80 - create IPUIPlugin
2024-01-23 11:59:41,308 [INFO] PluginManager:220 - loadIPPluginJar : add pdm2pcm
2024-01-23 11:59:41,323 [INFO] IPUIPlugin:80 - create IPUIPlugin
2024-01-23 11:59:41,339 [INFO] PluginManager:220 - loadIPPluginJar : add plateformsettings
2024-01-23 11:59:41,354 [INFO] IPUIPlugin:80 - create IPUIPlugin
2024-01-23 11:59:41,354 [INFO] PluginManager:220 - loadIPPluginJar : add quadspi
2024-01-23 11:59:41,370 [INFO] IPUIPlugin:80 - create IPUIPlugin
2024-01-23 11:59:41,386 [INFO] PluginManager:220 - loadIPPluginJar : add resmgrutility
2024-01-23 11:59:41,495 [INFO] IPUIPlugin:80 - create IPUIPlugin
2024-01-23 11:59:41,495 [INFO] PluginManager:220 - loadIPPluginJar : add sai
2024-01-23 11:59:41,589 [INFO] IPUIPlugin:80 - create IPUIPlugin
2024-01-23 11:59:41,589 [INFO] PluginManager:220 - loadIPPluginJar : add spi
2024-01-23 11:59:41,762 [INFO] IPUIPlugin:80 - create IPUIPlugin
2024-01-23 11:59:41,762 [INFO] PluginManager:220 - loadIPPluginJar : add stm32_wpan
2024-01-23 11:59:41,824 [INFO] IPUIPlugin:80 - create IPUIPlugin
2024-01-23 11:59:41,824 [INFO] PluginManager:220 - loadIPPluginJar : add tim
2024-01-23 11:59:41,981 [INFO] IPUIPlugin:80 - create IPUIPlugin
2024-01-23 11:59:41,981 [INFO] PluginManager:220 - loadIPPluginJar : add touchsensing
2024-01-23 11:59:42,012 [INFO] IPUIPlugin:80 - create IPUIPlugin
2024-01-23 11:59:42,012 [INFO] PluginManager:220 - loadIPPluginJar : add tracer_emb
2024-01-23 11:59:42,075 [INFO] IPUIPlugin:80 - create IPUIPlugin
2024-01-23 11:59:42,075 [INFO] PluginManager:220 - loadIPPluginJar : add ts
2024-01-23 11:59:42,122 [INFO] IPUIPlugin:80 - create IPUIPlugin
2024-01-23 11:59:42,122 [INFO] PluginManager:220 - loadIPPluginJar : add tsc
2024-01-23 11:59:42,153 [INFO] IPUIPlugin:80 - create IPUIPlugin
2024-01-23 11:59:42,153 [INFO] PluginManager:220 - loadIPPluginJar : add ucpd
2024-01-23 11:59:42,279 [INFO] IPUIPlugin:80 - create IPUIPlugin
2024-01-23 11:59:42,279 [INFO] PluginManager:220 - loadIPPluginJar : add usart
2024-01-23 11:59:42,388 [INFO] IPUIPlugin:80 - create IPUIPlugin
2024-01-23 11:59:42,388 [INFO] PluginManager:220 - loadIPPluginJar : add usbx
2024-01-23 11:59:42,654 [INFO] CADModel:165 - CPN selected for project level
2024-01-23 11:59:42,654 [INFO] CADModel:114 - Register for checkConnection events
2024-01-23 11:59:42,654 [FATAL] Updater:308 - Updater called before beeing initialized
2024-01-23 11:59:42,654 [ERROR] CADModel:125 - Updater not yet initialized, retry later 
2024-01-23 11:59:42,969 [INFO] ThirdPartyUpdaterWithRetryManager:70 - Updater plugin not ready yet. [3/15]
2024-01-23 11:59:43,141 [INFO] CADModel:165 - CPN selected for project level
2024-01-23 11:59:43,141 [INFO] CADModel:114 - Register for checkConnection events
2024-01-23 11:59:43,141 [FATAL] Updater:308 - Updater called before beeing initialized
2024-01-23 11:59:43,141 [ERROR] CADModel:125 - Updater not yet initialized, retry later 
2024-01-23 11:59:43,157 [FATAL] Updater:308 - Updater called before beeing initialized
2024-01-23 11:59:43,595 [FATAL] Updater:308 - Updater called before beeing initialized
2024-01-23 11:59:43,611 [INFO] DbMcusAds:53 - JSON generation date=Wed Nov 29 11:52:27 CET 2023 (1701255147200)
2024-01-23 11:59:43,611 [FATAL] Updater:308 - Updater called before beeing initialized
2024-01-23 11:59:43,752 [WARN] DetailPanel:346 - Failed to get advertising image, set to default
2024-01-23 11:59:43,956 [FATAL] Updater:308 - Updater called before beeing initialized
2024-01-23 11:59:43,956 [FATAL] Updater:308 - Updater called before beeing initialized
2024-01-23 11:59:43,956 [FATAL] Updater:308 - Updater called before beeing initialized
2024-01-23 11:59:43,956 [WARN] DetailPanel:346 - Failed to get advertising image, set to default
2024-01-23 11:59:43,956 [FATAL] Updater:308 - Updater called before beeing initialized
2024-01-23 11:59:44,206 [ERROR] Updater:1120 - MainUpdater not yet initialized. External WinMGr cannot be set.
2024-01-23 11:59:44,227 [INFO] Updater:1056 - Updater Version found : 6.10.0
2024-01-23 11:59:44,269 [INFO] ApplicationProperties:184 - Using Application install path: C:\ST\STM32CubeIDE_1.13.2\STM32CubeIDE\plugins\com.st.stm32cube.common.mx_6.10.0.202311202037
2024-01-23 11:59:45,930 [ERROR] LogOutputStream:75 - [STDERR_REDIRECT] Jan 23, 2024 11:59:45 AM java.util.prefs.WindowsPreferences <init>
2024-01-23 11:59:45,930 [ERROR] LogOutputStream:75 - [STDERR_REDIRECT] WARNING: Could not open/create prefs root node Software\JavaSoft\Prefs at root 0xffffffff80000002. Windows RegCreateKeyEx(...) returned error code 5.
2024-01-23 11:59:45,930 [ERROR] LogOutputStream:75 - [STDERR_REDIRECT] 
2024-01-23 11:59:45,977 [FATAL] Updater:308 - Updater called before beeing initialized
2024-01-23 11:59:45,977 [ERROR] IntegrityCheckThread:130 - Cannot retrieve database content from updater: error 21
2024-01-23 11:59:45,977 [INFO] ThirdParty:978 - Integrity check success = false
2024-01-23 11:59:45,977 [INFO] IntegrityCheckThread:100 - exiting critical section [integrity check]
2024-01-23 11:59:45,977 [INFO] IntegrityCheckThread:103 - End integrity checks thread
2024-01-23 11:59:47,202 [INFO] MainUpdater:2873 - connection check result : 10
2024-01-23 11:59:47,202 [INFO] MainUpdater:290 - Updater Check For Update Now.
2024-01-23 11:59:47,202 [INFO] MicroXplorer:498 - Change Database Version : DB.6.0.100
2024-01-23 11:59:47,218 [INFO] McuFinderGlobals:63 - Set McuFinder mode to 2 (CubeIDE integrated)
2024-01-23 11:59:47,563 [INFO] UserAuth:404 - Internet connection configuration mode: 1
2024-01-23 11:59:47,752 [INFO] JxBrowserEngine:152 - Initiate JxBrowser Engine with user profile folder
2024-01-23 11:59:48,378 [INFO] CheckServerUpdateThread:120 - End of CheckServer Thread
2024-01-23 11:59:53,162 [ERROR] LogOutputStream:75 - [STDERR_REDIRECT] SLF4J: Failed to load class "org.slf4j.impl.StaticLoggerBinder".
2024-01-23 11:59:53,162 [ERROR] LogOutputStream:75 - [STDERR_REDIRECT] SLF4J: Defaulting to no-operation (NOP) logger implementation
2024-01-23 11:59:53,178 [ERROR] LogOutputStream:75 - [STDERR_REDIRECT] SLF4J: See http://www.slf4j.org/codes.html#StaticLoggerBinder for further details.
2024-01-23 11:59:54,072 [INFO] WebApp:161 - Instantiating new browser for Auth
2024-01-23 11:59:56,247 [INFO] WebApp:780 - Register for checkConnection events
2024-01-23 11:59:56,247 [INFO] WebApp:414 - Apply proxy settings
2024-01-23 11:59:56,247 [INFO] WebApp:499 - Chromium requires no authentication
2024-01-23 11:59:56,277 [INFO] WebApp:442 - Direct internet connection detected
2024-01-23 11:59:56,747 [INFO] WebApp:192 - Starting web application
2024-01-23 11:59:56,747 [INFO] WebApp:544 - Web application path used C:\ST\STM32CubeIDE_1.13.2\STM32CubeIDE\plugins\com.st.stm32cube.common.mx_6.10.0.202311202037\db\plugins\mcufinder\reactClient1\index.html
2024-01-23 12:22:46,283 [INFO] McuFinderGlobals:63 - Set McuFinder mode to 2 (CubeIDE integrated)
2024-01-23 12:22:46,333 [INFO] MainUpdater:2873 - connection check result : 10
2024-01-23 12:22:46,345 [INFO] MainUpdater:2873 - connection check result : 10
2024-01-23 12:22:46,861 [INFO] MicroXplorer:468 - Change Database Path : 
2024-01-23 12:22:46,861 [INFO] MicroXplorer:498 - Change Database Version : DB.6.0.100
2024-01-23 12:22:46,861 [WARN] ThirdParty:871 - waiting for thirdparty lock release [close project]
2024-01-23 12:22:46,861 [INFO] ThirdParty:873 - entering critical section [close project]
2024-01-23 12:22:46,861 [INFO] ThirdParty:883 - exiting critical section [close project]
2024-01-23 12:22:46,877 [INFO] PinOutPanel:1499 - setPackage(No Configuration,No Configuration)
2024-01-23 12:22:46,878 [INFO] UtilMem:75 - Begin LoadConfig() Used Memory: 365266440 Bytes (790626304)
2024-01-23 12:22:46,878 [INFO] MicroXplorer:468 - Change Database Path : 
2024-01-23 12:22:46,878 [INFO] MicroXplorer:498 - Change Database Version : DB.6.0.100
2024-01-23 12:22:46,878 [INFO] OpenFileManager:312 - Change cursor
2024-01-23 12:22:46,924 [WARN] IntegrityCheckThread:84 - waiting for thirdparty lock release [integrity check]
2024-01-23 12:22:46,924 [INFO] IntegrityCheckThread:86 - entering critical section [integrity check]
2024-01-23 12:22:47,255 [WARN] PackLoader:240 - Cannot read IP mode file for STMicroelectronics.X-CUBE-SMBUS.2.1.0
2024-01-23 12:22:47,276 [WARN] PackLoader:240 - Cannot read IP mode file for STMicroelectronics.X-CUBE-TOUCHGFX.4.23.0
2024-01-23 12:22:47,334 [WARN] PackLoader:240 - Cannot read IP mode file for STMicroelectronics.X-CUBE-AZRTOS-F7.1.1.0
2024-01-23 12:22:47,365 [WARN] PackLoader:240 - Cannot read IP mode file for STMicroelectronics.FP-SNS-MOTENV1.4.3.2
2024-01-23 12:22:47,381 [WARN] PackLoader:240 - Cannot read IP mode file for STMicroelectronics.FP-SNS-FLIGHT1.5.0.2
2024-01-23 12:22:47,412 [WARN] PackLoader:240 - Cannot read IP mode file for STMicroelectronics.X-CUBE-DISPLAY.3.0.0
2024-01-23 12:22:47,428 [WARN] PackLoader:240 - Cannot read IP mode file for STMicroelectronics.X-CUBE-BLE1.7.0.0
2024-01-23 12:22:47,459 [WARN] PackLoader:240 - Cannot read IP mode file for emotas.I-CUBE-CANOPEN.1.3.0
2024-01-23 12:22:47,459 [WARN] PackLoader:240 - Cannot read IP mode file for STMicroelectronics.X-CUBE-TOUCHGFX.4.22.1
2024-01-23 12:22:47,476 [WARN] PackLoader:240 - Cannot read IP mode file for STMicroelectronics.FP-SNS-SMARTAG2.1.2.0
2024-01-23 12:22:47,507 [INFO] LogOutputStream:77 - [STDOUT_REDIRECT] 1 : Invalid condition id : UX_CORESTACK_Condition cause : null
2024-01-23 12:22:47,507 [INFO] LogOutputStream:77 - [STDOUT_REDIRECT] 1 : Invalid condition id : UX_CORESTACK_Condition cause : null
2024-01-23 12:22:47,507 [INFO] LogOutputStream:77 - [STDOUT_REDIRECT] 1 : Invalid condition id : UX_CORESTACK_Condition cause : null
2024-01-23 12:22:47,507 [INFO] LogOutputStream:77 - [STDOUT_REDIRECT] 1 : Invalid condition id : UX_CORESTACK_Condition cause : null
2024-01-23 12:22:47,507 [INFO] LogOutputStream:77 - [STDOUT_REDIRECT] 1 : Invalid condition id : UX_CORESTACK_Condition cause : null
2024-01-23 12:22:47,507 [WARN] PackLoader:240 - Cannot read IP mode file for STMicroelectronics.X-CUBE-AZRTOS-WL.2.0.0
2024-01-23 12:22:47,538 [WARN] PackLoader:240 - Cannot read IP mode file for WES.I-CUBE-Cesium.1.3.0
2024-01-23 12:22:47,554 [WARN] PackLoader:240 - Cannot read IP mode file for STMicroelectronics.X-CUBE-BLE2.3.3.0
2024-01-23 12:22:47,576 [WARN] PackLoader:240 - Cannot read IP mode file for STMicroelectronics.X-CUBE-ALGOBUILD.1.3.0
2024-01-23 12:22:47,617 [WARN] PackLoader:240 - Cannot read IP mode file for STMicroelectronics.X-CUBE-AZRTOS-G0.1.1.0
2024-01-23 12:22:47,633 [WARN] PackLoader:240 - Cannot read IP mode file for STMicroelectronics.X-CUBE-NFC4.3.0.0
2024-01-23 12:22:47,680 [WARN] PackLoader:240 - Cannot read IP mode file for STMicroelectronics.X-CUBE-BLEMGR.3.0.0
2024-01-23 12:22:47,695 [WARN] PackLoader:240 - Cannot read IP mode file for STMicroelectronics.FP-ATR-SIGFOX1.3.2.0
2024-01-23 12:22:47,711 [WARN] PackLoader:240 - Cannot read IP mode file for STMicroelectronics.X-CUBE-GNSS1.6.0.0
2024-01-23 12:22:47,742 [WARN] PackLoader:240 - Cannot read IP mode file for STMicroelectronics.X-CUBE-AZRTOS-F4.1.1.0
2024-01-23 12:22:47,774 [WARN] PackLoader:240 - Cannot read IP mode file for wolfSSL.I-CUBE-wolfSSL.5.6.4
2024-01-23 12:22:47,805 [WARN] PackLoader:240 - Cannot read IP mode file for STMicroelectronics.X-CUBE-AZRTOS-L5.2.0.0
2024-01-23 12:22:47,821 [WARN] PackLoader:240 - Cannot read IP mode file for STMicroelectronics.X-CUBE-EEPRMA1.4.2.0
2024-01-23 12:22:47,838 [WARN] PackLoader:240 - Cannot read IP mode file for ITTIA_DB.I-CUBE-ITTIADB.8.8.0
2024-01-23 12:22:47,885 [WARN] ConditionMgr:438 - getConditionDescription Invalid condition id : UX DEVICE CLASS RTOS Condition cause : null
2024-01-23 12:22:47,885 [WARN] ConditionMgr:438 - getConditionDescription Invalid condition id : UX DEVICE CLASS RTOS Condition cause : null
2024-01-23 12:22:47,885 [WARN] PackLoader:240 - Cannot read IP mode file for STMicroelectronics.X-CUBE-AZRTOS-H7.3.1.0
2024-01-23 12:22:47,885 [WARN] ConditionMgr:1039 - genDependencies : Invalid condition id : UX DEVICE CLASS RTOS Condition cause : null
2024-01-23 12:22:47,885 [WARN] ConditionMgr:1039 - genDependencies : Invalid condition id : UX DEVICE CLASS RTOS Condition cause : null
2024-01-23 12:22:47,885 [WARN] ConditionMgr:1039 - genDependencies : Invalid condition id : UX DEVICE CLASS RTOS Condition cause : null
2024-01-23 12:22:47,885 [WARN] ConditionMgr:1039 - genDependencies : Invalid condition id : UX DEVICE CLASS RTOS Condition cause : null
2024-01-23 12:22:47,885 [WARN] ConditionMgr:1039 - genDependencies : Invalid condition id : UX DEVICE CLASS RTOS Condition cause : null
2024-01-23 12:22:47,900 [WARN] PackLoader:240 - Cannot read IP mode file for STMicroelectronics.X-CUBE-NFC7.1.0.1
2024-01-23 12:22:47,932 [WARN] PackLoader:240 - Cannot read IP mode file for STMicroelectronics.X-CUBE-NFC6.3.0.0
2024-01-23 12:22:47,947 [WARN] PackLoader:240 - Cannot read IP mode file for STMicroelectronics.X-CUBE-AI.8.1.0
2024-01-23 12:22:47,979 [WARN] ConditionMgr:438 - getConditionDescription Invalid condition id : LAN8742 Phy interface Condition cause : null
2024-01-23 12:22:47,979 [WARN] PackLoader:240 - Cannot read IP mode file for STMicroelectronics.X-CUBE-AZRTOS-L4.2.0.0
2024-01-23 12:22:47,979 [WARN] ConditionMgr:1039 - genDependencies : Invalid condition id : LAN8742 Phy interface Condition cause : null
2024-01-23 12:22:47,979 [WARN] ConditionMgr:1039 - genDependencies : Invalid condition id : LAN8742 Phy interface Condition cause : null
2024-01-23 12:22:47,979 [WARN] ConditionMgr:1039 - genDependencies : Invalid condition id : LAN8742 Phy interface Condition cause : null
2024-01-23 12:22:48,010 [WARN] PackLoader:240 - Cannot read IP mode file for STMicroelectronics.X-CUBE-SFXS2LP1.4.0.0
2024-01-23 12:22:48,026 [WARN] PackLoader:240 - Cannot read IP mode file for STMicroelectronics.X-CUBE-ISPU.1.1.0
2024-01-23 12:22:48,058 [WARN] ConditionMgr:438 - getConditionDescription Invalid condition id : UX DEVICE CLASS RTOS Condition cause : null
2024-01-23 12:22:48,058 [WARN] ConditionMgr:438 - getConditionDescription Invalid condition id : UX DEVICE CLASS RTOS Condition cause : null
2024-01-23 12:22:48,058 [WARN] PackLoader:240 - Cannot read IP mode file for STMicroelectronics.X-CUBE-AZRTOS-WB.2.0.0
2024-01-23 12:22:48,058 [WARN] ConditionMgr:1039 - genDependencies : Invalid condition id : UX DEVICE CLASS RTOS Condition cause : null
2024-01-23 12:22:48,058 [WARN] ConditionMgr:1039 - genDependencies : Invalid condition id : UX DEVICE CLASS RTOS Condition cause : null
2024-01-23 12:22:48,058 [WARN] ConditionMgr:1039 - genDependencies : Invalid condition id : UX DEVICE CLASS RTOS Condition cause : null
2024-01-23 12:22:48,058 [WARN] ConditionMgr:1039 - genDependencies : Invalid condition id : UX DEVICE CLASS RTOS Condition cause : null
2024-01-23 12:22:48,058 [WARN] ConditionMgr:1039 - genDependencies : Invalid condition id : UX DEVICE CLASS RTOS Condition cause : null
2024-01-23 12:22:48,076 [WARN] PackLoader:240 - Cannot read IP mode file for STMicroelectronics.X-CUBE-SUBG2.5.0.0
2024-01-23 12:22:48,120 [WARN] PackLoader:240 - Cannot read IP mode file for STMicroelectronics.X-CUBE-AZRTOS-G4.2.0.0
2024-01-23 12:22:48,188 [WARN] PackLoader:240 - Cannot read IP mode file for Infineon.AIROC-Wi-Fi-Bluetooth-STM32.1.5.1
2024-01-23 12:22:48,206 [WARN] PackLoader:240 - Cannot read IP mode file for STMicroelectronics.FP-SNS-MOTENVWB1.1.3.1
2024-01-23 12:22:48,215 [WARN] PackLoader:240 - Cannot read IP mode file for STMicroelectronics.X-CUBE-ISPU.2.0.0
2024-01-23 12:22:48,278 [WARN] PackLoader:240 - Cannot read IP mode file for STMicroelectronics.X-CUBE-MEMS1.10.0.0
2024-01-23 12:22:48,435 [WARN] PackLoader:240 - Cannot read IP mode file for STMicroelectronics.X-CUBE-FREERTOS.1.1.0
2024-01-23 12:22:48,451 [WARN] PackLoader:240 - Cannot read IP mode file for portGmbH.I-Cube-SoM-uGOAL.1.1.0
2024-01-23 12:22:48,477 [WARN] PackLoader:240 - Cannot read IP mode file for STMicroelectronics.X-CUBE-ALS.1.0.1
2024-01-23 12:22:48,498 [WARN] PackLoader:240 - Cannot read IP mode file for STMicroelectronics.FP-ATR-ASTRA1.2.0.0
2024-01-23 12:22:48,514 [WARN] PackLoader:240 - Cannot read IP mode file for STMicroelectronics.X-CUBE-TOF1.3.4.0
2024-01-23 12:22:48,561 [WARN] PackLoader:240 - Cannot read IP mode file for STMicroelectronics.X-CUBE-AZRTOS-H7.3.2.0
2024-01-23 12:22:48,561 [INFO] ThirdParty:978 - Integrity check success = true
2024-01-23 12:22:48,561 [INFO] IntegrityCheckThread:100 - exiting critical section [integrity check]
2024-01-23 12:22:48,561 [INFO] IntegrityCheckThread:103 - End integrity checks thread
2024-01-23 12:22:48,610 [INFO] Mcu:2016 - Initializing MCU STM32F042F4Px STM32F042F4Px STM32F042F4P6
2024-01-23 12:22:50,243 [INFO] Context:659 - Trying to add GPIOservice into a context  which must be forbidden
2024-01-23 12:22:51,009 [INFO] RtosManager:555 - Registered RTOS mode: class=CMSIS, group=RTOS, mode=CMSIS_V1, owner=FREERTOS
2024-01-23 12:22:51,009 [INFO] RtosManager:555 - Registered RTOS mode: class=CMSIS, group=RTOS2, mode=CMSIS_V2, owner=FREERTOS
2024-01-23 12:22:51,009 [INFO] RtosManager:555 - Registered RTOS mode: class=RTOS, group=Core, mode=CMSIS_V1, owner=FREERTOS
2024-01-23 12:22:51,009 [INFO] RtosManager:555 - Registered RTOS mode: class=RTOS, group=Core, mode=CMSIS_V2, owner=FREERTOS
2024-01-23 12:22:51,009 [WARN] ModelIntegratedComponent:184 - Missing modes for component STMicroelectronics:FreeRTOS:0.0.1:STMicroelectronics:RTOS:FreeRTOS:Core:::10.2.0:
2024-01-23 12:22:51,033 [WARN] ModelIntegratedComponent:63 - No mode defined for component null
2024-01-23 12:22:51,033 [WARN] ModelIntegratedComponent:63 - No mode defined for component null
2024-01-23 12:22:51,033 [WARN] ModelIntegratedComponent:63 - No mode defined for component null
2024-01-23 12:22:51,033 [WARN] ModelIntegratedComponent:63 - No mode defined for component null
2024-01-23 12:22:51,033 [WARN] ModelIntegratedComponent:63 - No mode defined for component null
2024-01-23 12:22:51,034 [WARN] ModelIntegratedComponent:63 - No mode defined for component null
2024-01-23 12:22:51,034 [WARN] ModelIntegratedComponent:63 - No mode defined for component null
2024-01-23 12:22:51,034 [WARN] ModelIntegratedComponent:63 - No mode defined for component null
2024-01-23 12:22:51,034 [WARN] ModelIntegratedComponent:63 - No mode defined for component null
2024-01-23 12:22:51,034 [WARN] ModelIntegratedComponent:63 - No mode defined for component null
2024-01-23 12:22:51,034 [WARN] ModelIntegratedComponent:63 - No mode defined for component null
2024-01-23 12:22:51,034 [WARN] ModelIntegratedComponent:63 - No mode defined for component null
2024-01-23 12:22:51,034 [WARN] ModelIntegratedComponent:63 - No mode defined for component null
2024-01-23 12:22:51,035 [WARN] ModelIntegratedComponent:63 - No mode defined for component null
2024-01-23 12:22:51,035 [WARN] ModelIntegratedComponent:63 - No mode defined for component null
2024-01-23 12:22:51,035 [WARN] ModelIntegratedComponent:63 - No mode defined for component null
2024-01-23 12:22:51,035 [WARN] ModelIntegratedComponent:63 - No mode defined for component null
2024-01-23 12:22:51,035 [WARN] ModelIntegratedComponent:63 - No mode defined for component null
2024-01-23 12:22:51,035 [WARN] ModelIntegratedComponent:63 - No mode defined for component null
2024-01-23 12:22:51,035 [WARN] ModelIntegratedComponent:63 - No mode defined for component null
2024-01-23 12:22:51,035 [WARN] ModelIntegratedComponent:63 - No mode defined for component null
2024-01-23 12:22:51,035 [WARN] ModelIntegratedComponent:63 - No mode defined for component null
2024-01-23 12:22:51,035 [WARN] ModelIntegratedComponent:63 - No mode defined for component null
2024-01-23 12:22:51,035 [WARN] ModelIntegratedComponent:63 - No mode defined for component null
2024-01-23 12:22:51,035 [WARN] ModelIntegratedComponent:63 - No mode defined for component null
2024-01-23 12:22:51,035 [WARN] ModelIntegratedComponent:63 - No mode defined for component null
2024-01-23 12:22:51,035 [WARN] ModelIntegratedComponent:63 - No mode defined for component null
2024-01-23 12:22:51,036 [WARN] ModelIntegratedComponent:63 - No mode defined for component null
2024-01-23 12:22:51,036 [WARN] ModelIntegratedComponent:63 - No mode defined for component null
2024-01-23 12:22:51,036 [WARN] ModelIntegratedComponent:63 - No mode defined for component null
2024-01-23 12:22:51,036 [WARN] ModelIntegratedComponent:63 - No mode defined for component null
2024-01-23 12:22:51,036 [WARN] ModelIntegratedComponent:63 - No mode defined for component null
2024-01-23 12:22:51,036 [WARN] ModelIntegratedComponent:63 - No mode defined for component null
2024-01-23 12:22:51,140 [INFO] ThirdPartyModel:298 - Start build external matchings
2024-01-23 12:22:51,395 [INFO] ThirdPartyModel:316 - End build external matchings
2024-01-23 12:22:51,431 [INFO] ImportTextPane:194 - (OptionalMessage_ERROR) IP (DMA) : Parameter (Instance) has Id (ADC) currently not set
2024-01-23 12:22:51,431 [INFO] ImportTextPane:194 - (OptionalMessage_ERROR) IP (DMA) : Parameter (Direction) has Id (ADC) currently not set
2024-01-23 12:22:51,431 [INFO] ImportTextPane:194 - (OptionalMessage_ERROR) IP (DMA) : Parameter (PeriphInc) has Id (ADC) currently not set
2024-01-23 12:22:51,431 [INFO] ImportTextPane:194 - (OptionalMessage_ERROR) IP (DMA) : Parameter (MemInc) has Id (ADC) currently not set
2024-01-23 12:22:51,432 [INFO] ImportTextPane:194 - (OptionalMessage_ERROR) IP (DMA) : Parameter (PeriphDataAlignment) has Id (ADC) currently not set
2024-01-23 12:22:51,432 [INFO] ImportTextPane:194 - (OptionalMessage_ERROR) IP (DMA) : Parameter (MemDataAlignment) has Id (ADC) currently not set
2024-01-23 12:22:51,432 [INFO] ImportTextPane:194 - (OptionalMessage_ERROR) IP (DMA) : Parameter (Mode) has Id (ADC) currently not set
2024-01-23 12:22:51,432 [INFO] ImportTextPane:194 - (OptionalMessage_ERROR) IP (DMA) : Parameter (Priority) has Id (ADC) currently not set
2024-01-23 12:22:51,434 [INFO] ImportTextPane:194 - (OptionalMessage_ERROR) IP (RCC) : Invalid parameter (FamilyName)
2024-01-23 12:22:51,434 [INFO] ImportTextPane:194 - (OptionalMessage_ERROR) IP (RCC) : Invalid parameter (HSICECFreq_Value)
2024-01-23 12:22:51,728 [INFO] UtilMem:75 - End LoadConfig() Used Memory: 192408352 Bytes (657457152)
2024-01-23 12:22:51,931 [INFO] ApiDb:581 - Connected to CubeFinder SQLite database (C:\Users\aleja\.stmcufinder\plugins\mcufinder\mcu\cube-finder-db.db)
2024-01-23 12:22:52,027 [INFO] ApiDb:668 - CubeFinder database Data Model version=2.1
2024-01-23 12:22:52,027 [INFO] ApiDb:669 - CubeFinder database Configuration version=3.0.39
2024-01-23 12:22:52,029 [INFO] ApiDb:670 - CubeFinder database generation date=2023-12-08 (1702028721)
2024-01-23 12:22:52,029 [INFO] ApiDb:671 - CubeFinder database FW Pack versions=[FP-ATR-ASTRA1_V2.0.0, FP-SNS-FLIGHT1_V5.0.1, FP-SNS-FLIGHT1_V5.0.2, FP-SNS-MOTENV1_V4.3.1, FP-SNS-MOTENV1_V4.3.2, FP-SNS-MOTENVWB1_V1.3.1, FP-SNS-SMARTAG2_V1.2.0, STM32Cube_FW_C0_V1.1.0, STM32Cube_FW_F4_V1.28.0, STM32Cube_FW_F7_V1.17.0, STM32Cube_FW_G0_V1.6.1, STM32Cube_FW_G4_V1.5.1, STM32Cube_FW_H5_V0.5.1, STM32Cube_FW_H5_V1.1.1, STM32Cube_FW_H5_V1.2.0RC2, STM32Cube_FW_H7_V1.11.0, STM32Cube_FW_L0_V1.12.2, STM32Cube_FW_L5_V1.5.0, STM32Cube_FW_U5_V1.3.0RC4, STM32Cube_FW_U5_V1.4.0, STM32Cube_FW_WBA_V1.0.0RC1, STM32Cube_FW_WBA_V1.1.0RC1, STM32Cube_FW_WBA_V1.2.0, STM32Cube_FW_WBA_V1.2.0RC2, STM32Cube_FW_WB_V1.15.0RC1, STM32Cube_FW_WB_V1.16.0, STM32Cube_FW_WB_V1.16.0RC2, STM32Cube_FW_WB_V1.18.0, STM32Cube_FW_WL_V1.3.0, X-CUBE-ALGOBUILD_V1.3.0, X-CUBE-ALS_V1.0.1, X-CUBE-AZRTOS-F4_V1.1.0, X-CUBE-AZRTOS-F7_V1.1.0, X-CUBE-AZRTOS-G0_V1.1.0, X-CUBE-AZRTOS-G4_V2.0.0, X-CUBE-AZRTOS-H7_V3.1.0, X-CUBE-AZRTOS-L4_V1.0.0, X-CUBE-AZRTOS-L4_V2.0.0, X-CUBE-AZRTOS-L5_V1.1.0, X-CUBE-AZRTOS-WB_V2.0.0, X-CUBE-AZRTOS-WL_V2.0.0, X-CUBE-BLE1_V7.0.0, X-CUBE-BLE2_V3.3.0, X-CUBE-BLEMGR_V3.0.0, X-CUBE-EEPRMA1_V4.1.0, X-CUBE-EEPRMA1_V4.2.0, X-CUBE-FREERTOS_V1.1.0, X-CUBE-GNSS1_V6.0.0, X-CUBE-MEMS1_V10.0.0, X-CUBE-MEMS1_V9.1.0, X-CUBE-MEMS1_V9.4.0, X-CUBE-MEMS1_V9.6.0, X-CUBE-NFC4_V3.0.0, X-CUBE-NFC7_V1.0.1, X-CUBE-SFXS2LP1_V4.0.0, X-CUBE-SUBG2_V5.0.0, X-CUBE-TOF1_V3.4.0]
2024-01-23 12:22:55,121 [INFO] ApiDb:240 - Found 371 in-development CPN: [B-G473E-ZEST1S, B-WB1M-WPAN1, B-WL5M-SUBG1, NUCLEO-C031C6, NUCLEO-H503RB, NUCLEO-H563ZI, NUCLEO-U545RE-Q, NUCLEO-U5A5ZJ-Q, NUCLEO-WBA52CG, NUCLEO-WBA55CG, STEVAL-MKBOXPRO, STEVAL-PROTEUS1, STEVAL-STWINBX1, STM320518-EVAL, STM32C0116-DK, STM32C011D6Y3TR, STM32C011D6Y6TR, STM32C011F4P3, STM32C011F4P6, STM32C011F4U3, STM32C011F4U6TR, STM32C011F6P3, STM32C011F6P6, STM32C011F6U3, STM32C011F6U6TR, STM32C011J4M3, STM32C011J4M6, STM32C011J6M3, STM32C011J6M6, STM32C0316-DK, STM32C031C4T3, STM32C031C4T6, STM32C031C4U3, STM32C031C4U6, STM32C031C6T3, STM32C031C6T6, STM32C031C6U3, STM32C031C6U6, STM32C031F4P3, STM32C031F4P6, STM32C031F6P3, STM32C031F6P6, STM32C031G4U3, STM32C031G4U6, STM32C031G6U3, STM32C031G6U6, STM32C031K4T3, STM32C031K4T6, STM32C031K4U3, STM32C031K4U6, STM32C031K6T3, STM32C031K6T6, STM32C031K6U3, STM32C031K6U6, STM32G071K8TXN, STM32G071K8UXN, STM32G081GBU6N, STM32G081KBT6N, STM32G081KBUXN, STM32G0B1CCT6N, STM32G0B1KCT6, STM32G0B1NEY6TR, STM32G0B1RCT6N, STM32G0C1CCT6, STM32G0C1CCT6N, STM32G0C1CCU6N, STM32G0C1CET6N, STM32G0C1CEU6N, STM32G0C1KCT6, STM32G0C1NEY6TR, STM32G0C1RCI6N, STM32G0C1RCT6N, STM32G0C1REI6N, STM32G0C1RET6N, STM32G0C1VCI6, STM32G0C1VEI6, STM32G471CCT6, STM32G471CCU6, STM32G471CET3, STM32G471CET6, STM32G471CEU3, STM32G471CEU6, STM32G471MCT6, STM32G471MET3, STM32G471MET6, STM32G471MEY6TR, STM32G471QCT6, STM32G471QET3, STM32G471RCT6, STM32G471RET3, STM32G471RET6, STM32G471VCH6, STM32G471VCI6, STM32G471VCT6, STM32G471VEH3, STM32G471VEH6, STM32G471VEI3, STM32G471VEI6, STM32G471VET3, STM32G471VET6, STM32G474CCT6, STM32H503CBT6, STM32H503CBU6, STM32H503EBY6TR, STM32H503KBU6, STM32H503RBT6, STM32H562AGI6, STM32H562AII6, STM32H562IGK6, STM32H562IGT6, STM32H562IIK6, STM32H562IIT6, STM32H562RGT6, STM32H562RGV6, STM32H562RIT6, STM32H562RIV6, STM32H562VGT6, STM32H562VIT6, STM32H562ZGT6, STM32H562ZIT6, STM32H563AGI6, STM32H563AII3Q, STM32H563AII6, STM32H563IGK6, STM32H563IGT6, STM32H563IIK3Q, STM32H563IIK6, STM32H563IIT3Q, STM32H563IIT6, STM32H563MIY3QTR, STM32H563RGT6, STM32H563RGV6, STM32H563RIT6, STM32H563RIV6, STM32H563VGT6, STM32H563VIT3Q, STM32H563VIT6, STM32H563ZGT6, STM32H563ZIT3Q, STM32H563ZIT6, STM32H573AII3Q, STM32H573AII6, STM32H573I-DK, STM32H573IIK3Q, STM32H573IIK6, STM32H573IIT3Q, STM32H573IIT6, STM32H573MIY3QTR, STM32H573RIT6, STM32H573RIV6, STM32H573VIT3Q, STM32H573VIT6, STM32H573ZIT3Q, STM32H573ZIT6, STM32L4R5QGI6STR, STM32MP131AAE3, STM32MP131AAF3, STM32MP131AAG3, STM32MP131CAE3, STM32MP131CAF3, STM32MP131CAG3, STM32MP131DAE7, STM32MP131DAF7, STM32MP131DAG7, STM32MP131FAE7, STM32MP131FAF7, STM32MP131FAG7, STM32MP133AAE3, STM32MP133AAF3, STM32MP133AAG3, STM32MP133CAE3, STM32MP133CAF3, STM32MP133CAG3, STM32MP133DAE7, STM32MP133DAF7, STM32MP133DAG7, STM32MP133FAE7, STM32MP133FAF7, STM32MP133FAG7, STM32MP135AAE3, STM32MP135AAF3, STM32MP135AAG3, STM32MP135CAE3, STM32MP135CAF3, STM32MP135CAG3, STM32MP135DAE7, STM32MP135DAF7, STM32MP135DAG7, STM32MP135F-DK, STM32MP135FAE7, STM32MP135FAF7, STM32MP135FAF7T, STM32MP135FAF7U, STM32MP135FAG7, STM32U535CBT6, STM32U535CBT6Q, STM32U535CBU6, STM32U535CBU6Q, STM32U535CCT6, STM32U535CCT6Q, STM32U535CCU6, STM32U535CCU6Q, STM32U535CET6, STM32U535CET6Q, STM32U535CEU6, STM32U535CEU6Q, STM32U535JEY6QTR, STM32U535NCY6QTR, STM32U535NEY6QTR, STM32U535RBI6, STM32U535RBI6Q, STM32U535RBT6, STM32U535RBT6Q, STM32U535RCI6, STM32U535RCI6Q, STM32U535RCT6, STM32U535RCT6Q, STM32U535REI6, STM32U535REI6Q, STM32U535RET6, STM32U535RET6Q, STM32U535VCI6, STM32U535VCI6Q, STM32U535VCT6, STM32U535VCT6Q, STM32U535VEI6, STM32U535VEI6Q, STM32U535VET6, STM32U535VET6Q, STM32U545CET6, STM32U545CET6Q, STM32U545CEU6, STM32U545CEU6Q, STM32U545JEY6QTR, STM32U545NEY6QTR, STM32U545REI6, STM32U545REI6Q, STM32U545RET6, STM32U545RET6Q, STM32U545VEI6, STM32U545VEI6Q, STM32U545VET6, STM32U545VET6Q, STM32U595AIH6, STM32U595AIH6Q, STM32U595AJH6, STM32U595AJH6Q, STM32U595QII6, STM32U595QII6Q, STM32U595QJI6, STM32U595QJI6Q, STM32U595RIT6, STM32U595RIT6Q, STM32U595RJT6, STM32U595RJT6Q, STM32U595VIT6, STM32U595VIT6Q, STM32U595VJT6, STM32U595VJT6Q, STM32U595ZIT6, STM32U595ZIT6Q, STM32U595ZIY6QTR, STM32U595ZJT6, STM32U595ZJT6Q, STM32U595ZJY6QTR, STM32U599BJY6QTR, STM32U599NIH6Q, STM32U599NJH6Q, STM32U599VIT6Q, STM32U599VJT6, STM32U599VJT6Q, STM32U599ZIT6Q, STM32U599ZIY6QTR, STM32U599ZJT6Q, STM32U599ZJY6QTR, STM32U5A5AJH6, STM32U5A5AJH6Q, STM32U5A5QJI6, STM32U5A5QJI6Q, STM32U5A5RJT6, STM32U5A5RJT6Q, STM32U5A5VJT6, STM32U5A5VJT6Q, STM32U5A5ZJT6, STM32U5A5ZJT6Q, STM32U5A5ZJY6QTR, STM32U5A9BJY6QTR, STM32U5A9J-DK, STM32U5A9NJH6Q, STM32U5A9VJT6Q, STM32U5A9ZJT6Q, STM32U5A9ZJY6QTR, STM32U5F7VIT6, STM32U5F7VIT6Q, STM32U5F7VJT6, STM32U5F7VJT6Q, STM32U5F9BJY6QTR, STM32U5F9NJH6Q, STM32U5F9VIT6Q, STM32U5F9VJT6Q, STM32U5F9ZIJ6QTR, STM32U5F9ZIT6Q, STM32U5F9ZJJ6QTR, STM32U5F9ZJT6Q, STM32U5G7VJT6, STM32U5G7VJT6Q, STM32U5G9BJY6QTR, STM32U5G9J-DK1, STM32U5G9J-DK2, STM32U5G9NJH6Q, STM32U5G9VJT6Q, STM32U5G9ZJJ6QTR, STM32U5G9ZJT6Q, STM32WB1MMCH6, STM32WBA50KEU6, STM32WBA50KEU6TR, STM32WBA50KGU6, STM32WBA50KGU6TR, STM32WBA52CEU6, STM32WBA52CEU6TR, STM32WBA52CEU7, STM32WBA52CEU7TR, STM32WBA52CGU6, STM32WBA52CGU6TR, STM32WBA52CGU6U, STM32WBA52CGU7, STM32WBA52CGU7TR, STM32WBA52KEU6, STM32WBA52KEU6TR, STM32WBA52KGU6, STM32WBA52KGU6TR, STM32WBA54CEU6, STM32WBA54CEU6TR, STM32WBA54CEU7, STM32WBA54CEU7TR, STM32WBA54CGU6, STM32WBA54CGU6TR, STM32WBA54CGU7, STM32WBA54CGU7TR, STM32WBA54KEU6, STM32WBA54KEU6TR, STM32WBA54KEU7, STM32WBA54KEU7TR, STM32WBA54KGU6, STM32WBA54KGU6TR, STM32WBA54KGU7, STM32WBA54KGU7TR, STM32WBA55CEU6, STM32WBA55CEU6TR, STM32WBA55CEU7, STM32WBA55CEU7TR, STM32WBA55CGU6, STM32WBA55CGU6TR, STM32WBA55CGU6U, STM32WBA55CGU7, STM32WBA55CGU7TR, STM32WBA55G-DK1, STM32WBA55HEF6, STM32WBA55HEF7, STM32WBA55HGF6, STM32WBA55HGF7, STM32WBA55UEI6, STM32WBA55UEI6TR, STM32WBA55UEI7, STM32WBA55UEI7TR, STM32WBA55UGI6, STM32WBA55UGI6TR, STM32WBA55UGI7, STM32WBA55UGI7TR, STM32WL5MOCH6, STM32WL5MOCH6TR]
2024-01-23 12:22:55,126 [INFO] DbMcus:218 - Found 3930 MCUs, 3930 are supported
2024-01-23 12:22:55,146 [INFO] ApiDb:423 - Load user favorites file C:\Users\aleja/.stm32cubeide/favorites.mcus.txt: 1 item(s)
2024-01-23 12:22:55,148 [INFO] ApiDb:427 - User favorites MCUs=[STM32F042F4P6]
2024-01-23 12:22:55,148 [INFO] DbMcus:224 - Set 1 / 1 favorites MCUs
2024-01-23 12:22:55,684 [INFO] MicroXplorer:468 - Change Database Path : 
2024-01-23 12:22:55,684 [INFO] MicroXplorer:498 - Change Database Version : DB.6.0.100
2024-01-23 12:22:55,686 [WARN] ThirdParty:833 - waiting for thirdparty lock release [change project]
2024-01-23 12:22:55,686 [INFO] ThirdParty:835 - entering critical section [change project]
2024-01-23 12:22:55,686 [INFO] ThirdParty:1030 - CMSIS Pack Vendor :STMicroelectronics X-CUBE-ISPU 1.1.0
2024-01-23 12:22:55,686 [INFO] ThirdParty:1030 - CMSIS Pack Vendor :STMicroelectronics USBPD 4.1
2024-01-23 12:22:55,686 [INFO] ThirdParty:1030 - CMSIS Pack Vendor :STMicroelectronics X-CUBE-GNSS1 6.0.0
2024-01-23 12:22:55,686 [INFO] ThirdParty:1030 - CMSIS Pack Vendor :STMicroelectronics USB_HOST 2.0.0
2024-01-23 12:22:55,686 [INFO] ThirdParty:1030 - CMSIS Pack Vendor :STMicroelectronics X-CUBE-AZRTOS-F4 1.1.0
2024-01-23 12:22:55,686 [INFO] ThirdParty:1030 - CMSIS Pack Vendor :STMicroelectronics LIBJPEG 8.0.0
2024-01-23 12:22:55,686 [INFO] ThirdParty:1030 - CMSIS Pack Vendor :wolfSSL I-CUBE-wolfSSL 5.6.4
2024-01-23 12:22:55,686 [INFO] ThirdParty:1030 - CMSIS Pack Vendor :STMicroelectronics X-CUBE-SMBUS 2.1.0
2024-01-23 12:22:55,686 [INFO] ThirdParty:1030 - CMSIS Pack Vendor :STMicroelectronics USB_DEVICE 3.0.0
2024-01-23 12:22:55,686 [INFO] ThirdParty:1030 - CMSIS Pack Vendor :STMicroelectronics X-CUBE-AZRTOS-WB 2.0.0
2024-01-23 12:22:55,686 [INFO] ThirdParty:1030 - CMSIS Pack Vendor :STMicroelectronics X-CUBE-TOUCHGFX 4.23.0
2024-01-23 12:22:55,686 [INFO] ThirdParty:1030 - CMSIS Pack Vendor :STMicroelectronics X-CUBE-AZRTOS-F7 1.1.0
2024-01-23 12:22:55,686 [INFO] ThirdParty:1030 - CMSIS Pack Vendor :STMicroelectronics X-CUBE-AZRTOS-L5 2.0.0
2024-01-23 12:22:55,686 [INFO] ThirdParty:1030 - CMSIS Pack Vendor :STMicroelectronics USB_DEVICE 2.0.0
2024-01-23 12:22:55,686 [INFO] ThirdParty:1030 - CMSIS Pack Vendor :STMicroelectronics X-CUBE-EEPRMA1 4.2.0
2024-01-23 12:22:55,686 [INFO] ThirdParty:1030 - CMSIS Pack Vendor :ITTIA_DB I-CUBE-ITTIADB 8.8.0
2024-01-23 12:22:55,687 [INFO] ThirdParty:1030 - CMSIS Pack Vendor :STMicroelectronics FP-SNS-MOTENV1 4.3.2
2024-01-23 12:22:55,687 [INFO] ThirdParty:1030 - CMSIS Pack Vendor :STMicroelectronics X-CUBE-ALGOBUILD 1.3.0
2024-01-23 12:22:55,687 [INFO] ThirdParty:1030 - CMSIS Pack Vendor :STMicroelectronics FreeRTOS 0.0.1
2024-01-23 12:22:55,687 [INFO] ThirdParty:1030 - CMSIS Pack Vendor :STMicroelectronics X-CUBE-AZRTOS-G0 1.1.0
2024-01-23 12:22:55,687 [INFO] ThirdParty:1030 - CMSIS Pack Vendor :STMicroelectronics X-CUBE-NFC4 3.0.0
2024-01-23 12:22:55,687 [INFO] ThirdParty:1030 - CMSIS Pack Vendor :STMicroelectronics X-CUBE-SUBG2 5.0.0
2024-01-23 12:22:55,687 [INFO] ThirdParty:1030 - CMSIS Pack Vendor :STMicroelectronics STM32_WPAN 1.0.0
2024-01-23 12:22:55,687 [INFO] ThirdParty:1030 - CMSIS Pack Vendor :STMicroelectronics lwIP 2.0.3
2024-01-23 12:22:55,687 [INFO] ThirdParty:1030 - CMSIS Pack Vendor :STMicroelectronics FP-SNS-FLIGHT1 5.0.2
2024-01-23 12:22:55,687 [INFO] ThirdParty:1030 - CMSIS Pack Vendor :STMicroelectronics USB_HOST 1.0.0
2024-01-23 12:22:55,687 [INFO] ThirdParty:1030 - CMSIS Pack Vendor :STMicroelectronics X-CUBE-AZRTOS-G4 2.0.0
2024-01-23 12:22:55,687 [INFO] ThirdParty:1030 - CMSIS Pack Vendor :STMicroelectronics PDM2PCM 3.1.0
2024-01-23 12:22:55,687 [INFO] ThirdParty:1030 - CMSIS Pack Vendor :STMicroelectronics X-CUBE-AZRTOS-H7 3.1.0
2024-01-23 12:22:55,687 [INFO] ThirdParty:1030 - CMSIS Pack Vendor :Infineon AIROC-Wi-Fi-Bluetooth-STM32 1.5.1
2024-01-23 12:22:55,687 [INFO] ThirdParty:1030 - CMSIS Pack Vendor :STMicroelectronics X-CUBE-BLEMGR 3.0.0
2024-01-23 12:22:55,687 [INFO] ThirdParty:1030 - CMSIS Pack Vendor :STMicroelectronics PDM2PCM 3.3.0
2024-01-23 12:22:55,687 [INFO] ThirdParty:1030 - CMSIS Pack Vendor :STMicroelectronics X-CUBE-DISPLAY 3.0.0
2024-01-23 12:22:55,687 [INFO] ThirdParty:1030 - CMSIS Pack Vendor :STMicroelectronics FP-SNS-MOTENVWB1 1.3.1
2024-01-23 12:22:55,687 [INFO] ThirdParty:1030 - CMSIS Pack Vendor :STMicroelectronics X-CUBE-BLE1 7.0.0
2024-01-23 12:22:55,687 [INFO] ThirdParty:1030 - CMSIS Pack Vendor :STMicroelectronics FP-ATR-SIGFOX1 3.2.0
2024-01-23 12:22:55,687 [INFO] ThirdParty:1030 - CMSIS Pack Vendor :STMicroelectronics X-CUBE-ISPU 2.0.0
2024-01-23 12:22:55,687 [INFO] ThirdParty:1030 - CMSIS Pack Vendor :STMicroelectronics HAL Drivers 0.0.0
2024-01-23 12:22:55,687 [INFO] ThirdParty:1030 - CMSIS Pack Vendor :STMicroelectronics MBEDTLS 2.16.2
2024-01-23 12:22:55,687 [INFO] ThirdParty:1030 - CMSIS Pack Vendor :emotas I-CUBE-CANOPEN 1.3.0
2024-01-23 12:22:55,687 [INFO] ThirdParty:1030 - CMSIS Pack Vendor :STMicroelectronics X-CUBE-MEMS1 10.0.0
2024-01-23 12:22:55,687 [INFO] ThirdParty:1030 - CMSIS Pack Vendor :STMicroelectronics X-CUBE-FREERTOS 1.1.0
2024-01-23 12:22:55,688 [INFO] ThirdParty:1030 - CMSIS Pack Vendor :STMicroelectronics X-CUBE-NFC7 1.0.1
2024-01-23 12:22:55,688 [INFO] ThirdParty:1030 - CMSIS Pack Vendor :STMicroelectronics MBEDTLS 2.14.1
2024-01-23 12:22:55,688 [INFO] ThirdParty:1030 - CMSIS Pack Vendor :STMicroelectronics X-CUBE-TOUCHGFX 4.22.1
2024-01-23 12:22:55,688 [INFO] ThirdParty:1030 - CMSIS Pack Vendor :STMicroelectronics X-CUBE-NFC6 3.0.0
2024-01-23 12:22:55,688 [INFO] ThirdParty:1030 - CMSIS Pack Vendor :portGmbH I-Cube-SoM-uGOAL 1.1.0
2024-01-23 12:22:55,688 [INFO] ThirdParty:1030 - CMSIS Pack Vendor :STMicroelectronics X-CUBE-ALS 1.0.1
2024-01-23 12:22:55,688 [INFO] ThirdParty:1030 - CMSIS Pack Vendor :STMicroelectronics ThreadX 1.0.0
2024-01-23 12:22:55,688 [INFO] ThirdParty:1030 - CMSIS Pack Vendor :STMicroelectronics FP-SNS-SMARTAG2 1.2.0
2024-01-23 12:22:55,688 [INFO] ThirdParty:1030 - CMSIS Pack Vendor :STMicroelectronics X-CUBE-AZRTOS-WL 2.0.0
2024-01-23 12:22:55,688 [INFO] ThirdParty:1030 - CMSIS Pack Vendor :STMicroelectronics USB_DEVICE 1.0.0
2024-01-23 12:22:55,688 [INFO] ThirdParty:1030 - CMSIS Pack Vendor :STMicroelectronics X-CUBE-AI 8.1.0
2024-01-23 12:22:55,688 [INFO] ThirdParty:1030 - CMSIS Pack Vendor :STMicroelectronics X-CUBE-AZRTOS-L4 2.0.0
2024-01-23 12:22:55,688 [INFO] ThirdParty:1030 - CMSIS Pack Vendor :STMicroelectronics ThreadX 0.0.2
2024-01-23 12:22:55,688 [INFO] ThirdParty:1030 - CMSIS Pack Vendor :WES I-CUBE-Cesium 1.3.0
2024-01-23 12:22:55,688 [INFO] ThirdParty:1030 - CMSIS Pack Vendor :STMicroelectronics FP-ATR-ASTRA1 2.0.0
2024-01-23 12:22:55,688 [INFO] ThirdParty:1030 - CMSIS Pack Vendor :STMicroelectronics lwIP 2.1.2
2024-01-23 12:22:55,688 [INFO] ThirdParty:1030 - CMSIS Pack Vendor :STMicroelectronics X-CUBE-SFXS2LP1 4.0.0
2024-01-23 12:22:55,688 [INFO] ThirdParty:1030 - CMSIS Pack Vendor :STMicroelectronics X-CUBE-BLE2 3.3.0
2024-01-23 12:22:55,688 [INFO] ThirdParty:1030 - CMSIS Pack Vendor :STMicroelectronics X-CUBE-TOF1 3.4.0
2024-01-23 12:22:55,688 [INFO] ThirdParty:1030 - CMSIS Pack Vendor :STMicroelectronics X-CUBE-AZRTOS-H7 3.2.0
2024-01-23 12:22:55,688 [INFO] ThirdParty:1030 - CMSIS Pack Vendor :STMicroelectronics PDM2PCM 3.2.0
2024-01-23 12:22:55,688 [INFO] ThirdParty:841 - exiting critical section [change project]
2024-01-23 12:22:56,118 [INFO] PinOutPanel:1499 - setPackage(No Configuration,No Configuration)
2024-01-23 12:22:56,122 [INFO] PinOutPanel:1499 - setPackage(STM32F042F4Px,TSSOP20)
2024-01-23 12:22:57,559 [INFO] UtilMem:75 - Before build in PCC Used Memory: 293555136 Bytes (639631360)
2024-01-23 12:22:58,838 [INFO] UtilMem:75 - After build in PCC Used Memory: 367477696 Bytes (639631360)
2024-01-23 12:22:58,879 [INFO] IPUIPlugin:80 - create IPUIPlugin
2024-01-23 12:22:58,879 [INFO] IPUIPlugin:80 - create IPUIPlugin
2024-01-23 12:22:58,879 [INFO] IPUIPlugin:80 - create IPUIPlugin
2024-01-23 12:22:58,879 [INFO] IPUIPlugin:80 - create IPUIPlugin
2024-01-23 12:22:58,879 [INFO] IPUIPlugin:80 - create IPUIPlugin
2024-01-23 12:22:58,880 [INFO] IPUIPlugin:80 - create IPUIPlugin
2024-01-23 12:22:58,880 [INFO] IPUIPlugin:80 - create IPUIPlugin
2024-01-23 12:22:58,880 [INFO] IPUIPlugin:80 - create IPUIPlugin
2024-01-23 12:22:58,880 [INFO] IPUIPlugin:80 - create IPUIPlugin
2024-01-23 12:22:58,880 [INFO] IPUIPlugin:80 - create IPUIPlugin
2024-01-23 12:22:58,880 [INFO] IPUIPlugin:80 - create IPUIPlugin
2024-01-23 12:22:58,881 [INFO] IPUIPlugin:80 - create IPUIPlugin
2024-01-23 12:22:58,881 [INFO] IPUIPlugin:80 - create IPUIPlugin
2024-01-23 12:22:58,881 [INFO] IPUIPlugin:80 - create IPUIPlugin
2024-01-23 12:22:58,881 [INFO] IPUIPlugin:80 - create IPUIPlugin
2024-01-23 12:22:58,882 [INFO] IPUIPlugin:80 - create IPUIPlugin
2024-01-23 12:22:58,882 [INFO] IPUIPlugin:80 - create IPUIPlugin
2024-01-23 12:22:58,882 [INFO] IPUIPlugin:80 - create IPUIPlugin
2024-01-23 12:22:58,883 [INFO] IPUIPlugin:80 - create IPUIPlugin
2024-01-23 12:22:58,883 [INFO] IPUIPlugin:80 - create IPUIPlugin
2024-01-23 12:22:58,883 [INFO] IPUIPlugin:80 - create IPUIPlugin
2024-01-23 12:22:58,884 [INFO] IPUIPlugin:80 - create IPUIPlugin
2024-01-23 12:22:58,884 [INFO] IPUIPlugin:80 - create IPUIPlugin
2024-01-23 12:22:58,884 [INFO] IPUIPlugin:80 - create IPUIPlugin
2024-01-23 12:22:58,884 [INFO] IPUIPlugin:80 - create IPUIPlugin
2024-01-23 12:22:58,885 [INFO] IPUIPlugin:80 - create IPUIPlugin
2024-01-23 12:22:58,885 [INFO] IPUIPlugin:80 - create IPUIPlugin
2024-01-23 12:22:58,886 [INFO] IPUIPlugin:80 - create IPUIPlugin
2024-01-23 12:22:58,886 [INFO] IPUIPlugin:80 - create IPUIPlugin
2024-01-23 12:22:58,886 [INFO] IPUIPlugin:80 - create IPUIPlugin
2024-01-23 12:22:58,933 [INFO] Can:71 - Can Add PropertyChangeListener com.st.microxplorer.plugins.ip.can.Can@525c8f99
2024-01-23 12:22:59,229 [INFO] CADModel:165 - CPN selected for project levelSTM32F042F4P6
2024-01-23 12:22:59,229 [INFO] CADModel:114 - Register for checkConnection events
2024-01-23 12:22:59,294 [INFO] OpenFileManager:343 - Restore cursor
2024-01-23 12:23:33,669 [INFO] UtilMem:75 - End SaveConfig() Used Memory: 309129784 Bytes (639631360)
2024-01-23 12:23:34,760 [INFO] UtilMem:75 - End SaveConfig() Used Memory: 364915352 Bytes (639631360)
2024-01-23 12:23:35,299 [INFO] BlockDiagram:2759 - set Specific Code input for plugin: ADC
2024-01-23 12:23:35,301 [INFO] BlockDiagram:2759 - set Specific Code input for plugin: NVIC
2024-01-23 12:23:35,301 [INFO] BlockDiagram:2759 - set Specific Code input for plugin: DMA
2024-01-23 12:23:35,301 [INFO] BlockDiagram:2759 - set Specific Code input for plugin: TIM1_8F0
2024-01-23 12:23:35,301 [INFO] BlockDiagram:2759 - set Specific Code input for plugin: SYS
2024-01-23 12:23:35,302 [INFO] BlockDiagram:2759 - set Specific Code input for plugin: GPIO
2024-01-23 12:23:35,302 [INFO] BlockDiagram:2759 - set Specific Code input for plugin: CAN
2024-01-23 12:23:35,302 [INFO] BlockDiagram:2759 - set Specific Code input for plugin: RCC
2024-01-23 12:23:35,302 [INFO] CodeGenerator:807 - code generatio: config db path: C:\ST\STM32CubeIDE_1.13.2\STM32CubeIDE\plugins\com.st.stm32cube.common.mx_6.10.0.202311202037\\db\
2024-01-23 12:23:35,620 [INFO] CodeEngine:255 - oldGeneratedFile, C:\Users\aleja\OneDrive\Escritorio\gettingStartedSTM\newNode\MXTmpFiles\license.tmp_save
2024-01-23 12:23:36,078 [INFO] CodeEngine:279 - Generated code: C:\Users\aleja\OneDrive\Escritorio\gettingStartedSTM\newNode\MXTmpFiles\license.tmp
2024-01-23 12:23:36,403 [INFO] CodeEngine:255 - oldGeneratedFile, C:\Users\aleja\OneDrive\Escritorio\gettingStartedSTM\newNode\MXTmpFiles\gpio.tmp_save
2024-01-23 12:23:36,579 [INFO] CodeEngine:279 - Generated code: C:\Users\aleja\OneDrive\Escritorio\gettingStartedSTM\newNode\MXTmpFiles\gpio.tmp
2024-01-23 12:23:37,008 [INFO] CodeEngine:255 - oldGeneratedFile, C:\Users\aleja\OneDrive\Escritorio\gettingStartedSTM\newNode\MXTmpFiles\dma.tmp_save
2024-01-23 12:23:37,169 [INFO] CodeEngine:279 - Generated code: C:\Users\aleja\OneDrive\Escritorio\gettingStartedSTM\newNode\MXTmpFiles\dma.tmp
2024-01-23 12:23:37,190 [INFO] CodeEngine:255 - oldGeneratedFile, C:\Users\aleja\OneDrive\Escritorio\gettingStartedSTM\newNode\MXTmpFiles\dma_GV.tmp_save
2024-01-23 12:23:37,291 [INFO] CodeEngine:279 - Generated code: C:\Users\aleja\OneDrive\Escritorio\gettingStartedSTM\newNode\MXTmpFiles\dma_GV.tmp
2024-01-23 12:23:37,349 [INFO] CodeEngine:255 - oldGeneratedFile, C:\Users\aleja\OneDrive\Escritorio\gettingStartedSTM\newNode\Core\Src\stm32f0xx_it.c_save
2024-01-23 12:23:37,537 [INFO] CodeEngine:279 - Generated code: C:\Users\aleja\OneDrive\Escritorio\gettingStartedSTM\newNode\Core\Src\stm32f0xx_it.c
2024-01-23 12:23:37,571 [INFO] CodeEngine:255 - oldGeneratedFile, C:\Users\aleja\OneDrive\Escritorio\gettingStartedSTM\newNode\Core\Inc\stm32f0xx_it.h_save
2024-01-23 12:23:37,683 [INFO] CodeEngine:279 - Generated code: C:\Users\aleja\OneDrive\Escritorio\gettingStartedSTM\newNode\Core\Inc\stm32f0xx_it.h
2024-01-23 12:23:37,733 [INFO] CodeEngine:255 - oldGeneratedFile, C:\Users\aleja\OneDrive\Escritorio\gettingStartedSTM\newNode\Core\Src\stm32f0xx_hal_msp.c_save
2024-01-23 12:23:37,922 [INFO] CodeEngine:279 - Generated code: C:\Users\aleja\OneDrive\Escritorio\gettingStartedSTM\newNode\Core\Src\stm32f0xx_hal_msp.c
2024-01-23 12:23:37,939 [INFO] CodeEngine:255 - oldGeneratedFile, C:\Users\aleja\OneDrive\Escritorio\gettingStartedSTM\newNode\MXTmpFiles\system.tmp_save
2024-01-23 12:23:38,035 [INFO] CodeEngine:279 - Generated code: C:\Users\aleja\OneDrive\Escritorio\gettingStartedSTM\newNode\MXTmpFiles\system.tmp
2024-01-23 12:23:38,078 [INFO] CodeEngine:311 - oldGeneratedFile, C:\Users\aleja\OneDrive\Escritorio\gettingStartedSTM\newNode\Core\Inc\stm32f0xx_hal_conf.h_save
2024-01-23 12:23:38,231 [INFO] CodeEngine:335 - Generated code: C:\Users\aleja\OneDrive\Escritorio\gettingStartedSTM\newNode\Core\Inc\stm32f0xx_hal_conf.h
2024-01-23 12:23:38,280 [WARN] IPConfigManager:3440 - IP not found : TIM
2024-01-23 12:23:38,283 [WARN] CodeGenerator:3939 - IP not found : null
2024-01-23 12:23:38,333 [INFO] CodeEngine:255 - oldGeneratedFile, C:\Users\aleja\OneDrive\Escritorio\gettingStartedSTM\newNode\Core\Inc\main.h_save
2024-01-23 12:23:38,475 [INFO] CodeEngine:279 - Generated code: C:\Users\aleja\OneDrive\Escritorio\gettingStartedSTM\newNode\Core\Inc\main.h
2024-01-23 12:23:38,521 [INFO] CodeEngine:255 - oldGeneratedFile, C:\Users\aleja\OneDrive\Escritorio\gettingStartedSTM\newNode\Core\Src\main.c_save
2024-01-23 12:23:38,855 [INFO] CodeEngine:279 - Generated code: C:\Users\aleja\OneDrive\Escritorio\gettingStartedSTM\newNode\Core\Src\main.c
2024-01-23 12:23:39,898 [INFO] ProjectBuilder:3076 - Time for Copy HAL[1] : 383mS.
2024-01-23 12:23:39,911 [INFO] ProjectBuilder:4485 - Project Generator version: 4.2.0-B44
2024-01-23 12:23:40,333 [INFO] ConfigFileManager:1495 - The Die is : DIE445
2024-01-23 12:23:40,370 [INFO] ApiDbMcu:508 - Load IP Config File for FATFS
2024-01-23 12:23:40,395 [INFO] ApiDbMcu:508 - Load IP Config File for FREERTOS
2024-01-23 12:23:40,427 [INFO] ApiDbMcu:508 - Load IP Config File for TOUCHSENSING
2024-01-23 12:23:40,446 [INFO] ApiDbMcu:508 - Load IP Config File for USB_DEVICE
2024-01-23 12:23:41,939 [INFO] LogOutputStream:77 - [STDOUT_REDIRECT] 
2024-01-23 12:23:44,520 [INFO] ProjectBuilder:4747 - Time for Generating toolchain IDE Files: 4608mS.
2024-01-23 12:23:44,522 [INFO] ProjectBuilder:2947 - Time for Copy CMSIS : 1mS.
2024-01-23 12:23:44,529 [INFO] ProjectBuilder:2947 - Time for Copy CMSIS : 0mS.
2024-01-23 12:25:33,060 [INFO] UtilMem:75 - End SaveConfig() Used Memory: 409491312 Bytes (860880896)
2024-01-23 12:25:33,831 [INFO] UtilMem:75 - End SaveConfig() Used Memory: 434640568 Bytes (860880896)
2024-01-23 12:25:34,186 [INFO] BlockDiagram:2759 - set Specific Code input for plugin: ADC
2024-01-23 12:25:34,186 [INFO] BlockDiagram:2759 - set Specific Code input for plugin: NVIC
2024-01-23 12:25:34,187 [INFO] BlockDiagram:2759 - set Specific Code input for plugin: DMA
2024-01-23 12:25:34,187 [INFO] BlockDiagram:2759 - set Specific Code input for plugin: TIM1_8F0
2024-01-23 12:25:34,187 [INFO] BlockDiagram:2759 - set Specific Code input for plugin: SYS
2024-01-23 12:25:34,187 [INFO] BlockDiagram:2759 - set Specific Code input for plugin: GPIO
2024-01-23 12:25:34,187 [INFO] BlockDiagram:2759 - set Specific Code input for plugin: CAN
2024-01-23 12:25:34,187 [INFO] BlockDiagram:2759 - set Specific Code input for plugin: RCC
2024-01-23 12:25:34,188 [INFO] CodeGenerator:807 - code generatio: config db path: C:\ST\STM32CubeIDE_1.13.2\STM32CubeIDE\plugins\com.st.stm32cube.common.mx_6.10.0.202311202037\\db\
2024-01-23 12:25:34,193 [INFO] Argument:325 - Argument : hdmavalue: null
2024-01-23 12:25:34,194 [INFO] Argument:327 - 	 sub Args: 
2024-01-23 12:25:34,194 [INFO] Argument:325 - Argument : Instancevalue: DMA1_Channel1
2024-01-23 12:25:34,194 [INFO] Argument:335 - Argument : Instancevalue: DMA1_Channel1
2024-01-23 12:25:34,194 [INFO] Argument:325 - Argument : Initvalue: null
2024-01-23 12:25:34,195 [INFO] Argument:327 - 	 sub Args: 
2024-01-23 12:25:34,195 [INFO] Argument:325 - Argument : Directionvalue: DMA_PERIPH_TO_MEMORY
2024-01-23 12:25:34,195 [INFO] Argument:335 - Argument : Directionvalue: DMA_PERIPH_TO_MEMORY
2024-01-23 12:25:34,195 [INFO] Argument:325 - Argument : PeriphIncvalue: DMA_PINC_DISABLE
2024-01-23 12:25:34,195 [INFO] Argument:335 - Argument : PeriphIncvalue: DMA_PINC_DISABLE
2024-01-23 12:25:34,195 [INFO] Argument:325 - Argument : MemIncvalue: DMA_MINC_ENABLE
2024-01-23 12:25:34,195 [INFO] Argument:335 - Argument : MemIncvalue: DMA_MINC_ENABLE
2024-01-23 12:25:34,195 [INFO] Argument:325 - Argument : PeriphDataAlignmentvalue: DMA_PDATAALIGN_HALFWORD
2024-01-23 12:25:34,195 [INFO] Argument:335 - Argument : PeriphDataAlignmentvalue: DMA_PDATAALIGN_HALFWORD
2024-01-23 12:25:34,195 [INFO] Argument:325 - Argument : MemDataAlignmentvalue: DMA_MDATAALIGN_HALFWORD
2024-01-23 12:25:34,195 [INFO] Argument:335 - Argument : MemDataAlignmentvalue: DMA_MDATAALIGN_HALFWORD
2024-01-23 12:25:34,195 [INFO] Argument:325 - Argument : Modevalue: DMA_CIRCULAR
2024-01-23 12:25:34,195 [INFO] Argument:335 - Argument : Modevalue: DMA_CIRCULAR
2024-01-23 12:25:34,195 [INFO] Argument:325 - Argument : Priorityvalue: DMA_PRIORITY_HIGH
2024-01-23 12:25:34,196 [INFO] Argument:335 - Argument : Priorityvalue: DMA_PRIORITY_HIGH
2024-01-23 12:25:34,196 [INFO] Argument:325 - Argument : Lockvalue: null
2024-01-23 12:25:34,196 [INFO] Argument:335 - Argument : Lockvalue: null
2024-01-23 12:25:34,196 [INFO] Argument:325 - Argument : Statevalue: null
2024-01-23 12:25:34,196 [INFO] Argument:335 - Argument : Statevalue: null
2024-01-23 12:25:34,196 [INFO] Argument:325 - Argument : Parentvalue: null
2024-01-23 12:25:34,196 [INFO] Argument:335 - Argument : Parentvalue: null
2024-01-23 12:25:34,196 [INFO] Argument:325 - Argument : XferCpltCallbackvalue: null
2024-01-23 12:25:34,196 [INFO] Argument:335 - Argument : XferCpltCallbackvalue: null
2024-01-23 12:25:34,196 [INFO] Argument:325 - Argument : XferHalfCpltCallbackvalue: null
2024-01-23 12:25:34,196 [INFO] Argument:335 - Argument : XferHalfCpltCallbackvalue: null
2024-01-23 12:25:34,196 [INFO] Argument:325 - Argument : XferErrorCallbackvalue: null
2024-01-23 12:25:34,196 [INFO] Argument:335 - Argument : XferErrorCallbackvalue: null
2024-01-23 12:25:34,196 [INFO] Argument:325 - Argument : ErrorCodevalue: null
2024-01-23 12:25:34,196 [INFO] Argument:335 - Argument : ErrorCodevalue: null
2024-01-23 12:25:34,196 [INFO] Argument:325 - Argument : DMA_Remapvalue: null
2024-01-23 12:25:34,197 [INFO] Argument:335 - Argument : DMA_Remapvalue: null
2024-01-23 12:25:34,347 [INFO] CodeEngine:255 - oldGeneratedFile, C:\Users\aleja\OneDrive\Escritorio\gettingStartedSTM\newNode\MXTmpFiles\license.tmp_save
2024-01-23 12:25:34,473 [INFO] CodeEngine:279 - Generated code: C:\Users\aleja\OneDrive\Escritorio\gettingStartedSTM\newNode\MXTmpFiles\license.tmp
2024-01-23 12:25:34,517 [INFO] CodeEngine:255 - oldGeneratedFile, C:\Users\aleja\OneDrive\Escritorio\gettingStartedSTM\newNode\MXTmpFiles\gpio.tmp_save
2024-01-23 12:25:34,635 [INFO] CodeEngine:279 - Generated code: C:\Users\aleja\OneDrive\Escritorio\gettingStartedSTM\newNode\MXTmpFiles\gpio.tmp
2024-01-23 12:25:34,848 [INFO] CodeEngine:255 - oldGeneratedFile, C:\Users\aleja\OneDrive\Escritorio\gettingStartedSTM\newNode\MXTmpFiles\dma.tmp_save
2024-01-23 12:25:34,962 [INFO] CodeEngine:279 - Generated code: C:\Users\aleja\OneDrive\Escritorio\gettingStartedSTM\newNode\MXTmpFiles\dma.tmp
2024-01-23 12:25:34,970 [INFO] CodeEngine:255 - oldGeneratedFile, C:\Users\aleja\OneDrive\Escritorio\gettingStartedSTM\newNode\MXTmpFiles\dma_GV.tmp_save
2024-01-23 12:25:35,052 [INFO] CodeEngine:279 - Generated code: C:\Users\aleja\OneDrive\Escritorio\gettingStartedSTM\newNode\MXTmpFiles\dma_GV.tmp
2024-01-23 12:25:35,086 [INFO] CodeEngine:255 - oldGeneratedFile, C:\Users\aleja\OneDrive\Escritorio\gettingStartedSTM\newNode\Core\Src\stm32f0xx_it.c_save
2024-01-23 12:25:35,213 [INFO] CodeEngine:279 - Generated code: C:\Users\aleja\OneDrive\Escritorio\gettingStartedSTM\newNode\Core\Src\stm32f0xx_it.c
2024-01-23 12:25:35,225 [INFO] CodeEngine:255 - oldGeneratedFile, C:\Users\aleja\OneDrive\Escritorio\gettingStartedSTM\newNode\Core\Inc\stm32f0xx_it.h_save
2024-01-23 12:25:35,302 [INFO] CodeEngine:279 - Generated code: C:\Users\aleja\OneDrive\Escritorio\gettingStartedSTM\newNode\Core\Inc\stm32f0xx_it.h
2024-01-23 12:25:35,328 [INFO] CodeEngine:255 - oldGeneratedFile, C:\Users\aleja\OneDrive\Escritorio\gettingStartedSTM\newNode\Core\Src\stm32f0xx_hal_msp.c_save
2024-01-23 12:25:35,494 [INFO] CodeEngine:279 - Generated code: C:\Users\aleja\OneDrive\Escritorio\gettingStartedSTM\newNode\Core\Src\stm32f0xx_hal_msp.c
2024-01-23 12:25:35,501 [INFO] CodeEngine:255 - oldGeneratedFile, C:\Users\aleja\OneDrive\Escritorio\gettingStartedSTM\newNode\MXTmpFiles\system.tmp_save
2024-01-23 12:25:35,557 [INFO] CodeEngine:279 - Generated code: C:\Users\aleja\OneDrive\Escritorio\gettingStartedSTM\newNode\MXTmpFiles\system.tmp
2024-01-23 12:25:35,596 [INFO] CodeEngine:311 - oldGeneratedFile, C:\Users\aleja\OneDrive\Escritorio\gettingStartedSTM\newNode\Core\Inc\stm32f0xx_hal_conf.h_save
2024-01-23 12:25:35,741 [INFO] CodeEngine:335 - Generated code: C:\Users\aleja\OneDrive\Escritorio\gettingStartedSTM\newNode\Core\Inc\stm32f0xx_hal_conf.h
2024-01-23 12:25:35,778 [WARN] IPConfigManager:3440 - IP not found : TIM
2024-01-23 12:25:35,779 [WARN] CodeGenerator:3939 - IP not found : null
2024-01-23 12:25:35,810 [INFO] CodeEngine:255 - oldGeneratedFile, C:\Users\aleja\OneDrive\Escritorio\gettingStartedSTM\newNode\Core\Inc\main.h_save
2024-01-23 12:25:35,908 [INFO] CodeEngine:279 - Generated code: C:\Users\aleja\OneDrive\Escritorio\gettingStartedSTM\newNode\Core\Inc\main.h
2024-01-23 12:25:35,938 [INFO] CodeEngine:255 - oldGeneratedFile, C:\Users\aleja\OneDrive\Escritorio\gettingStartedSTM\newNode\Core\Src\main.c_save
2024-01-23 12:25:36,104 [INFO] CodeEngine:279 - Generated code: C:\Users\aleja\OneDrive\Escritorio\gettingStartedSTM\newNode\Core\Src\main.c
2024-01-23 12:25:36,856 [INFO] ProjectBuilder:3076 - Time for Copy HAL[1] : 184mS.
2024-01-23 12:25:36,860 [INFO] ProjectBuilder:4485 - Project Generator version: 4.2.0-B44
2024-01-23 12:25:37,037 [INFO] ConfigFileManager:1495 - The Die is : DIE445
2024-01-23 12:25:38,762 [INFO] ProjectBuilder:4747 - Time for Generating toolchain IDE Files: 1902mS.
2024-01-23 12:25:38,763 [INFO] ProjectBuilder:2947 - Time for Copy CMSIS : 1mS.
2024-01-23 12:25:38,768 [INFO] ProjectBuilder:2947 - Time for Copy CMSIS : 0mS.
2024-01-23 15:18:37,221 [INFO] NvicIntPanel:101 - NVIC parent = com.st.microxplorer.plugins.ip.nvic.MultiNvicIntPanel[,0,0,450x117,layout=javax.swing.BoxLayout,alignmentX=0.0,alignmentY=0.0,border=,flags=9,maximumSize=,minimumSize=,preferredSize=]
2024-01-23 16:20:43,007 [ERROR] LogOutputStream:75 - [STDERR_REDIRECT] 
2024-01-23 16:20:43,009 [ERROR] LogOutputStream:75 - [STDERR_REDIRECT] 
2024-01-23 16:35:25,219 [INFO] Activator:176 - 


2024-01-23 16:35:25,219 [INFO] Activator:177 - !SESSION log4j initialized
2024-01-23 16:35:33,315 [INFO] LogOutputStream:77 - [STDOUT_REDIRECT] 
2024-01-23 16:35:34,473 [INFO] ApplicationProperties:184 - Using Application install path: C:\ST\STM32CubeIDE_1.13.2\STM32CubeIDE\plugins\com.st.stm32cube.common.mx_6.10.0.202311202037
2024-01-23 16:35:34,492 [INFO] DbMcusXml:78 - Set database path to: C:\ST\STM32CubeIDE_1.13.2\STM32CubeIDE\plugins\com.st.stm32cube.common.mx_6.10.0.202311202037\\db\/mcu/
2024-01-23 16:35:34,492 [INFO] ApiDb:274 - Set plugin database path to: C:\ST\STM32CubeIDE_1.13.2\STM32CubeIDE\plugins\com.st.stm32cube.common.mx_6.10.0.202311202037\\db\/plugins/boardmanager/
2024-01-23 16:35:34,493 [WARN] ApiDb:259 - Overriding images path with different value:  => C:\ST\STM32CubeIDE_1.13.2\STM32CubeIDE\plugins\com.st.stm32cube.common.mx_6.10.0.202311202037\\db\/plugins/mcufinder/images/
2024-01-23 16:35:34,501 [INFO] ApiDb:250 - Set database path to: C:\Users\aleja\.stmcufinder\plugins\mcufinder//mcu/
2024-01-23 16:35:34,502 [INFO] DbMcusAds:125 - Set database path to: C:\Users\aleja\.stmcufinder\plugins\mcufinder//mcu/
2024-01-23 16:35:34,504 [INFO] CrossReferenceDbSqlite:203 - Set database path to: C:\Users\aleja\.stmcufinder\plugins\mcufinder//mcu/cs/
2024-01-23 16:35:34,612 [INFO] RulesReader:64 - Compatibility file has been processed (297 Rules)
2024-01-23 16:35:34,686 [INFO] DbMcusXml:78 - Set database path to: C:\ST\STM32CubeIDE_1.13.2\STM32CubeIDE\plugins\com.st.stm32cube.common.mx_6.10.0.202311202037\\db\/mcu/
2024-01-23 16:35:34,686 [INFO] ApiDb:274 - Set plugin database path to: C:\ST\STM32CubeIDE_1.13.2\STM32CubeIDE\plugins\com.st.stm32cube.common.mx_6.10.0.202311202037\\db\/plugins/boardmanager/
2024-01-23 16:35:34,686 [INFO] ApiDb:261 - Set plugin images path to: C:\ST\STM32CubeIDE_1.13.2\STM32CubeIDE\plugins\com.st.stm32cube.common.mx_6.10.0.202311202037\\db\/plugins/mcufinder/images/
2024-01-23 16:35:34,687 [WARN] DbFile:41 - Overriding database path with different value: C:\Users\aleja\.stmcufinder\plugins\mcufinder/ => C:\Users\aleja\.stmcufinder\plugins\mcufinder
2024-01-23 16:35:34,687 [INFO] ApiDb:250 - Set database path to: C:\Users\aleja\.stmcufinder\plugins\mcufinder//mcu/
2024-01-23 16:35:34,687 [WARN] DbFile:41 - Overriding database path with different value: C:\Users\aleja\.stmcufinder\plugins\mcufinder/ => C:\Users\aleja\.stmcufinder\plugins\mcufinder
2024-01-23 16:35:34,687 [INFO] DbMcusAds:125 - Set database path to: C:\Users\aleja\.stmcufinder\plugins\mcufinder//mcu/
2024-01-23 16:35:34,687 [WARN] DbFile:41 - Overriding database path with different value: C:\Users\aleja\.stmcufinder\plugins\mcufinder/ => C:\Users\aleja\.stmcufinder\plugins\mcufinder
2024-01-23 16:35:34,687 [WARN] DbFile:41 - Overriding database path with different value: C:\Users\aleja\.stmcufinder\plugins\mcufinder/ => C:\Users\aleja\.stmcufinder\plugins\mcufinder
2024-01-23 16:35:34,687 [INFO] CrossReferenceDbSqlite:203 - Set database path to: C:\Users\aleja\.stmcufinder\plugins\mcufinder//mcu/cs/
2024-01-23 16:35:34,765 [INFO] MainPanel:264 - HeapMemory: 268435456
2024-01-23 16:35:34,850 [INFO] DbMcusXml:78 - Set database path to: C:\ST\STM32CubeIDE_1.13.2\STM32CubeIDE\plugins\com.st.stm32cube.common.mx_6.10.0.202311202037\\db\/mcu/
2024-01-23 16:35:34,850 [INFO] ApiDb:274 - Set plugin database path to: C:\ST\STM32CubeIDE_1.13.2\STM32CubeIDE\plugins\com.st.stm32cube.common.mx_6.10.0.202311202037\\db\/plugins/boardmanager/
2024-01-23 16:35:34,851 [INFO] ApiDb:261 - Set plugin images path to: C:\ST\STM32CubeIDE_1.13.2\STM32CubeIDE\plugins\com.st.stm32cube.common.mx_6.10.0.202311202037\\db\/plugins/mcufinder/images/
2024-01-23 16:35:34,851 [WARN] DbFile:41 - Overriding database path with different value: C:\Users\aleja\.stmcufinder\plugins\mcufinder/ => C:\Users\aleja\.stmcufinder\plugins\mcufinder
2024-01-23 16:35:34,851 [INFO] ApiDb:250 - Set database path to: C:\Users\aleja\.stmcufinder\plugins\mcufinder//mcu/
2024-01-23 16:35:34,851 [WARN] DbFile:41 - Overriding database path with different value: C:\Users\aleja\.stmcufinder\plugins\mcufinder/ => C:\Users\aleja\.stmcufinder\plugins\mcufinder
2024-01-23 16:35:34,851 [INFO] DbMcusAds:125 - Set database path to: C:\Users\aleja\.stmcufinder\plugins\mcufinder//mcu/
2024-01-23 16:35:34,851 [WARN] DbFile:41 - Overriding database path with different value: C:\Users\aleja\.stmcufinder\plugins\mcufinder/ => C:\Users\aleja\.stmcufinder\plugins\mcufinder
2024-01-23 16:35:34,851 [WARN] DbFile:41 - Overriding database path with different value: C:\Users\aleja\.stmcufinder\plugins\mcufinder/ => C:\Users\aleja\.stmcufinder\plugins\mcufinder
2024-01-23 16:35:34,851 [INFO] CrossReferenceDbSqlite:203 - Set database path to: C:\Users\aleja\.stmcufinder\plugins\mcufinder//mcu/cs/
2024-01-23 16:35:34,869 [INFO] ApplicationProperties:184 - Using Application install path: C:\ST\STM32CubeIDE_1.13.2\STM32CubeIDE\plugins\com.st.stm32cube.common.mx_6.10.0.202311202037
2024-01-23 16:35:34,871 [INFO] PluginManage:196 - Search for loadable plugins [exclusion list=, ]
2024-01-23 16:35:34,873 [INFO] PluginManage:310 - Check plugin analytics
2024-01-23 16:35:35,060 [INFO] AnalyticsPlugin:253 - Accepted Software Licenses: 
2024-01-23 16:35:35,060 [INFO] AnalyticsPlugin:255 - Accepted CMSIS Pack Licenses: 
2024-01-23 16:35:35,060 [INFO] AnalyticsPlugin:257 - Accepted Firmware Licenses: 
2024-01-23 16:35:35,064 [INFO] PluginManage:359 - Loaded plugin analytics (category:tool,tabindex:-1)
2024-01-23 16:35:35,064 [INFO] PluginManage:310 - Check plugin cadmodel
2024-01-23 16:35:35,081 [INFO] CADModel:105 - Init CAD model plugin
2024-01-23 16:35:35,081 [INFO] PluginManage:359 - Loaded plugin cadmodel (category:power,tabindex:5)
2024-01-23 16:35:35,082 [INFO] PluginManage:310 - Check plugin clock
2024-01-23 16:35:35,106 [INFO] PluginManage:359 - Loaded plugin clock (category:base,tabindex:2)
2024-01-23 16:35:35,106 [INFO] PluginManage:310 - Check plugin ddr
2024-01-23 16:35:35,109 [INFO] PluginManage:359 - Loaded plugin ddr (category:tool,tabindex:6)
2024-01-23 16:35:35,109 [INFO] PluginManage:310 - Check plugin filemanager
2024-01-23 16:35:35,259 [INFO] PluginManage:359 - Loaded plugin filemanager (category:base,tabindex:10)
2024-01-23 16:35:35,260 [INFO] PluginManage:310 - Check plugin ipmanager
2024-01-23 16:35:35,266 [INFO] PluginManage:359 - Loaded plugin ipmanager (category:base,tabindex:5)
2024-01-23 16:35:35,266 [INFO] PluginManage:310 - Check plugin lpbam
2024-01-23 16:35:35,282 [INFO] PluginManage:359 - Loaded plugin lpbam (category:base,tabindex:0)
2024-01-23 16:35:35,282 [INFO] PluginManage:310 - Check plugin memorymap
2024-01-23 16:35:35,305 [INFO] PluginManage:359 - Loaded plugin memorymap (category:base,tabindex:4)
2024-01-23 16:35:35,305 [INFO] PluginManage:310 - Check plugin pinoutandconfiguration
2024-01-23 16:35:35,320 [INFO] PluginManage:359 - Loaded plugin pinoutandconfiguration (category:base,tabindex:1)
2024-01-23 16:35:35,320 [INFO] PluginManage:310 - Check plugin pinoutconfig
2024-01-23 16:35:35,413 [WARN] SupportedApi:132 - Cannot load RTOS API schema: s4s-elt-must-match.1: The content of 'definitions' must match (annotation?, (simpleType | complexType)?, (unique | key | keyref)*)). A problem was found starting at: attribute.
2024-01-23 16:35:35,546 [INFO] PluginManage:359 - Loaded plugin pinoutconfig (category:base,tabindex:0)
2024-01-23 16:35:35,546 [INFO] PluginManage:310 - Check plugin power
2024-01-23 16:35:35,566 [INFO] PluginManage:359 - Loaded plugin power (category:power,tabindex:4)
2024-01-23 16:35:35,567 [INFO] PluginManage:310 - Check plugin projectmanager
2024-01-23 16:35:35,582 [INFO] PluginManage:359 - Loaded plugin projectmanager (category:projectmanager,tabindex:3)
2024-01-23 16:35:35,582 [INFO] PluginManage:310 - Check plugin thirdparty
2024-01-23 16:35:35,848 [WARN] IntegrityCheckThread:84 - waiting for thirdparty lock release [integrity check]
2024-01-23 16:35:35,848 [INFO] IntegrityCheckThread:86 - entering critical section [integrity check]
2024-01-23 16:35:35,849 [INFO] ThirdPartyUpdaterWithRetryManager:70 - Updater plugin not ready yet. [1/15]
2024-01-23 16:35:35,849 [INFO] PluginManage:359 - Loaded plugin thirdparty (category:base,tabindex:-1)
2024-01-23 16:35:35,849 [INFO] PluginManage:310 - Check plugin tools
2024-01-23 16:35:35,881 [INFO] PluginManage:359 - Loaded plugin tools (category:base,tabindex:7)
2024-01-23 16:35:35,881 [INFO] PluginManage:310 - Check plugin tutovideos
2024-01-23 16:35:36,092 [INFO] PluginManage:359 - Loaded plugin tutovideos (category:base,tabindex:-1)
2024-01-23 16:35:36,092 [INFO] PluginManage:310 - Check plugin updater
2024-01-23 16:35:36,108 [INFO] PluginManage:359 - Loaded plugin updater (category:base,tabindex:12)
2024-01-23 16:35:36,108 [INFO] PluginManage:310 - Check plugin userauth
2024-01-23 16:35:36,114 [INFO] UserAuth:114 - Init User Auth plugin
2024-01-23 16:35:36,114 [INFO] PluginManage:359 - Loaded plugin userauth (category:base,tabindex:14)
2024-01-23 16:35:36,115 [INFO] PluginManage:283 - PluginManage : Loaded plugins [17]
2024-01-23 16:35:36,324 [INFO] PinOutPanel:1499 - setPackage(No Configuration,No Configuration)
2024-01-23 16:35:36,389 [INFO] CADModel:165 - CPN selected for project level
2024-01-23 16:35:36,390 [INFO] CADModel:114 - Register for checkConnection events
2024-01-23 16:35:36,416 [INFO] IPUIPlugin:80 - create IPUIPlugin
2024-01-23 16:35:36,416 [INFO] PluginManager:220 - loadIPPluginJar : add adc
2024-01-23 16:35:36,447 [INFO] IPUIPlugin:80 - create IPUIPlugin
2024-01-23 16:35:36,447 [INFO] PluginManager:220 - loadIPPluginJar : add aes
2024-01-23 16:35:36,482 [INFO] IPUIPlugin:80 - create IPUIPlugin
2024-01-23 16:35:36,482 [INFO] PluginManager:220 - loadIPPluginJar : add can
2024-01-23 16:35:36,502 [INFO] IPUIPlugin:80 - create IPUIPlugin
2024-01-23 16:35:36,502 [INFO] PluginManager:220 - loadIPPluginJar : add comp
2024-01-23 16:35:36,534 [INFO] IPUIPlugin:80 - create IPUIPlugin
2024-01-23 16:35:36,534 [INFO] PluginManager:220 - loadIPPluginJar : add cryp
2024-01-23 16:35:36,559 [INFO] IPUIPlugin:80 - create IPUIPlugin
2024-01-23 16:35:36,559 [INFO] PluginManager:220 - loadIPPluginJar : add dfsdm
2024-01-23 16:35:36,574 [INFO] IPUIPlugin:80 - create IPUIPlugin
2024-01-23 16:35:36,575 [INFO] PluginManager:220 - loadIPPluginJar : add dma
2024-01-23 16:35:36,615 [INFO] IPUIPlugin:80 - create IPUIPlugin
2024-01-23 16:35:36,615 [INFO] PluginManager:220 - loadIPPluginJar : add dma3
2024-01-23 16:35:36,632 [INFO] IPUIPlugin:80 - create IPUIPlugin
2024-01-23 16:35:36,632 [INFO] PluginManager:220 - loadIPPluginJar : add fatfs
2024-01-23 16:35:36,670 [INFO] IPUIPlugin:80 - create IPUIPlugin
2024-01-23 16:35:36,670 [INFO] PluginManager:220 - loadIPPluginJar : add fmc
2024-01-23 16:35:36,686 [INFO] IPUIPlugin:80 - create IPUIPlugin
2024-01-23 16:35:36,686 [INFO] PluginManager:220 - loadIPPluginJar : add freertos
2024-01-23 16:35:36,704 [INFO] IPUIPlugin:80 - create IPUIPlugin
2024-01-23 16:35:36,704 [INFO] PluginManager:220 - loadIPPluginJar : add genericplugin
2024-01-23 16:35:36,779 [INFO] IPUIPlugin:80 - create IPUIPlugin
2024-01-23 16:35:36,779 [INFO] PluginManager:220 - loadIPPluginJar : add gfxmmu
2024-01-23 16:35:36,887 [INFO] IPUIPlugin:80 - create IPUIPlugin
2024-01-23 16:35:36,887 [INFO] PluginManager:220 - loadIPPluginJar : add gic
2024-01-23 16:35:36,899 [INFO] IPUIPlugin:80 - create IPUIPlugin
2024-01-23 16:35:36,899 [INFO] PluginManager:220 - loadIPPluginJar : add gpio
2024-01-23 16:35:36,974 [INFO] IPUIPlugin:80 - create IPUIPlugin
2024-01-23 16:35:36,974 [INFO] PluginManager:220 - loadIPPluginJar : add gtzc
2024-01-23 16:35:37,005 [INFO] IPUIPlugin:80 - create IPUIPlugin
2024-01-23 16:35:37,005 [INFO] PluginManager:220 - loadIPPluginJar : add hash
2024-01-23 16:35:37,050 [INFO] IPUIPlugin:80 - create IPUIPlugin
2024-01-23 16:35:37,051 [INFO] PluginManager:220 - loadIPPluginJar : add i2c
2024-01-23 16:35:37,083 [INFO] IPUIPlugin:80 - create IPUIPlugin
2024-01-23 16:35:37,083 [INFO] PluginManager:220 - loadIPPluginJar : add i2s
2024-01-23 16:35:37,119 [INFO] IPUIPlugin:80 - create IPUIPlugin
2024-01-23 16:35:37,119 [INFO] PluginManager:220 - loadIPPluginJar : add i3c
2024-01-23 16:35:37,222 [INFO] IPUIPlugin:80 - create IPUIPlugin
2024-01-23 16:35:37,222 [INFO] PluginManager:220 - loadIPPluginJar : add ipddr
2024-01-23 16:35:37,300 [INFO] IPUIPlugin:80 - create IPUIPlugin
2024-01-23 16:35:37,300 [INFO] PluginManager:220 - loadIPPluginJar : add linkedlist
2024-01-23 16:35:37,331 [INFO] IPUIPlugin:80 - create IPUIPlugin
2024-01-23 16:35:37,331 [INFO] PluginManager:220 - loadIPPluginJar : add lorawan
2024-01-23 16:35:37,370 [INFO] IPUIPlugin:80 - create IPUIPlugin
2024-01-23 16:35:37,370 [INFO] PluginManager:220 - loadIPPluginJar : add ltdc
2024-01-23 16:35:37,384 [INFO] IPUIPlugin:80 - create IPUIPlugin
2024-01-23 16:35:37,385 [INFO] PluginManager:220 - loadIPPluginJar : add mdma
2024-01-23 16:35:37,395 [INFO] IPUIPlugin:80 - create IPUIPlugin
2024-01-23 16:35:37,395 [INFO] PluginManager:220 - loadIPPluginJar : add nvic
2024-01-23 16:35:37,430 [INFO] IPUIPlugin:80 - create IPUIPlugin
2024-01-23 16:35:37,430 [INFO] PluginManager:220 - loadIPPluginJar : add opamp
2024-01-23 16:35:37,481 [INFO] IPUIPlugin:80 - create IPUIPlugin
2024-01-23 16:35:37,481 [INFO] PluginManager:220 - loadIPPluginJar : add openamp
2024-01-23 16:35:37,518 [INFO] IPUIPlugin:80 - create IPUIPlugin
2024-01-23 16:35:37,518 [INFO] PluginManager:220 - loadIPPluginJar : add pdm2pcm
2024-01-23 16:35:37,531 [INFO] IPUIPlugin:80 - create IPUIPlugin
2024-01-23 16:35:37,533 [INFO] PluginManager:220 - loadIPPluginJar : add plateformsettings
2024-01-23 16:35:37,551 [INFO] IPUIPlugin:80 - create IPUIPlugin
2024-01-23 16:35:37,552 [INFO] PluginManager:220 - loadIPPluginJar : add quadspi
2024-01-23 16:35:37,562 [INFO] IPUIPlugin:80 - create IPUIPlugin
2024-01-23 16:35:37,562 [INFO] PluginManager:220 - loadIPPluginJar : add resmgrutility
2024-01-23 16:35:37,601 [INFO] IPUIPlugin:80 - create IPUIPlugin
2024-01-23 16:35:37,601 [INFO] PluginManager:220 - loadIPPluginJar : add sai
2024-01-23 16:35:37,633 [INFO] IPUIPlugin:80 - create IPUIPlugin
2024-01-23 16:35:37,633 [INFO] PluginManager:220 - loadIPPluginJar : add spi
2024-01-23 16:35:37,694 [INFO] IPUIPlugin:80 - create IPUIPlugin
2024-01-23 16:35:37,694 [INFO] PluginManager:220 - loadIPPluginJar : add stm32_wpan
2024-01-23 16:35:37,714 [INFO] IPUIPlugin:80 - create IPUIPlugin
2024-01-23 16:35:37,714 [INFO] PluginManager:220 - loadIPPluginJar : add tim
2024-01-23 16:35:37,760 [INFO] IPUIPlugin:80 - create IPUIPlugin
2024-01-23 16:35:37,760 [INFO] PluginManager:220 - loadIPPluginJar : add touchsensing
2024-01-23 16:35:37,780 [INFO] IPUIPlugin:80 - create IPUIPlugin
2024-01-23 16:35:37,781 [INFO] PluginManager:220 - loadIPPluginJar : add tracer_emb
2024-01-23 16:35:37,801 [INFO] IPUIPlugin:80 - create IPUIPlugin
2024-01-23 16:35:37,801 [INFO] PluginManager:220 - loadIPPluginJar : add ts
2024-01-23 16:35:37,822 [INFO] IPUIPlugin:80 - create IPUIPlugin
2024-01-23 16:35:37,822 [INFO] PluginManager:220 - loadIPPluginJar : add tsc
2024-01-23 16:35:37,842 [INFO] IPUIPlugin:80 - create IPUIPlugin
2024-01-23 16:35:37,842 [INFO] PluginManager:220 - loadIPPluginJar : add ucpd
2024-01-23 16:35:37,879 [INFO] IPUIPlugin:80 - create IPUIPlugin
2024-01-23 16:35:37,879 [INFO] PluginManager:220 - loadIPPluginJar : add usart
2024-01-23 16:35:37,915 [INFO] IPUIPlugin:80 - create IPUIPlugin
2024-01-23 16:35:37,916 [INFO] PluginManager:220 - loadIPPluginJar : add usbx
2024-01-23 16:35:38,039 [INFO] CADModel:165 - CPN selected for project level
2024-01-23 16:35:38,039 [INFO] CADModel:114 - Register for checkConnection events
2024-01-23 16:35:38,039 [FATAL] Updater:308 - Updater called before beeing initialized
2024-01-23 16:35:38,039 [ERROR] CADModel:125 - Updater not yet initialized, retry later 
2024-01-23 16:35:38,177 [INFO] CADModel:165 - CPN selected for project level
2024-01-23 16:35:38,177 [INFO] CADModel:114 - Register for checkConnection events
2024-01-23 16:35:38,177 [FATAL] Updater:308 - Updater called before beeing initialized
2024-01-23 16:35:38,177 [ERROR] CADModel:125 - Updater not yet initialized, retry later 
2024-01-23 16:35:38,180 [FATAL] Updater:308 - Updater called before beeing initialized
2024-01-23 16:35:38,283 [FATAL] Updater:308 - Updater called before beeing initialized
2024-01-23 16:35:38,292 [INFO] DbMcusAds:53 - JSON generation date=Wed Nov 29 11:52:27 CET 2023 (1701255147200)
2024-01-23 16:35:38,292 [FATAL] Updater:308 - Updater called before beeing initialized
2024-01-23 16:35:38,359 [WARN] DetailPanel:346 - Failed to get advertising image, set to default
2024-01-23 16:35:38,432 [FATAL] Updater:308 - Updater called before beeing initialized
2024-01-23 16:35:38,434 [FATAL] Updater:308 - Updater called before beeing initialized
2024-01-23 16:35:38,434 [FATAL] Updater:308 - Updater called before beeing initialized
2024-01-23 16:35:38,434 [WARN] DetailPanel:346 - Failed to get advertising image, set to default
2024-01-23 16:35:38,435 [FATAL] Updater:308 - Updater called before beeing initialized
2024-01-23 16:35:38,505 [ERROR] Updater:1120 - MainUpdater not yet initialized. External WinMGr cannot be set.
2024-01-23 16:35:38,515 [INFO] Updater:1056 - Updater Version found : 6.10.0
2024-01-23 16:35:38,536 [INFO] ApplicationProperties:184 - Using Application install path: C:\ST\STM32CubeIDE_1.13.2\STM32CubeIDE\plugins\com.st.stm32cube.common.mx_6.10.0.202311202037
2024-01-23 16:35:38,850 [INFO] ThirdPartyUpdaterWithRetryManager:70 - Updater plugin not ready yet. [2/15]
2024-01-23 16:35:40,138 [ERROR] LogOutputStream:75 - [STDERR_REDIRECT] Jan 23, 2024 4:35:40 PM java.util.prefs.WindowsPreferences <init>
2024-01-23 16:35:40,140 [ERROR] LogOutputStream:75 - [STDERR_REDIRECT] WARNING: Could not open/create prefs root node Software\JavaSoft\Prefs at root 0xffffffff80000002. Windows RegCreateKeyEx(...) returned error code 5.
2024-01-23 16:35:40,140 [ERROR] LogOutputStream:75 - [STDERR_REDIRECT] 
2024-01-23 16:35:40,579 [INFO] MainUpdater:2873 - connection check result : 10
2024-01-23 16:35:40,580 [INFO] MainUpdater:290 - Updater Check For Update Now.
2024-01-23 16:35:40,580 [INFO] MicroXplorer:498 - Change Database Version : DB.6.0.100
2024-01-23 16:35:40,593 [INFO] McuFinderGlobals:63 - Set McuFinder mode to 2 (CubeIDE integrated)
2024-01-23 16:35:40,613 [INFO] UserAuth:404 - Internet connection configuration mode: 1
2024-01-23 16:35:40,656 [INFO] JxBrowserEngine:152 - Initiate JxBrowser Engine with user profile folder
2024-01-23 16:35:40,780 [INFO] CheckServerUpdateThread:120 - End of CheckServer Thread
2024-01-23 16:35:41,999 [WARN] PackLoader:240 - Cannot read IP mode file for STMicroelectronics.X-CUBE-SMBUS.2.1.0
2024-01-23 16:35:42,013 [WARN] PackLoader:240 - Cannot read IP mode file for STMicroelectronics.X-CUBE-TOUCHGFX.4.23.0
2024-01-23 16:35:42,052 [WARN] PackLoader:240 - Cannot read IP mode file for STMicroelectronics.X-CUBE-AZRTOS-F7.1.1.0
2024-01-23 16:35:42,068 [WARN] PackLoader:240 - Cannot read IP mode file for STMicroelectronics.FP-SNS-MOTENV1.4.3.2
2024-01-23 16:35:42,083 [WARN] PackLoader:240 - Cannot read IP mode file for STMicroelectronics.FP-SNS-FLIGHT1.5.0.2
2024-01-23 16:35:42,099 [WARN] PackLoader:240 - Cannot read IP mode file for STMicroelectronics.X-CUBE-DISPLAY.3.0.0
2024-01-23 16:35:42,119 [WARN] PackLoader:240 - Cannot read IP mode file for STMicroelectronics.X-CUBE-BLE1.7.0.0
2024-01-23 16:35:42,133 [WARN] PackLoader:240 - Cannot read IP mode file for emotas.I-CUBE-CANOPEN.1.3.0
2024-01-23 16:35:42,144 [WARN] PackLoader:240 - Cannot read IP mode file for STMicroelectronics.X-CUBE-TOUCHGFX.4.22.1
2024-01-23 16:35:42,155 [WARN] PackLoader:240 - Cannot read IP mode file for STMicroelectronics.FP-SNS-SMARTAG2.1.2.0
2024-01-23 16:35:42,181 [INFO] LogOutputStream:77 - [STDOUT_REDIRECT] 1 : Invalid condition id : UX_CORESTACK_Condition cause : null
2024-01-23 16:35:42,182 [INFO] LogOutputStream:77 - [STDOUT_REDIRECT] 1 : Invalid condition id : UX_CORESTACK_Condition cause : null
2024-01-23 16:35:42,183 [INFO] LogOutputStream:77 - [STDOUT_REDIRECT] 1 : Invalid condition id : UX_CORESTACK_Condition cause : null
2024-01-23 16:35:42,185 [INFO] LogOutputStream:77 - [STDOUT_REDIRECT] 1 : Invalid condition id : UX_CORESTACK_Condition cause : null
2024-01-23 16:35:42,186 [INFO] LogOutputStream:77 - [STDOUT_REDIRECT] 1 : Invalid condition id : UX_CORESTACK_Condition cause : null
2024-01-23 16:35:42,197 [WARN] PackLoader:240 - Cannot read IP mode file for STMicroelectronics.X-CUBE-AZRTOS-WL.2.0.0
2024-01-23 16:35:42,219 [WARN] PackLoader:240 - Cannot read IP mode file for WES.I-CUBE-Cesium.1.3.0
2024-01-23 16:35:42,235 [WARN] PackLoader:240 - Cannot read IP mode file for STMicroelectronics.X-CUBE-BLE2.3.3.0
2024-01-23 16:35:42,252 [WARN] PackLoader:240 - Cannot read IP mode file for STMicroelectronics.X-CUBE-ALGOBUILD.1.3.0
2024-01-23 16:35:42,289 [WARN] PackLoader:240 - Cannot read IP mode file for STMicroelectronics.X-CUBE-AZRTOS-G0.1.1.0
2024-01-23 16:35:42,314 [WARN] PackLoader:240 - Cannot read IP mode file for STMicroelectronics.X-CUBE-NFC4.3.0.0
2024-01-23 16:35:42,337 [WARN] PackLoader:240 - Cannot read IP mode file for STMicroelectronics.X-CUBE-BLEMGR.3.0.0
2024-01-23 16:35:42,354 [WARN] PackLoader:240 - Cannot read IP mode file for STMicroelectronics.FP-ATR-SIGFOX1.3.2.0
2024-01-23 16:35:42,371 [WARN] PackLoader:240 - Cannot read IP mode file for STMicroelectronics.X-CUBE-GNSS1.6.0.0
2024-01-23 16:35:42,399 [WARN] PackLoader:240 - Cannot read IP mode file for STMicroelectronics.X-CUBE-AZRTOS-F4.1.1.0
2024-01-23 16:35:42,414 [WARN] PackLoader:240 - Cannot read IP mode file for wolfSSL.I-CUBE-wolfSSL.5.6.4
2024-01-23 16:35:42,441 [WARN] PackLoader:240 - Cannot read IP mode file for STMicroelectronics.X-CUBE-AZRTOS-L5.2.0.0
2024-01-23 16:35:42,459 [WARN] PackLoader:240 - Cannot read IP mode file for STMicroelectronics.X-CUBE-EEPRMA1.4.2.0
2024-01-23 16:35:42,474 [WARN] PackLoader:240 - Cannot read IP mode file for ITTIA_DB.I-CUBE-ITTIADB.8.8.0
2024-01-23 16:35:42,508 [WARN] ConditionMgr:438 - getConditionDescription Invalid condition id : UX DEVICE CLASS RTOS Condition cause : null
2024-01-23 16:35:42,508 [WARN] ConditionMgr:438 - getConditionDescription Invalid condition id : UX DEVICE CLASS RTOS Condition cause : null
2024-01-23 16:35:42,511 [WARN] PackLoader:240 - Cannot read IP mode file for STMicroelectronics.X-CUBE-AZRTOS-H7.3.1.0
2024-01-23 16:35:42,512 [WARN] ConditionMgr:1039 - genDependencies : Invalid condition id : UX DEVICE CLASS RTOS Condition cause : null
2024-01-23 16:35:42,512 [WARN] ConditionMgr:1039 - genDependencies : Invalid condition id : UX DEVICE CLASS RTOS Condition cause : null
2024-01-23 16:35:42,513 [WARN] ConditionMgr:1039 - genDependencies : Invalid condition id : UX DEVICE CLASS RTOS Condition cause : null
2024-01-23 16:35:42,513 [WARN] ConditionMgr:1039 - genDependencies : Invalid condition id : UX DEVICE CLASS RTOS Condition cause : null
2024-01-23 16:35:42,513 [WARN] ConditionMgr:1039 - genDependencies : Invalid condition id : UX DEVICE CLASS RTOS Condition cause : null
2024-01-23 16:35:42,530 [WARN] PackLoader:240 - Cannot read IP mode file for STMicroelectronics.X-CUBE-NFC7.1.0.1
2024-01-23 16:35:42,547 [WARN] PackLoader:240 - Cannot read IP mode file for STMicroelectronics.X-CUBE-NFC6.3.0.0
2024-01-23 16:35:42,561 [WARN] PackLoader:240 - Cannot read IP mode file for STMicroelectronics.X-CUBE-AI.8.1.0
2024-01-23 16:35:42,585 [WARN] ConditionMgr:438 - getConditionDescription Invalid condition id : LAN8742 Phy interface Condition cause : null
2024-01-23 16:35:42,585 [WARN] PackLoader:240 - Cannot read IP mode file for STMicroelectronics.X-CUBE-AZRTOS-L4.2.0.0
2024-01-23 16:35:42,586 [WARN] ConditionMgr:1039 - genDependencies : Invalid condition id : LAN8742 Phy interface Condition cause : null
2024-01-23 16:35:42,586 [WARN] ConditionMgr:1039 - genDependencies : Invalid condition id : LAN8742 Phy interface Condition cause : null
2024-01-23 16:35:42,587 [WARN] ConditionMgr:1039 - genDependencies : Invalid condition id : LAN8742 Phy interface Condition cause : null
2024-01-23 16:35:42,603 [WARN] PackLoader:240 - Cannot read IP mode file for STMicroelectronics.X-CUBE-SFXS2LP1.4.0.0
2024-01-23 16:35:42,618 [WARN] PackLoader:240 - Cannot read IP mode file for STMicroelectronics.X-CUBE-ISPU.1.1.0
2024-01-23 16:35:42,644 [WARN] ConditionMgr:438 - getConditionDescription Invalid condition id : UX DEVICE CLASS RTOS Condition cause : null
2024-01-23 16:35:42,645 [WARN] ConditionMgr:438 - getConditionDescription Invalid condition id : UX DEVICE CLASS RTOS Condition cause : null
2024-01-23 16:35:42,646 [WARN] PackLoader:240 - Cannot read IP mode file for STMicroelectronics.X-CUBE-AZRTOS-WB.2.0.0
2024-01-23 16:35:42,646 [WARN] ConditionMgr:1039 - genDependencies : Invalid condition id : UX DEVICE CLASS RTOS Condition cause : null
2024-01-23 16:35:42,646 [WARN] ConditionMgr:1039 - genDependencies : Invalid condition id : UX DEVICE CLASS RTOS Condition cause : null
2024-01-23 16:35:42,647 [WARN] ConditionMgr:1039 - genDependencies : Invalid condition id : UX DEVICE CLASS RTOS Condition cause : null
2024-01-23 16:35:42,647 [WARN] ConditionMgr:1039 - genDependencies : Invalid condition id : UX DEVICE CLASS RTOS Condition cause : null
2024-01-23 16:35:42,647 [WARN] ConditionMgr:1039 - genDependencies : Invalid condition id : UX DEVICE CLASS RTOS Condition cause : null
2024-01-23 16:35:42,669 [WARN] PackLoader:240 - Cannot read IP mode file for STMicroelectronics.X-CUBE-SUBG2.5.0.0
2024-01-23 16:35:42,711 [WARN] PackLoader:240 - Cannot read IP mode file for STMicroelectronics.X-CUBE-AZRTOS-G4.2.0.0
2024-01-23 16:35:42,733 [WARN] PackLoader:240 - Cannot read IP mode file for Infineon.AIROC-Wi-Fi-Bluetooth-STM32.1.5.1
2024-01-23 16:35:42,751 [WARN] PackLoader:240 - Cannot read IP mode file for STMicroelectronics.FP-SNS-MOTENVWB1.1.3.1
2024-01-23 16:35:42,761 [WARN] PackLoader:240 - Cannot read IP mode file for STMicroelectronics.X-CUBE-ISPU.2.0.0
2024-01-23 16:35:42,818 [WARN] PackLoader:240 - Cannot read IP mode file for STMicroelectronics.X-CUBE-MEMS1.10.0.0
2024-01-23 16:35:42,945 [WARN] PackLoader:240 - Cannot read IP mode file for STMicroelectronics.X-CUBE-FREERTOS.1.1.0
2024-01-23 16:35:42,969 [WARN] PackLoader:240 - Cannot read IP mode file for portGmbH.I-Cube-SoM-uGOAL.1.1.0
2024-01-23 16:35:43,001 [WARN] PackLoader:240 - Cannot read IP mode file for STMicroelectronics.X-CUBE-ALS.1.0.1
2024-01-23 16:35:43,027 [WARN] PackLoader:240 - Cannot read IP mode file for STMicroelectronics.FP-ATR-ASTRA1.2.0.0
2024-01-23 16:35:43,059 [WARN] PackLoader:240 - Cannot read IP mode file for STMicroelectronics.X-CUBE-TOF1.3.4.0
2024-01-23 16:35:43,119 [WARN] PackLoader:240 - Cannot read IP mode file for STMicroelectronics.X-CUBE-AZRTOS-H7.3.2.0
2024-01-23 16:35:43,124 [INFO] ThirdParty:978 - Integrity check success = true
2024-01-23 16:35:43,125 [INFO] IntegrityCheckThread:100 - exiting critical section [integrity check]
2024-01-23 16:35:43,125 [INFO] IntegrityCheckThread:103 - End integrity checks thread
2024-01-23 16:35:43,584 [INFO] WebApp:161 - Instantiating new browser for Auth
2024-01-23 16:35:44,759 [INFO] WebApp:780 - Register for checkConnection events
2024-01-23 16:35:44,759 [INFO] WebApp:414 - Apply proxy settings
2024-01-23 16:35:44,759 [INFO] WebApp:499 - Chromium requires no authentication
2024-01-23 16:35:44,769 [INFO] WebApp:442 - Direct internet connection detected
2024-01-23 16:35:44,936 [INFO] WebApp:192 - Starting web application
2024-01-23 16:35:44,936 [INFO] WebApp:544 - Web application path used C:\ST\STM32CubeIDE_1.13.2\STM32CubeIDE\plugins\com.st.stm32cube.common.mx_6.10.0.202311202037\db\plugins\mcufinder\reactClient1\index.html
2024-01-23 16:35:54,337 [ERROR] LogOutputStream:75 - [STDERR_REDIRECT] SLF4J: Failed to load class "org.slf4j.impl.StaticLoggerBinder".
2024-01-23 16:35:54,338 [ERROR] LogOutputStream:75 - [STDERR_REDIRECT] SLF4J: Defaulting to no-operation (NOP) logger implementation
2024-01-23 16:35:54,339 [ERROR] LogOutputStream:75 - [STDERR_REDIRECT] SLF4J: See http://www.slf4j.org/codes.html#StaticLoggerBinder for further details.
2024-01-23 16:47:07,796 [ERROR] LogOutputStream:75 - [STDERR_REDIRECT] 
2024-01-23 16:47:07,796 [ERROR] LogOutputStream:75 - [STDERR_REDIRECT] 
