2024-01-30 11:04:04,972 [ERROR] LogOutputStream:75 - [STDERR_REDIRECT] 
2024-01-30 12:04:03,069 [INFO] Activator:176 - 


2024-01-30 12:04:03,077 [INFO] Activator:177 - !SESSION log4j initialized
2024-01-30 12:04:12,709 [INFO] LogOutputStream:77 - [STDOUT_REDIRECT] 
2024-01-30 12:04:14,085 [INFO] ApplicationProperties:184 - Using Application install path: C:\ST\STM32CubeIDE_1.13.2\STM32CubeIDE\plugins\com.st.stm32cube.common.mx_6.10.0.202311202037
2024-01-30 12:04:14,114 [INFO] DbMcusXml:78 - Set database path to: C:\ST\STM32CubeIDE_1.13.2\STM32CubeIDE\plugins\com.st.stm32cube.common.mx_6.10.0.202311202037\\db\/mcu/
2024-01-30 12:04:14,115 [INFO] ApiDb:274 - Set plugin database path to: C:\ST\STM32CubeIDE_1.13.2\STM32CubeIDE\plugins\com.st.stm32cube.common.mx_6.10.0.202311202037\\db\/plugins/boardmanager/
2024-01-30 12:04:14,116 [WARN] ApiDb:259 - Overriding images path with different value:  => C:\ST\STM32CubeIDE_1.13.2\STM32CubeIDE\plugins\com.st.stm32cube.common.mx_6.10.0.202311202037\\db\/plugins/mcufinder/images/
2024-01-30 12:04:14,131 [INFO] ApiDb:250 - Set database path to: C:\Users\aleja\.stmcufinder\plugins\mcufinder//mcu/
2024-01-30 12:04:14,132 [INFO] DbMcusAds:125 - Set database path to: C:\Users\aleja\.stmcufinder\plugins\mcufinder//mcu/
2024-01-30 12:04:14,134 [INFO] CrossReferenceDbSqlite:203 - Set database path to: C:\Users\aleja\.stmcufinder\plugins\mcufinder//mcu/cs/
2024-01-30 12:04:14,269 [INFO] RulesReader:64 - Compatibility file has been processed (297 Rules)
2024-01-30 12:04:14,394 [INFO] DbMcusXml:78 - Set database path to: C:\ST\STM32CubeIDE_1.13.2\STM32CubeIDE\plugins\com.st.stm32cube.common.mx_6.10.0.202311202037\\db\/mcu/
2024-01-30 12:04:14,394 [INFO] ApiDb:274 - Set plugin database path to: C:\ST\STM32CubeIDE_1.13.2\STM32CubeIDE\plugins\com.st.stm32cube.common.mx_6.10.0.202311202037\\db\/plugins/boardmanager/
2024-01-30 12:04:14,394 [INFO] ApiDb:261 - Set plugin images path to: C:\ST\STM32CubeIDE_1.13.2\STM32CubeIDE\plugins\com.st.stm32cube.common.mx_6.10.0.202311202037\\db\/plugins/mcufinder/images/
2024-01-30 12:04:14,394 [WARN] DbFile:41 - Overriding database path with different value: C:\Users\aleja\.stmcufinder\plugins\mcufinder/ => C:\Users\aleja\.stmcufinder\plugins\mcufinder
2024-01-30 12:04:14,394 [INFO] ApiDb:250 - Set database path to: C:\Users\aleja\.stmcufinder\plugins\mcufinder//mcu/
2024-01-30 12:04:14,394 [WARN] DbFile:41 - Overriding database path with different value: C:\Users\aleja\.stmcufinder\plugins\mcufinder/ => C:\Users\aleja\.stmcufinder\plugins\mcufinder
2024-01-30 12:04:14,394 [INFO] DbMcusAds:125 - Set database path to: C:\Users\aleja\.stmcufinder\plugins\mcufinder//mcu/
2024-01-30 12:04:14,394 [WARN] DbFile:41 - Overriding database path with different value: C:\Users\aleja\.stmcufinder\plugins\mcufinder/ => C:\Users\aleja\.stmcufinder\plugins\mcufinder
2024-01-30 12:04:14,394 [WARN] DbFile:41 - Overriding database path with different value: C:\Users\aleja\.stmcufinder\plugins\mcufinder/ => C:\Users\aleja\.stmcufinder\plugins\mcufinder
2024-01-30 12:04:14,395 [INFO] CrossReferenceDbSqlite:203 - Set database path to: C:\Users\aleja\.stmcufinder\plugins\mcufinder//mcu/cs/
2024-01-30 12:04:14,490 [INFO] MainPanel:264 - HeapMemory: 268435456
2024-01-30 12:04:14,598 [INFO] DbMcusXml:78 - Set database path to: C:\ST\STM32CubeIDE_1.13.2\STM32CubeIDE\plugins\com.st.stm32cube.common.mx_6.10.0.202311202037\\db\/mcu/
2024-01-30 12:04:14,598 [INFO] ApiDb:274 - Set plugin database path to: C:\ST\STM32CubeIDE_1.13.2\STM32CubeIDE\plugins\com.st.stm32cube.common.mx_6.10.0.202311202037\\db\/plugins/boardmanager/
2024-01-30 12:04:14,598 [INFO] ApiDb:261 - Set plugin images path to: C:\ST\STM32CubeIDE_1.13.2\STM32CubeIDE\plugins\com.st.stm32cube.common.mx_6.10.0.202311202037\\db\/plugins/mcufinder/images/
2024-01-30 12:04:14,599 [WARN] DbFile:41 - Overriding database path with different value: C:\Users\aleja\.stmcufinder\plugins\mcufinder/ => C:\Users\aleja\.stmcufinder\plugins\mcufinder
2024-01-30 12:04:14,599 [INFO] ApiDb:250 - Set database path to: C:\Users\aleja\.stmcufinder\plugins\mcufinder//mcu/
2024-01-30 12:04:14,599 [WARN] DbFile:41 - Overriding database path with different value: C:\Users\aleja\.stmcufinder\plugins\mcufinder/ => C:\Users\aleja\.stmcufinder\plugins\mcufinder
2024-01-30 12:04:14,599 [INFO] DbMcusAds:125 - Set database path to: C:\Users\aleja\.stmcufinder\plugins\mcufinder//mcu/
2024-01-30 12:04:14,599 [WARN] DbFile:41 - Overriding database path with different value: C:\Users\aleja\.stmcufinder\plugins\mcufinder/ => C:\Users\aleja\.stmcufinder\plugins\mcufinder
2024-01-30 12:04:14,599 [WARN] DbFile:41 - Overriding database path with different value: C:\Users\aleja\.stmcufinder\plugins\mcufinder/ => C:\Users\aleja\.stmcufinder\plugins\mcufinder
2024-01-30 12:04:14,599 [INFO] CrossReferenceDbSqlite:203 - Set database path to: C:\Users\aleja\.stmcufinder\plugins\mcufinder//mcu/cs/
2024-01-30 12:04:14,616 [INFO] ApplicationProperties:184 - Using Application install path: C:\ST\STM32CubeIDE_1.13.2\STM32CubeIDE\plugins\com.st.stm32cube.common.mx_6.10.0.202311202037
2024-01-30 12:04:14,618 [INFO] PluginManage:196 - Search for loadable plugins [exclusion list=, ]
2024-01-30 12:04:14,620 [INFO] PluginManage:310 - Check plugin analytics
2024-01-30 12:04:14,897 [INFO] AnalyticsPlugin:253 - Accepted Software Licenses: 
2024-01-30 12:04:14,897 [INFO] AnalyticsPlugin:255 - Accepted CMSIS Pack Licenses: 
2024-01-30 12:04:14,897 [INFO] AnalyticsPlugin:257 - Accepted Firmware Licenses: 
2024-01-30 12:04:14,903 [INFO] PluginManage:359 - Loaded plugin analytics (category:tool,tabindex:-1)
2024-01-30 12:04:14,904 [INFO] PluginManage:310 - Check plugin cadmodel
2024-01-30 12:04:14,923 [INFO] CADModel:105 - Init CAD model plugin
2024-01-30 12:04:14,923 [INFO] PluginManage:359 - Loaded plugin cadmodel (category:power,tabindex:5)
2024-01-30 12:04:14,924 [INFO] PluginManage:310 - Check plugin clock
2024-01-30 12:04:14,960 [INFO] PluginManage:359 - Loaded plugin clock (category:base,tabindex:2)
2024-01-30 12:04:14,960 [INFO] PluginManage:310 - Check plugin ddr
2024-01-30 12:04:14,964 [INFO] PluginManage:359 - Loaded plugin ddr (category:tool,tabindex:6)
2024-01-30 12:04:14,964 [INFO] PluginManage:310 - Check plugin filemanager
2024-01-30 12:04:15,229 [INFO] PluginManage:359 - Loaded plugin filemanager (category:base,tabindex:10)
2024-01-30 12:04:15,229 [INFO] PluginManage:310 - Check plugin ipmanager
2024-01-30 12:04:15,236 [INFO] PluginManage:359 - Loaded plugin ipmanager (category:base,tabindex:5)
2024-01-30 12:04:15,236 [INFO] PluginManage:310 - Check plugin lpbam
2024-01-30 12:04:15,253 [INFO] PluginManage:359 - Loaded plugin lpbam (category:base,tabindex:0)
2024-01-30 12:04:15,254 [INFO] PluginManage:310 - Check plugin memorymap
2024-01-30 12:04:15,278 [INFO] PluginManage:359 - Loaded plugin memorymap (category:base,tabindex:4)
2024-01-30 12:04:15,278 [INFO] PluginManage:310 - Check plugin pinoutandconfiguration
2024-01-30 12:04:15,294 [INFO] PluginManage:359 - Loaded plugin pinoutandconfiguration (category:base,tabindex:1)
2024-01-30 12:04:15,294 [INFO] PluginManage:310 - Check plugin pinoutconfig
2024-01-30 12:04:15,419 [WARN] SupportedApi:132 - Cannot load RTOS API schema: s4s-elt-must-match.1: The content of 'definitions' must match (annotation?, (simpleType | complexType)?, (unique | key | keyref)*)). A problem was found starting at: attribute.
2024-01-30 12:04:15,600 [INFO] PluginManage:359 - Loaded plugin pinoutconfig (category:base,tabindex:0)
2024-01-30 12:04:15,600 [INFO] PluginManage:310 - Check plugin power
2024-01-30 12:04:15,641 [INFO] PluginManage:359 - Loaded plugin power (category:power,tabindex:4)
2024-01-30 12:04:15,641 [INFO] PluginManage:310 - Check plugin projectmanager
2024-01-30 12:04:15,670 [INFO] PluginManage:359 - Loaded plugin projectmanager (category:projectmanager,tabindex:3)
2024-01-30 12:04:15,670 [INFO] PluginManage:310 - Check plugin thirdparty
2024-01-30 12:04:16,028 [WARN] IntegrityCheckThread:84 - waiting for thirdparty lock release [integrity check]
2024-01-30 12:04:16,028 [INFO] IntegrityCheckThread:86 - entering critical section [integrity check]
2024-01-30 12:04:16,031 [INFO] ThirdPartyUpdaterWithRetryManager:70 - Updater plugin not ready yet. [1/15]
2024-01-30 12:04:16,033 [INFO] PluginManage:359 - Loaded plugin thirdparty (category:base,tabindex:-1)
2024-01-30 12:04:16,033 [INFO] PluginManage:310 - Check plugin tools
2024-01-30 12:04:16,068 [INFO] PluginManage:359 - Loaded plugin tools (category:base,tabindex:7)
2024-01-30 12:04:16,068 [INFO] PluginManage:310 - Check plugin tutovideos
2024-01-30 12:04:16,274 [INFO] PluginManage:359 - Loaded plugin tutovideos (category:base,tabindex:-1)
2024-01-30 12:04:16,274 [INFO] PluginManage:310 - Check plugin updater
2024-01-30 12:04:16,289 [INFO] PluginManage:359 - Loaded plugin updater (category:base,tabindex:12)
2024-01-30 12:04:16,289 [INFO] PluginManage:310 - Check plugin userauth
2024-01-30 12:04:16,295 [INFO] UserAuth:114 - Init User Auth plugin
2024-01-30 12:04:16,295 [INFO] PluginManage:359 - Loaded plugin userauth (category:base,tabindex:14)
2024-01-30 12:04:16,295 [INFO] PluginManage:283 - PluginManage : Loaded plugins [17]
2024-01-30 12:04:16,502 [INFO] PinOutPanel:1499 - setPackage(No Configuration,No Configuration)
2024-01-30 12:04:16,570 [INFO] CADModel:165 - CPN selected for project level
2024-01-30 12:04:16,570 [INFO] CADModel:114 - Register for checkConnection events
2024-01-30 12:04:16,596 [INFO] IPUIPlugin:80 - create IPUIPlugin
2024-01-30 12:04:16,596 [INFO] PluginManager:220 - loadIPPluginJar : add adc
2024-01-30 12:04:16,623 [INFO] IPUIPlugin:80 - create IPUIPlugin
2024-01-30 12:04:16,623 [INFO] PluginManager:220 - loadIPPluginJar : add aes
2024-01-30 12:04:16,653 [INFO] IPUIPlugin:80 - create IPUIPlugin
2024-01-30 12:04:16,654 [INFO] PluginManager:220 - loadIPPluginJar : add can
2024-01-30 12:04:16,670 [INFO] IPUIPlugin:80 - create IPUIPlugin
2024-01-30 12:04:16,670 [INFO] PluginManager:220 - loadIPPluginJar : add comp
2024-01-30 12:04:16,694 [INFO] IPUIPlugin:80 - create IPUIPlugin
2024-01-30 12:04:16,694 [INFO] PluginManager:220 - loadIPPluginJar : add cryp
2024-01-30 12:04:16,717 [INFO] IPUIPlugin:80 - create IPUIPlugin
2024-01-30 12:04:16,718 [INFO] PluginManager:220 - loadIPPluginJar : add dfsdm
2024-01-30 12:04:16,730 [INFO] IPUIPlugin:80 - create IPUIPlugin
2024-01-30 12:04:16,730 [INFO] PluginManager:220 - loadIPPluginJar : add dma
2024-01-30 12:04:16,761 [INFO] IPUIPlugin:80 - create IPUIPlugin
2024-01-30 12:04:16,761 [INFO] PluginManager:220 - loadIPPluginJar : add dma3
2024-01-30 12:04:16,776 [INFO] IPUIPlugin:80 - create IPUIPlugin
2024-01-30 12:04:16,776 [INFO] PluginManager:220 - loadIPPluginJar : add fatfs
2024-01-30 12:04:16,809 [INFO] IPUIPlugin:80 - create IPUIPlugin
2024-01-30 12:04:16,809 [INFO] PluginManager:220 - loadIPPluginJar : add fmc
2024-01-30 12:04:16,820 [INFO] IPUIPlugin:80 - create IPUIPlugin
2024-01-30 12:04:16,821 [INFO] PluginManager:220 - loadIPPluginJar : add freertos
2024-01-30 12:04:16,836 [INFO] IPUIPlugin:80 - create IPUIPlugin
2024-01-30 12:04:16,836 [INFO] PluginManager:220 - loadIPPluginJar : add genericplugin
2024-01-30 12:04:16,897 [INFO] IPUIPlugin:80 - create IPUIPlugin
2024-01-30 12:04:16,897 [INFO] PluginManager:220 - loadIPPluginJar : add gfxmmu
2024-01-30 12:04:16,989 [INFO] IPUIPlugin:80 - create IPUIPlugin
2024-01-30 12:04:16,989 [INFO] PluginManager:220 - loadIPPluginJar : add gic
2024-01-30 12:04:17,000 [INFO] IPUIPlugin:80 - create IPUIPlugin
2024-01-30 12:04:17,001 [INFO] PluginManager:220 - loadIPPluginJar : add gpio
2024-01-30 12:04:17,062 [INFO] IPUIPlugin:80 - create IPUIPlugin
2024-01-30 12:04:17,064 [INFO] PluginManager:220 - loadIPPluginJar : add gtzc
2024-01-30 12:04:17,084 [INFO] IPUIPlugin:80 - create IPUIPlugin
2024-01-30 12:04:17,085 [INFO] PluginManager:220 - loadIPPluginJar : add hash
2024-01-30 12:04:17,120 [INFO] IPUIPlugin:80 - create IPUIPlugin
2024-01-30 12:04:17,120 [INFO] PluginManager:220 - loadIPPluginJar : add i2c
2024-01-30 12:04:17,146 [INFO] IPUIPlugin:80 - create IPUIPlugin
2024-01-30 12:04:17,146 [INFO] PluginManager:220 - loadIPPluginJar : add i2s
2024-01-30 12:04:17,172 [INFO] IPUIPlugin:80 - create IPUIPlugin
2024-01-30 12:04:17,172 [INFO] PluginManager:220 - loadIPPluginJar : add i3c
2024-01-30 12:04:17,240 [INFO] IPUIPlugin:80 - create IPUIPlugin
2024-01-30 12:04:17,240 [INFO] PluginManager:220 - loadIPPluginJar : add ipddr
2024-01-30 12:04:17,300 [INFO] IPUIPlugin:80 - create IPUIPlugin
2024-01-30 12:04:17,300 [INFO] PluginManager:220 - loadIPPluginJar : add linkedlist
2024-01-30 12:04:17,322 [INFO] IPUIPlugin:80 - create IPUIPlugin
2024-01-30 12:04:17,322 [INFO] PluginManager:220 - loadIPPluginJar : add lorawan
2024-01-30 12:04:17,346 [INFO] IPUIPlugin:80 - create IPUIPlugin
2024-01-30 12:04:17,346 [INFO] PluginManager:220 - loadIPPluginJar : add ltdc
2024-01-30 12:04:17,358 [INFO] IPUIPlugin:80 - create IPUIPlugin
2024-01-30 12:04:17,358 [INFO] PluginManager:220 - loadIPPluginJar : add mdma
2024-01-30 12:04:17,367 [INFO] IPUIPlugin:80 - create IPUIPlugin
2024-01-30 12:04:17,367 [INFO] PluginManager:220 - loadIPPluginJar : add nvic
2024-01-30 12:04:17,389 [INFO] IPUIPlugin:80 - create IPUIPlugin
2024-01-30 12:04:17,390 [INFO] PluginManager:220 - loadIPPluginJar : add opamp
2024-01-30 12:04:17,427 [INFO] IPUIPlugin:80 - create IPUIPlugin
2024-01-30 12:04:17,428 [INFO] PluginManager:220 - loadIPPluginJar : add openamp
2024-01-30 12:04:17,455 [INFO] IPUIPlugin:80 - create IPUIPlugin
2024-01-30 12:04:17,456 [INFO] PluginManager:220 - loadIPPluginJar : add pdm2pcm
2024-01-30 12:04:17,467 [INFO] IPUIPlugin:80 - create IPUIPlugin
2024-01-30 12:04:17,468 [INFO] PluginManager:220 - loadIPPluginJar : add plateformsettings
2024-01-30 12:04:17,483 [INFO] IPUIPlugin:80 - create IPUIPlugin
2024-01-30 12:04:17,483 [INFO] PluginManager:220 - loadIPPluginJar : add quadspi
2024-01-30 12:04:17,492 [INFO] IPUIPlugin:80 - create IPUIPlugin
2024-01-30 12:04:17,492 [INFO] PluginManager:220 - loadIPPluginJar : add resmgrutility
2024-01-30 12:04:17,523 [INFO] IPUIPlugin:80 - create IPUIPlugin
2024-01-30 12:04:17,523 [INFO] PluginManager:220 - loadIPPluginJar : add sai
2024-01-30 12:04:17,546 [INFO] IPUIPlugin:80 - create IPUIPlugin
2024-01-30 12:04:17,546 [INFO] PluginManager:220 - loadIPPluginJar : add spi
2024-01-30 12:04:17,590 [INFO] IPUIPlugin:80 - create IPUIPlugin
2024-01-30 12:04:17,590 [INFO] PluginManager:220 - loadIPPluginJar : add stm32_wpan
2024-01-30 12:04:17,606 [INFO] IPUIPlugin:80 - create IPUIPlugin
2024-01-30 12:04:17,606 [INFO] PluginManager:220 - loadIPPluginJar : add tim
2024-01-30 12:04:17,641 [INFO] IPUIPlugin:80 - create IPUIPlugin
2024-01-30 12:04:17,642 [INFO] PluginManager:220 - loadIPPluginJar : add touchsensing
2024-01-30 12:04:17,657 [INFO] IPUIPlugin:80 - create IPUIPlugin
2024-01-30 12:04:17,657 [INFO] PluginManager:220 - loadIPPluginJar : add tracer_emb
2024-01-30 12:04:17,672 [INFO] IPUIPlugin:80 - create IPUIPlugin
2024-01-30 12:04:17,673 [INFO] PluginManager:220 - loadIPPluginJar : add ts
2024-01-30 12:04:17,687 [INFO] IPUIPlugin:80 - create IPUIPlugin
2024-01-30 12:04:17,687 [INFO] PluginManager:220 - loadIPPluginJar : add tsc
2024-01-30 12:04:17,701 [INFO] IPUIPlugin:80 - create IPUIPlugin
2024-01-30 12:04:17,701 [INFO] PluginManager:220 - loadIPPluginJar : add ucpd
2024-01-30 12:04:17,731 [INFO] IPUIPlugin:80 - create IPUIPlugin
2024-01-30 12:04:17,731 [INFO] PluginManager:220 - loadIPPluginJar : add usart
2024-01-30 12:04:17,760 [INFO] IPUIPlugin:80 - create IPUIPlugin
2024-01-30 12:04:17,760 [INFO] PluginManager:220 - loadIPPluginJar : add usbx
2024-01-30 12:04:17,895 [INFO] CADModel:165 - CPN selected for project level
2024-01-30 12:04:17,895 [INFO] CADModel:114 - Register for checkConnection events
2024-01-30 12:04:17,895 [FATAL] Updater:308 - Updater called before beeing initialized
2024-01-30 12:04:17,895 [ERROR] CADModel:125 - Updater not yet initialized, retry later 
2024-01-30 12:04:18,058 [INFO] CADModel:165 - CPN selected for project level
2024-01-30 12:04:18,058 [INFO] CADModel:114 - Register for checkConnection events
2024-01-30 12:04:18,059 [FATAL] Updater:308 - Updater called before beeing initialized
2024-01-30 12:04:18,059 [ERROR] CADModel:125 - Updater not yet initialized, retry later 
2024-01-30 12:04:18,062 [FATAL] Updater:308 - Updater called before beeing initialized
2024-01-30 12:04:18,173 [FATAL] Updater:308 - Updater called before beeing initialized
2024-01-30 12:04:18,181 [INFO] DbMcusAds:53 - JSON generation date=Wed Nov 29 11:52:27 CET 2023 (1701255147200)
2024-01-30 12:04:18,181 [FATAL] Updater:308 - Updater called before beeing initialized
2024-01-30 12:04:18,246 [WARN] DetailPanel:346 - Failed to get advertising image, set to default
2024-01-30 12:04:18,318 [FATAL] Updater:308 - Updater called before beeing initialized
2024-01-30 12:04:18,320 [FATAL] Updater:308 - Updater called before beeing initialized
2024-01-30 12:04:18,320 [FATAL] Updater:308 - Updater called before beeing initialized
2024-01-30 12:04:18,320 [WARN] DetailPanel:346 - Failed to get advertising image, set to default
2024-01-30 12:04:18,321 [FATAL] Updater:308 - Updater called before beeing initialized
2024-01-30 12:04:18,373 [ERROR] Updater:1120 - MainUpdater not yet initialized. External WinMGr cannot be set.
2024-01-30 12:04:18,381 [INFO] Updater:1056 - Updater Version found : 6.10.0
2024-01-30 12:04:18,397 [INFO] ApplicationProperties:184 - Using Application install path: C:\ST\STM32CubeIDE_1.13.2\STM32CubeIDE\plugins\com.st.stm32cube.common.mx_6.10.0.202311202037
2024-01-30 12:04:19,032 [INFO] ThirdPartyUpdaterWithRetryManager:70 - Updater plugin not ready yet. [2/15]
2024-01-30 12:04:19,973 [ERROR] LogOutputStream:75 - [STDERR_REDIRECT] Jan 30, 2024 12:04:19 PM java.util.prefs.WindowsPreferences <init>
2024-01-30 12:04:19,975 [ERROR] LogOutputStream:75 - [STDERR_REDIRECT] WARNING: Could not open/create prefs root node Software\JavaSoft\Prefs at root 0xffffffff80000002. Windows RegCreateKeyEx(...) returned error code 5.
2024-01-30 12:04:19,975 [ERROR] LogOutputStream:75 - [STDERR_REDIRECT] 
2024-01-30 12:04:20,361 [INFO] MainUpdater:2873 - connection check result : 22
2024-01-30 12:04:20,362 [INFO] MainUpdater:290 - Updater Check For Update Now.
2024-01-30 12:04:20,363 [INFO] MicroXplorer:498 - Change Database Version : DB.6.0.100
2024-01-30 12:04:20,396 [INFO] McuFinderGlobals:63 - Set McuFinder mode to 2 (CubeIDE integrated)
2024-01-30 12:04:20,424 [INFO] UserAuth:404 - Internet connection configuration mode: 2
2024-01-30 12:04:20,582 [INFO] CheckServerUpdateThread:120 - End of CheckServer Thread
2024-01-30 12:04:22,215 [WARN] PackLoader:240 - Cannot read IP mode file for STMicroelectronics.X-CUBE-SMBUS.2.1.0
2024-01-30 12:04:22,248 [WARN] PackLoader:240 - Cannot read IP mode file for STMicroelectronics.X-CUBE-TOUCHGFX.4.23.0
2024-01-30 12:04:22,307 [WARN] PackLoader:240 - Cannot read IP mode file for STMicroelectronics.X-CUBE-AZRTOS-F7.1.1.0
2024-01-30 12:04:22,323 [WARN] PackLoader:240 - Cannot read IP mode file for STMicroelectronics.FP-SNS-MOTENV1.4.3.2
2024-01-30 12:04:22,336 [WARN] PackLoader:240 - Cannot read IP mode file for STMicroelectronics.FP-SNS-FLIGHT1.5.0.2
2024-01-30 12:04:22,353 [WARN] PackLoader:240 - Cannot read IP mode file for STMicroelectronics.X-CUBE-DISPLAY.3.0.0
2024-01-30 12:04:22,376 [WARN] PackLoader:240 - Cannot read IP mode file for STMicroelectronics.X-CUBE-BLE1.7.0.0
2024-01-30 12:04:22,388 [WARN] PackLoader:240 - Cannot read IP mode file for emotas.I-CUBE-CANOPEN.1.3.0
2024-01-30 12:04:22,399 [WARN] PackLoader:240 - Cannot read IP mode file for STMicroelectronics.X-CUBE-TOUCHGFX.4.22.1
2024-01-30 12:04:22,410 [WARN] PackLoader:240 - Cannot read IP mode file for STMicroelectronics.FP-SNS-SMARTAG2.1.2.0
2024-01-30 12:04:22,437 [INFO] LogOutputStream:77 - [STDOUT_REDIRECT] 1 : Invalid condition id : UX_CORESTACK_Condition cause : null
2024-01-30 12:04:22,439 [INFO] LogOutputStream:77 - [STDOUT_REDIRECT] 1 : Invalid condition id : UX_CORESTACK_Condition cause : null
2024-01-30 12:04:22,440 [INFO] LogOutputStream:77 - [STDOUT_REDIRECT] 1 : Invalid condition id : UX_CORESTACK_Condition cause : null
2024-01-30 12:04:22,442 [INFO] LogOutputStream:77 - [STDOUT_REDIRECT] 1 : Invalid condition id : UX_CORESTACK_Condition cause : null
2024-01-30 12:04:22,444 [INFO] LogOutputStream:77 - [STDOUT_REDIRECT] 1 : Invalid condition id : UX_CORESTACK_Condition cause : null
2024-01-30 12:04:22,447 [WARN] PackLoader:240 - Cannot read IP mode file for STMicroelectronics.X-CUBE-AZRTOS-WL.2.0.0
2024-01-30 12:04:22,468 [WARN] PackLoader:240 - Cannot read IP mode file for WES.I-CUBE-Cesium.1.3.0
2024-01-30 12:04:22,481 [WARN] PackLoader:240 - Cannot read IP mode file for STMicroelectronics.X-CUBE-BLE2.3.3.0
2024-01-30 12:04:22,493 [WARN] PackLoader:240 - Cannot read IP mode file for STMicroelectronics.X-CUBE-ALGOBUILD.1.3.0
2024-01-30 12:04:22,545 [WARN] PackLoader:240 - Cannot read IP mode file for STMicroelectronics.X-CUBE-AZRTOS-G0.1.1.0
2024-01-30 12:04:22,563 [WARN] PackLoader:240 - Cannot read IP mode file for STMicroelectronics.X-CUBE-NFC4.3.0.0
2024-01-30 12:04:22,582 [WARN] PackLoader:240 - Cannot read IP mode file for STMicroelectronics.X-CUBE-BLEMGR.3.0.0
2024-01-30 12:04:22,596 [WARN] PackLoader:240 - Cannot read IP mode file for STMicroelectronics.FP-ATR-SIGFOX1.3.2.0
2024-01-30 12:04:22,610 [WARN] PackLoader:240 - Cannot read IP mode file for STMicroelectronics.X-CUBE-EEPRMA1.5.1.0
2024-01-30 12:04:22,649 [WARN] PackLoader:240 - Cannot read IP mode file for SEGGER.I-CUBE-embOS.1.3.1
2024-01-30 12:04:22,687 [WARN] PackLoader:240 - Cannot read IP mode file for STMicroelectronics.X-CUBE-GNSS1.6.0.0
2024-01-30 12:04:22,718 [WARN] PackLoader:240 - Cannot read IP mode file for STMicroelectronics.X-CUBE-AZRTOS-F4.1.1.0
2024-01-30 12:04:22,732 [WARN] PackLoader:240 - Cannot read IP mode file for wolfSSL.I-CUBE-wolfSSL.5.6.4
2024-01-30 12:04:22,768 [WARN] PackLoader:240 - Cannot read IP mode file for STMicroelectronics.X-CUBE-AZRTOS-L5.2.0.0
2024-01-30 12:04:22,782 [WARN] PackLoader:240 - Cannot read IP mode file for STMicroelectronics.X-CUBE-EEPRMA1.4.2.0
2024-01-30 12:04:22,795 [WARN] PackLoader:240 - Cannot read IP mode file for ITTIA_DB.I-CUBE-ITTIADB.8.8.0
2024-01-30 12:04:22,820 [WARN] ConditionMgr:438 - getConditionDescription Invalid condition id : UX DEVICE CLASS RTOS Condition cause : null
2024-01-30 12:04:22,822 [WARN] ConditionMgr:438 - getConditionDescription Invalid condition id : UX DEVICE CLASS RTOS Condition cause : null
2024-01-30 12:04:22,823 [WARN] PackLoader:240 - Cannot read IP mode file for STMicroelectronics.X-CUBE-AZRTOS-H7.3.1.0
2024-01-30 12:04:22,823 [WARN] ConditionMgr:1039 - genDependencies : Invalid condition id : UX DEVICE CLASS RTOS Condition cause : null
2024-01-30 12:04:22,824 [WARN] ConditionMgr:1039 - genDependencies : Invalid condition id : UX DEVICE CLASS RTOS Condition cause : null
2024-01-30 12:04:22,824 [WARN] ConditionMgr:1039 - genDependencies : Invalid condition id : UX DEVICE CLASS RTOS Condition cause : null
2024-01-30 12:04:22,824 [WARN] ConditionMgr:1039 - genDependencies : Invalid condition id : UX DEVICE CLASS RTOS Condition cause : null
2024-01-30 12:04:22,824 [WARN] ConditionMgr:1039 - genDependencies : Invalid condition id : UX DEVICE CLASS RTOS Condition cause : null
2024-01-30 12:04:22,839 [WARN] PackLoader:240 - Cannot read IP mode file for STMicroelectronics.X-CUBE-NFC7.1.0.1
2024-01-30 12:04:22,863 [WARN] PackLoader:240 - Cannot read IP mode file for STMicroelectronics.X-CUBE-NFC6.3.0.0
2024-01-30 12:04:22,875 [WARN] PackLoader:240 - Cannot read IP mode file for STMicroelectronics.X-CUBE-AI.8.1.0
2024-01-30 12:04:22,913 [WARN] ConditionMgr:438 - getConditionDescription Invalid condition id : LAN8742 Phy interface Condition cause : null
2024-01-30 12:04:22,914 [WARN] PackLoader:240 - Cannot read IP mode file for STMicroelectronics.X-CUBE-AZRTOS-L4.2.0.0
2024-01-30 12:04:22,914 [WARN] ConditionMgr:1039 - genDependencies : Invalid condition id : LAN8742 Phy interface Condition cause : null
2024-01-30 12:04:22,915 [WARN] ConditionMgr:1039 - genDependencies : Invalid condition id : LAN8742 Phy interface Condition cause : null
2024-01-30 12:04:22,915 [WARN] ConditionMgr:1039 - genDependencies : Invalid condition id : LAN8742 Phy interface Condition cause : null
2024-01-30 12:04:22,932 [WARN] PackLoader:240 - Cannot read IP mode file for STMicroelectronics.X-CUBE-SFXS2LP1.4.0.0
2024-01-30 12:04:22,946 [WARN] PackLoader:240 - Cannot read IP mode file for STMicroelectronics.X-CUBE-ISPU.1.1.0
2024-01-30 12:04:22,968 [WARN] ConditionMgr:438 - getConditionDescription Invalid condition id : UX DEVICE CLASS RTOS Condition cause : null
2024-01-30 12:04:22,969 [WARN] ConditionMgr:438 - getConditionDescription Invalid condition id : UX DEVICE CLASS RTOS Condition cause : null
2024-01-30 12:04:22,970 [WARN] PackLoader:240 - Cannot read IP mode file for STMicroelectronics.X-CUBE-AZRTOS-WB.2.0.0
2024-01-30 12:04:22,970 [WARN] ConditionMgr:1039 - genDependencies : Invalid condition id : UX DEVICE CLASS RTOS Condition cause : null
2024-01-30 12:04:22,971 [WARN] ConditionMgr:1039 - genDependencies : Invalid condition id : UX DEVICE CLASS RTOS Condition cause : null
2024-01-30 12:04:22,971 [WARN] ConditionMgr:1039 - genDependencies : Invalid condition id : UX DEVICE CLASS RTOS Condition cause : null
2024-01-30 12:04:22,971 [WARN] ConditionMgr:1039 - genDependencies : Invalid condition id : UX DEVICE CLASS RTOS Condition cause : null
2024-01-30 12:04:22,971 [WARN] ConditionMgr:1039 - genDependencies : Invalid condition id : UX DEVICE CLASS RTOS Condition cause : null
2024-01-30 12:04:22,988 [WARN] PackLoader:240 - Cannot read IP mode file for STMicroelectronics.X-CUBE-SUBG2.5.0.0
2024-01-30 12:04:23,011 [WARN] PackLoader:240 - Cannot read IP mode file for STMicroelectronics.X-CUBE-AZRTOS-G4.2.0.0
2024-01-30 12:04:23,029 [WARN] PackLoader:240 - Cannot read IP mode file for Infineon.AIROC-Wi-Fi-Bluetooth-STM32.1.5.1
2024-01-30 12:04:23,041 [WARN] PackLoader:240 - Cannot read IP mode file for STMicroelectronics.FP-SNS-MOTENVWB1.1.3.1
2024-01-30 12:04:23,051 [WARN] PackLoader:240 - Cannot read IP mode file for STMicroelectronics.X-CUBE-ISPU.2.0.0
2024-01-30 12:04:23,084 [WARN] PackLoader:240 - Cannot read IP mode file for STMicroelectronics.X-CUBE-MEMS1.10.0.0
2024-01-30 12:04:23,223 [WARN] PackLoader:240 - Cannot read IP mode file for STMicroelectronics.X-CUBE-FREERTOS.1.1.0
2024-01-30 12:04:23,242 [WARN] PackLoader:240 - Cannot read IP mode file for portGmbH.I-Cube-SoM-uGOAL.1.1.0
2024-01-30 12:04:23,259 [WARN] PackLoader:240 - Cannot read IP mode file for STMicroelectronics.X-CUBE-ALS.1.0.1
2024-01-30 12:04:23,274 [WARN] PackLoader:240 - Cannot read IP mode file for STMicroelectronics.FP-ATR-ASTRA1.2.0.0
2024-01-30 12:04:23,301 [WARN] PackLoader:240 - Cannot read IP mode file for STMicroelectronics.X-CUBE-TOF1.3.4.0
2024-01-30 12:04:23,345 [WARN] PackLoader:240 - Cannot read IP mode file for STMicroelectronics.X-CUBE-AZRTOS-H7.3.2.0
2024-01-30 12:04:23,349 [INFO] ThirdParty:978 - Integrity check success = true
2024-01-30 12:04:23,349 [INFO] IntegrityCheckThread:100 - exiting critical section [integrity check]
2024-01-30 12:04:23,350 [INFO] IntegrityCheckThread:103 - End integrity checks thread
2024-01-30 12:04:34,419 [ERROR] LogOutputStream:75 - [STDERR_REDIRECT] SLF4J: Failed to load class "org.slf4j.impl.StaticLoggerBinder".
2024-01-30 12:04:34,421 [ERROR] LogOutputStream:75 - [STDERR_REDIRECT] SLF4J: Defaulting to no-operation (NOP) logger implementation
2024-01-30 12:04:34,423 [ERROR] LogOutputStream:75 - [STDERR_REDIRECT] SLF4J: See http://www.slf4j.org/codes.html#StaticLoggerBinder for further details.
2024-01-30 18:49:50,789 [ERROR] LogOutputStream:75 - [STDERR_REDIRECT] 
2024-01-30 20:09:16,131 [INFO] Activator:176 - 


2024-01-30 20:09:16,135 [INFO] Activator:177 - !SESSION log4j initialized
2024-01-30 20:09:24,479 [INFO] LogOutputStream:77 - [STDOUT_REDIRECT] 
2024-01-30 20:09:25,709 [INFO] ApplicationProperties:184 - Using Application install path: C:\ST\STM32CubeIDE_1.13.2\STM32CubeIDE\plugins\com.st.stm32cube.common.mx_6.10.0.202311202037
2024-01-30 20:09:25,730 [INFO] DbMcusXml:78 - Set database path to: C:\ST\STM32CubeIDE_1.13.2\STM32CubeIDE\plugins\com.st.stm32cube.common.mx_6.10.0.202311202037\\db\/mcu/
2024-01-30 20:09:25,730 [INFO] ApiDb:274 - Set plugin database path to: C:\ST\STM32CubeIDE_1.13.2\STM32CubeIDE\plugins\com.st.stm32cube.common.mx_6.10.0.202311202037\\db\/plugins/boardmanager/
2024-01-30 20:09:25,730 [WARN] ApiDb:259 - Overriding images path with different value:  => C:\ST\STM32CubeIDE_1.13.2\STM32CubeIDE\plugins\com.st.stm32cube.common.mx_6.10.0.202311202037\\db\/plugins/mcufinder/images/
2024-01-30 20:09:25,741 [INFO] ApiDb:250 - Set database path to: C:\Users\aleja\.stmcufinder\plugins\mcufinder//mcu/
2024-01-30 20:09:25,741 [INFO] DbMcusAds:125 - Set database path to: C:\Users\aleja\.stmcufinder\plugins\mcufinder//mcu/
2024-01-30 20:09:25,743 [INFO] CrossReferenceDbSqlite:203 - Set database path to: C:\Users\aleja\.stmcufinder\plugins\mcufinder//mcu/cs/
2024-01-30 20:09:25,837 [INFO] RulesReader:64 - Compatibility file has been processed (297 Rules)
2024-01-30 20:09:25,908 [INFO] DbMcusXml:78 - Set database path to: C:\ST\STM32CubeIDE_1.13.2\STM32CubeIDE\plugins\com.st.stm32cube.common.mx_6.10.0.202311202037\\db\/mcu/
2024-01-30 20:09:25,908 [INFO] ApiDb:274 - Set plugin database path to: C:\ST\STM32CubeIDE_1.13.2\STM32CubeIDE\plugins\com.st.stm32cube.common.mx_6.10.0.202311202037\\db\/plugins/boardmanager/
2024-01-30 20:09:25,908 [INFO] ApiDb:261 - Set plugin images path to: C:\ST\STM32CubeIDE_1.13.2\STM32CubeIDE\plugins\com.st.stm32cube.common.mx_6.10.0.202311202037\\db\/plugins/mcufinder/images/
2024-01-30 20:09:25,908 [WARN] DbFile:41 - Overriding database path with different value: C:\Users\aleja\.stmcufinder\plugins\mcufinder/ => C:\Users\aleja\.stmcufinder\plugins\mcufinder
2024-01-30 20:09:25,908 [INFO] ApiDb:250 - Set database path to: C:\Users\aleja\.stmcufinder\plugins\mcufinder//mcu/
2024-01-30 20:09:25,908 [WARN] DbFile:41 - Overriding database path with different value: C:\Users\aleja\.stmcufinder\plugins\mcufinder/ => C:\Users\aleja\.stmcufinder\plugins\mcufinder
2024-01-30 20:09:25,908 [INFO] DbMcusAds:125 - Set database path to: C:\Users\aleja\.stmcufinder\plugins\mcufinder//mcu/
2024-01-30 20:09:25,909 [WARN] DbFile:41 - Overriding database path with different value: C:\Users\aleja\.stmcufinder\plugins\mcufinder/ => C:\Users\aleja\.stmcufinder\plugins\mcufinder
2024-01-30 20:09:25,909 [WARN] DbFile:41 - Overriding database path with different value: C:\Users\aleja\.stmcufinder\plugins\mcufinder/ => C:\Users\aleja\.stmcufinder\plugins\mcufinder
2024-01-30 20:09:25,909 [INFO] CrossReferenceDbSqlite:203 - Set database path to: C:\Users\aleja\.stmcufinder\plugins\mcufinder//mcu/cs/
2024-01-30 20:09:25,982 [INFO] MainPanel:264 - HeapMemory: 268435456
2024-01-30 20:09:26,065 [INFO] DbMcusXml:78 - Set database path to: C:\ST\STM32CubeIDE_1.13.2\STM32CubeIDE\plugins\com.st.stm32cube.common.mx_6.10.0.202311202037\\db\/mcu/
2024-01-30 20:09:26,065 [INFO] ApiDb:274 - Set plugin database path to: C:\ST\STM32CubeIDE_1.13.2\STM32CubeIDE\plugins\com.st.stm32cube.common.mx_6.10.0.202311202037\\db\/plugins/boardmanager/
2024-01-30 20:09:26,065 [INFO] ApiDb:261 - Set plugin images path to: C:\ST\STM32CubeIDE_1.13.2\STM32CubeIDE\plugins\com.st.stm32cube.common.mx_6.10.0.202311202037\\db\/plugins/mcufinder/images/
2024-01-30 20:09:26,066 [WARN] DbFile:41 - Overriding database path with different value: C:\Users\aleja\.stmcufinder\plugins\mcufinder/ => C:\Users\aleja\.stmcufinder\plugins\mcufinder
2024-01-30 20:09:26,066 [INFO] ApiDb:250 - Set database path to: C:\Users\aleja\.stmcufinder\plugins\mcufinder//mcu/
2024-01-30 20:09:26,066 [WARN] DbFile:41 - Overriding database path with different value: C:\Users\aleja\.stmcufinder\plugins\mcufinder/ => C:\Users\aleja\.stmcufinder\plugins\mcufinder
2024-01-30 20:09:26,066 [INFO] DbMcusAds:125 - Set database path to: C:\Users\aleja\.stmcufinder\plugins\mcufinder//mcu/
2024-01-30 20:09:26,066 [WARN] DbFile:41 - Overriding database path with different value: C:\Users\aleja\.stmcufinder\plugins\mcufinder/ => C:\Users\aleja\.stmcufinder\plugins\mcufinder
2024-01-30 20:09:26,066 [WARN] DbFile:41 - Overriding database path with different value: C:\Users\aleja\.stmcufinder\plugins\mcufinder/ => C:\Users\aleja\.stmcufinder\plugins\mcufinder
2024-01-30 20:09:26,066 [INFO] CrossReferenceDbSqlite:203 - Set database path to: C:\Users\aleja\.stmcufinder\plugins\mcufinder//mcu/cs/
2024-01-30 20:09:26,080 [INFO] ApplicationProperties:184 - Using Application install path: C:\ST\STM32CubeIDE_1.13.2\STM32CubeIDE\plugins\com.st.stm32cube.common.mx_6.10.0.202311202037
2024-01-30 20:09:26,081 [INFO] PluginManage:196 - Search for loadable plugins [exclusion list=, ]
2024-01-30 20:09:26,083 [INFO] PluginManage:310 - Check plugin analytics
2024-01-30 20:09:26,266 [INFO] AnalyticsPlugin:253 - Accepted Software Licenses: 
2024-01-30 20:09:26,267 [INFO] AnalyticsPlugin:255 - Accepted CMSIS Pack Licenses: 
2024-01-30 20:09:26,267 [INFO] AnalyticsPlugin:257 - Accepted Firmware Licenses: 
2024-01-30 20:09:26,270 [INFO] PluginManage:359 - Loaded plugin analytics (category:tool,tabindex:-1)
2024-01-30 20:09:26,271 [INFO] PluginManage:310 - Check plugin cadmodel
2024-01-30 20:09:26,286 [INFO] CADModel:105 - Init CAD model plugin
2024-01-30 20:09:26,286 [INFO] PluginManage:359 - Loaded plugin cadmodel (category:power,tabindex:5)
2024-01-30 20:09:26,287 [INFO] PluginManage:310 - Check plugin clock
2024-01-30 20:09:26,312 [INFO] PluginManage:359 - Loaded plugin clock (category:base,tabindex:2)
2024-01-30 20:09:26,312 [INFO] PluginManage:310 - Check plugin ddr
2024-01-30 20:09:26,315 [INFO] PluginManage:359 - Loaded plugin ddr (category:tool,tabindex:6)
2024-01-30 20:09:26,315 [INFO] PluginManage:310 - Check plugin filemanager
2024-01-30 20:09:26,461 [INFO] PluginManage:359 - Loaded plugin filemanager (category:base,tabindex:10)
2024-01-30 20:09:26,461 [INFO] PluginManage:310 - Check plugin ipmanager
2024-01-30 20:09:26,467 [INFO] PluginManage:359 - Loaded plugin ipmanager (category:base,tabindex:5)
2024-01-30 20:09:26,468 [INFO] PluginManage:310 - Check plugin lpbam
2024-01-30 20:09:26,482 [INFO] PluginManage:359 - Loaded plugin lpbam (category:base,tabindex:0)
2024-01-30 20:09:26,482 [INFO] PluginManage:310 - Check plugin memorymap
2024-01-30 20:09:26,506 [INFO] PluginManage:359 - Loaded plugin memorymap (category:base,tabindex:4)
2024-01-30 20:09:26,506 [INFO] PluginManage:310 - Check plugin pinoutandconfiguration
2024-01-30 20:09:26,520 [INFO] PluginManage:359 - Loaded plugin pinoutandconfiguration (category:base,tabindex:1)
2024-01-30 20:09:26,520 [INFO] PluginManage:310 - Check plugin pinoutconfig
2024-01-30 20:09:26,600 [WARN] SupportedApi:132 - Cannot load RTOS API schema: s4s-elt-must-match.1: The content of 'definitions' must match (annotation?, (simpleType | complexType)?, (unique | key | keyref)*)). A problem was found starting at: attribute.
2024-01-30 20:09:26,712 [INFO] PluginManage:359 - Loaded plugin pinoutconfig (category:base,tabindex:0)
2024-01-30 20:09:26,712 [INFO] PluginManage:310 - Check plugin power
2024-01-30 20:09:26,730 [INFO] PluginManage:359 - Loaded plugin power (category:power,tabindex:4)
2024-01-30 20:09:26,730 [INFO] PluginManage:310 - Check plugin projectmanager
2024-01-30 20:09:26,754 [INFO] PluginManage:359 - Loaded plugin projectmanager (category:projectmanager,tabindex:3)
2024-01-30 20:09:26,754 [INFO] PluginManage:310 - Check plugin thirdparty
2024-01-30 20:09:27,018 [INFO] PluginManage:359 - Loaded plugin thirdparty (category:base,tabindex:-1)
2024-01-30 20:09:27,018 [INFO] PluginManage:310 - Check plugin tools
2024-01-30 20:09:27,018 [WARN] IntegrityCheckThread:84 - waiting for thirdparty lock release [integrity check]
2024-01-30 20:09:27,018 [INFO] IntegrityCheckThread:86 - entering critical section [integrity check]
2024-01-30 20:09:27,019 [INFO] ThirdPartyUpdaterWithRetryManager:70 - Updater plugin not ready yet. [1/15]
2024-01-30 20:09:27,044 [INFO] PluginManage:359 - Loaded plugin tools (category:base,tabindex:7)
2024-01-30 20:09:27,044 [INFO] PluginManage:310 - Check plugin tutovideos
2024-01-30 20:09:27,226 [INFO] PluginManage:359 - Loaded plugin tutovideos (category:base,tabindex:-1)
2024-01-30 20:09:27,226 [INFO] PluginManage:310 - Check plugin updater
2024-01-30 20:09:27,239 [INFO] PluginManage:359 - Loaded plugin updater (category:base,tabindex:12)
2024-01-30 20:09:27,239 [INFO] PluginManage:310 - Check plugin userauth
2024-01-30 20:09:27,245 [INFO] UserAuth:114 - Init User Auth plugin
2024-01-30 20:09:27,245 [INFO] PluginManage:359 - Loaded plugin userauth (category:base,tabindex:14)
2024-01-30 20:09:27,245 [INFO] PluginManage:283 - PluginManage : Loaded plugins [17]
2024-01-30 20:09:27,413 [INFO] PinOutPanel:1499 - setPackage(No Configuration,No Configuration)
2024-01-30 20:09:27,469 [INFO] CADModel:165 - CPN selected for project level
2024-01-30 20:09:27,469 [INFO] CADModel:114 - Register for checkConnection events
2024-01-30 20:09:27,490 [INFO] IPUIPlugin:80 - create IPUIPlugin
2024-01-30 20:09:27,490 [INFO] PluginManager:220 - loadIPPluginJar : add adc
2024-01-30 20:09:27,525 [INFO] IPUIPlugin:80 - create IPUIPlugin
2024-01-30 20:09:27,526 [INFO] PluginManager:220 - loadIPPluginJar : add aes
2024-01-30 20:09:27,553 [INFO] IPUIPlugin:80 - create IPUIPlugin
2024-01-30 20:09:27,553 [INFO] PluginManager:220 - loadIPPluginJar : add can
2024-01-30 20:09:27,569 [INFO] IPUIPlugin:80 - create IPUIPlugin
2024-01-30 20:09:27,569 [INFO] PluginManager:220 - loadIPPluginJar : add comp
2024-01-30 20:09:27,591 [INFO] IPUIPlugin:80 - create IPUIPlugin
2024-01-30 20:09:27,591 [INFO] PluginManager:220 - loadIPPluginJar : add cryp
2024-01-30 20:09:27,610 [INFO] IPUIPlugin:80 - create IPUIPlugin
2024-01-30 20:09:27,610 [INFO] PluginManager:220 - loadIPPluginJar : add dfsdm
2024-01-30 20:09:27,622 [INFO] IPUIPlugin:80 - create IPUIPlugin
2024-01-30 20:09:27,622 [INFO] PluginManager:220 - loadIPPluginJar : add dma
2024-01-30 20:09:27,650 [INFO] IPUIPlugin:80 - create IPUIPlugin
2024-01-30 20:09:27,651 [INFO] PluginManager:220 - loadIPPluginJar : add dma3
2024-01-30 20:09:27,664 [INFO] IPUIPlugin:80 - create IPUIPlugin
2024-01-30 20:09:27,664 [INFO] PluginManager:220 - loadIPPluginJar : add fatfs
2024-01-30 20:09:27,697 [INFO] IPUIPlugin:80 - create IPUIPlugin
2024-01-30 20:09:27,697 [INFO] PluginManager:220 - loadIPPluginJar : add fmc
2024-01-30 20:09:27,709 [INFO] IPUIPlugin:80 - create IPUIPlugin
2024-01-30 20:09:27,709 [INFO] PluginManager:220 - loadIPPluginJar : add freertos
2024-01-30 20:09:27,723 [INFO] IPUIPlugin:80 - create IPUIPlugin
2024-01-30 20:09:27,724 [INFO] PluginManager:220 - loadIPPluginJar : add genericplugin
2024-01-30 20:09:27,785 [INFO] IPUIPlugin:80 - create IPUIPlugin
2024-01-30 20:09:27,785 [INFO] PluginManager:220 - loadIPPluginJar : add gfxmmu
2024-01-30 20:09:27,877 [INFO] IPUIPlugin:80 - create IPUIPlugin
2024-01-30 20:09:27,878 [INFO] PluginManager:220 - loadIPPluginJar : add gic
2024-01-30 20:09:27,887 [INFO] IPUIPlugin:80 - create IPUIPlugin
2024-01-30 20:09:27,887 [INFO] PluginManager:220 - loadIPPluginJar : add gpio
2024-01-30 20:09:27,953 [INFO] IPUIPlugin:80 - create IPUIPlugin
2024-01-30 20:09:27,953 [INFO] PluginManager:220 - loadIPPluginJar : add gtzc
2024-01-30 20:09:27,975 [INFO] IPUIPlugin:80 - create IPUIPlugin
2024-01-30 20:09:27,975 [INFO] PluginManager:220 - loadIPPluginJar : add hash
2024-01-30 20:09:28,012 [INFO] IPUIPlugin:80 - create IPUIPlugin
2024-01-30 20:09:28,012 [INFO] PluginManager:220 - loadIPPluginJar : add i2c
2024-01-30 20:09:28,039 [INFO] IPUIPlugin:80 - create IPUIPlugin
2024-01-30 20:09:28,039 [INFO] PluginManager:220 - loadIPPluginJar : add i2s
2024-01-30 20:09:28,066 [INFO] IPUIPlugin:80 - create IPUIPlugin
2024-01-30 20:09:28,066 [INFO] PluginManager:220 - loadIPPluginJar : add i3c
2024-01-30 20:09:28,140 [INFO] IPUIPlugin:80 - create IPUIPlugin
2024-01-30 20:09:28,141 [INFO] PluginManager:220 - loadIPPluginJar : add ipddr
2024-01-30 20:09:28,210 [INFO] IPUIPlugin:80 - create IPUIPlugin
2024-01-30 20:09:28,210 [INFO] PluginManager:220 - loadIPPluginJar : add linkedlist
2024-01-30 20:09:28,234 [INFO] IPUIPlugin:80 - create IPUIPlugin
2024-01-30 20:09:28,234 [INFO] PluginManager:220 - loadIPPluginJar : add lorawan
2024-01-30 20:09:28,259 [INFO] IPUIPlugin:80 - create IPUIPlugin
2024-01-30 20:09:28,259 [INFO] PluginManager:220 - loadIPPluginJar : add ltdc
2024-01-30 20:09:28,272 [INFO] IPUIPlugin:80 - create IPUIPlugin
2024-01-30 20:09:28,272 [INFO] PluginManager:220 - loadIPPluginJar : add mdma
2024-01-30 20:09:28,281 [INFO] IPUIPlugin:80 - create IPUIPlugin
2024-01-30 20:09:28,282 [INFO] PluginManager:220 - loadIPPluginJar : add nvic
2024-01-30 20:09:28,308 [INFO] IPUIPlugin:80 - create IPUIPlugin
2024-01-30 20:09:28,308 [INFO] PluginManager:220 - loadIPPluginJar : add opamp
2024-01-30 20:09:28,349 [INFO] IPUIPlugin:80 - create IPUIPlugin
2024-01-30 20:09:28,349 [INFO] PluginManager:220 - loadIPPluginJar : add openamp
2024-01-30 20:09:28,383 [INFO] IPUIPlugin:80 - create IPUIPlugin
2024-01-30 20:09:28,383 [INFO] PluginManager:220 - loadIPPluginJar : add pdm2pcm
2024-01-30 20:09:28,393 [INFO] IPUIPlugin:80 - create IPUIPlugin
2024-01-30 20:09:28,394 [INFO] PluginManager:220 - loadIPPluginJar : add plateformsettings
2024-01-30 20:09:28,411 [INFO] IPUIPlugin:80 - create IPUIPlugin
2024-01-30 20:09:28,411 [INFO] PluginManager:220 - loadIPPluginJar : add quadspi
2024-01-30 20:09:28,421 [INFO] IPUIPlugin:80 - create IPUIPlugin
2024-01-30 20:09:28,421 [INFO] PluginManager:220 - loadIPPluginJar : add resmgrutility
2024-01-30 20:09:28,457 [INFO] IPUIPlugin:80 - create IPUIPlugin
2024-01-30 20:09:28,457 [INFO] PluginManager:220 - loadIPPluginJar : add sai
2024-01-30 20:09:28,485 [INFO] IPUIPlugin:80 - create IPUIPlugin
2024-01-30 20:09:28,485 [INFO] PluginManager:220 - loadIPPluginJar : add spi
2024-01-30 20:09:28,535 [INFO] IPUIPlugin:80 - create IPUIPlugin
2024-01-30 20:09:28,535 [INFO] PluginManager:220 - loadIPPluginJar : add stm32_wpan
2024-01-30 20:09:28,550 [INFO] IPUIPlugin:80 - create IPUIPlugin
2024-01-30 20:09:28,550 [INFO] PluginManager:220 - loadIPPluginJar : add tim
2024-01-30 20:09:28,592 [INFO] IPUIPlugin:80 - create IPUIPlugin
2024-01-30 20:09:28,592 [INFO] PluginManager:220 - loadIPPluginJar : add touchsensing
2024-01-30 20:09:28,610 [INFO] IPUIPlugin:80 - create IPUIPlugin
2024-01-30 20:09:28,610 [INFO] PluginManager:220 - loadIPPluginJar : add tracer_emb
2024-01-30 20:09:28,630 [INFO] IPUIPlugin:80 - create IPUIPlugin
2024-01-30 20:09:28,630 [INFO] PluginManager:220 - loadIPPluginJar : add ts
2024-01-30 20:09:28,649 [INFO] IPUIPlugin:80 - create IPUIPlugin
2024-01-30 20:09:28,649 [INFO] PluginManager:220 - loadIPPluginJar : add tsc
2024-01-30 20:09:28,667 [INFO] IPUIPlugin:80 - create IPUIPlugin
2024-01-30 20:09:28,667 [INFO] PluginManager:220 - loadIPPluginJar : add ucpd
2024-01-30 20:09:28,699 [INFO] IPUIPlugin:80 - create IPUIPlugin
2024-01-30 20:09:28,700 [INFO] PluginManager:220 - loadIPPluginJar : add usart
2024-01-30 20:09:28,734 [INFO] IPUIPlugin:80 - create IPUIPlugin
2024-01-30 20:09:28,734 [INFO] PluginManager:220 - loadIPPluginJar : add usbx
2024-01-30 20:09:28,848 [INFO] CADModel:165 - CPN selected for project level
2024-01-30 20:09:28,849 [INFO] CADModel:114 - Register for checkConnection events
2024-01-30 20:09:28,849 [FATAL] Updater:308 - Updater called before beeing initialized
2024-01-30 20:09:28,849 [ERROR] CADModel:125 - Updater not yet initialized, retry later 
2024-01-30 20:09:28,963 [INFO] CADModel:165 - CPN selected for project level
2024-01-30 20:09:28,963 [INFO] CADModel:114 - Register for checkConnection events
2024-01-30 20:09:28,963 [FATAL] Updater:308 - Updater called before beeing initialized
2024-01-30 20:09:28,963 [ERROR] CADModel:125 - Updater not yet initialized, retry later 
2024-01-30 20:09:28,966 [FATAL] Updater:308 - Updater called before beeing initialized
2024-01-30 20:09:29,084 [FATAL] Updater:308 - Updater called before beeing initialized
2024-01-30 20:09:29,092 [INFO] DbMcusAds:53 - JSON generation date=Wed Nov 29 11:52:27 CET 2023 (1701255147200)
2024-01-30 20:09:29,092 [FATAL] Updater:308 - Updater called before beeing initialized
2024-01-30 20:09:29,163 [WARN] DetailPanel:346 - Failed to get advertising image, set to default
2024-01-30 20:09:29,234 [FATAL] Updater:308 - Updater called before beeing initialized
2024-01-30 20:09:29,236 [FATAL] Updater:308 - Updater called before beeing initialized
2024-01-30 20:09:29,236 [FATAL] Updater:308 - Updater called before beeing initialized
2024-01-30 20:09:29,236 [WARN] DetailPanel:346 - Failed to get advertising image, set to default
2024-01-30 20:09:29,236 [FATAL] Updater:308 - Updater called before beeing initialized
2024-01-30 20:09:29,295 [ERROR] Updater:1120 - MainUpdater not yet initialized. External WinMGr cannot be set.
2024-01-30 20:09:29,305 [INFO] Updater:1056 - Updater Version found : 6.10.0
2024-01-30 20:09:29,323 [INFO] ApplicationProperties:184 - Using Application install path: C:\ST\STM32CubeIDE_1.13.2\STM32CubeIDE\plugins\com.st.stm32cube.common.mx_6.10.0.202311202037
2024-01-30 20:09:30,020 [INFO] ThirdPartyUpdaterWithRetryManager:70 - Updater plugin not ready yet. [2/15]
2024-01-30 20:09:30,915 [ERROR] LogOutputStream:75 - [STDERR_REDIRECT] Jan 30, 2024 8:09:30 PM java.util.prefs.WindowsPreferences <init>
2024-01-30 20:09:30,916 [ERROR] LogOutputStream:75 - [STDERR_REDIRECT] WARNING: Could not open/create prefs root node Software\JavaSoft\Prefs at root 0xffffffff80000002. Windows RegCreateKeyEx(...) returned error code 5.
2024-01-30 20:09:30,916 [ERROR] LogOutputStream:75 - [STDERR_REDIRECT] 
2024-01-30 20:09:31,439 [INFO] MainUpdater:2873 - connection check result : 10
2024-01-30 20:09:31,439 [INFO] MainUpdater:290 - Updater Check For Update Now.
2024-01-30 20:09:31,439 [INFO] MicroXplorer:498 - Change Database Version : DB.6.0.100
2024-01-30 20:09:31,462 [INFO] McuFinderGlobals:63 - Set McuFinder mode to 2 (CubeIDE integrated)
2024-01-30 20:09:31,479 [INFO] UserAuth:404 - Internet connection configuration mode: 1
2024-01-30 20:09:31,520 [INFO] JxBrowserEngine:152 - Initiate JxBrowser Engine with user profile folder
2024-01-30 20:09:31,632 [INFO] CheckServerUpdateThread:120 - End of CheckServer Thread
2024-01-30 20:09:33,199 [WARN] PackLoader:240 - Cannot read IP mode file for STMicroelectronics.X-CUBE-SMBUS.2.1.0
2024-01-30 20:09:33,217 [WARN] PackLoader:240 - Cannot read IP mode file for STMicroelectronics.X-CUBE-TOUCHGFX.4.23.0
2024-01-30 20:09:33,259 [WARN] PackLoader:240 - Cannot read IP mode file for STMicroelectronics.X-CUBE-AZRTOS-F7.1.1.0
2024-01-30 20:09:33,277 [WARN] PackLoader:240 - Cannot read IP mode file for STMicroelectronics.FP-SNS-MOTENV1.4.3.2
2024-01-30 20:09:33,290 [WARN] PackLoader:240 - Cannot read IP mode file for STMicroelectronics.FP-SNS-FLIGHT1.5.0.2
2024-01-30 20:09:33,307 [WARN] PackLoader:240 - Cannot read IP mode file for STMicroelectronics.X-CUBE-DISPLAY.3.0.0
2024-01-30 20:09:33,327 [WARN] PackLoader:240 - Cannot read IP mode file for STMicroelectronics.X-CUBE-BLE1.7.0.0
2024-01-30 20:09:33,340 [WARN] PackLoader:240 - Cannot read IP mode file for emotas.I-CUBE-CANOPEN.1.3.0
2024-01-30 20:09:33,350 [WARN] PackLoader:240 - Cannot read IP mode file for STMicroelectronics.X-CUBE-TOUCHGFX.4.22.1
2024-01-30 20:09:33,361 [WARN] PackLoader:240 - Cannot read IP mode file for STMicroelectronics.FP-SNS-SMARTAG2.1.2.0
2024-01-30 20:09:33,382 [INFO] LogOutputStream:77 - [STDOUT_REDIRECT] 1 : Invalid condition id : UX_CORESTACK_Condition cause : null
2024-01-30 20:09:33,383 [INFO] LogOutputStream:77 - [STDOUT_REDIRECT] 1 : Invalid condition id : UX_CORESTACK_Condition cause : null
2024-01-30 20:09:33,384 [INFO] LogOutputStream:77 - [STDOUT_REDIRECT] 1 : Invalid condition id : UX_CORESTACK_Condition cause : null
2024-01-30 20:09:33,385 [INFO] LogOutputStream:77 - [STDOUT_REDIRECT] 1 : Invalid condition id : UX_CORESTACK_Condition cause : null
2024-01-30 20:09:33,387 [INFO] LogOutputStream:77 - [STDOUT_REDIRECT] 1 : Invalid condition id : UX_CORESTACK_Condition cause : null
2024-01-30 20:09:33,392 [WARN] PackLoader:240 - Cannot read IP mode file for STMicroelectronics.X-CUBE-AZRTOS-WL.2.0.0
2024-01-30 20:09:33,409 [WARN] PackLoader:240 - Cannot read IP mode file for WES.I-CUBE-Cesium.1.3.0
2024-01-30 20:09:33,422 [WARN] PackLoader:240 - Cannot read IP mode file for STMicroelectronics.X-CUBE-BLE2.3.3.0
2024-01-30 20:09:33,437 [WARN] PackLoader:240 - Cannot read IP mode file for STMicroelectronics.X-CUBE-ALGOBUILD.1.3.0
2024-01-30 20:09:33,464 [WARN] PackLoader:240 - Cannot read IP mode file for STMicroelectronics.X-CUBE-AZRTOS-G0.1.1.0
2024-01-30 20:09:33,480 [WARN] PackLoader:240 - Cannot read IP mode file for STMicroelectronics.X-CUBE-NFC4.3.0.0
2024-01-30 20:09:33,494 [WARN] PackLoader:240 - Cannot read IP mode file for STMicroelectronics.X-CUBE-BLEMGR.3.0.0
2024-01-30 20:09:33,508 [WARN] PackLoader:240 - Cannot read IP mode file for STMicroelectronics.FP-ATR-SIGFOX1.3.2.0
2024-01-30 20:09:33,523 [WARN] PackLoader:240 - Cannot read IP mode file for STMicroelectronics.X-CUBE-EEPRMA1.5.1.0
2024-01-30 20:09:33,564 [WARN] PackLoader:240 - Cannot read IP mode file for SEGGER.I-CUBE-embOS.1.3.1
2024-01-30 20:09:33,604 [WARN] PackLoader:240 - Cannot read IP mode file for STMicroelectronics.X-CUBE-GNSS1.6.0.0
2024-01-30 20:09:33,627 [WARN] PackLoader:240 - Cannot read IP mode file for STMicroelectronics.X-CUBE-AZRTOS-F4.1.1.0
2024-01-30 20:09:33,655 [WARN] PackLoader:240 - Cannot read IP mode file for wolfSSL.I-CUBE-wolfSSL.5.6.4
2024-01-30 20:09:33,689 [WARN] PackLoader:240 - Cannot read IP mode file for STMicroelectronics.X-CUBE-AZRTOS-L5.2.0.0
2024-01-30 20:09:33,703 [WARN] PackLoader:240 - Cannot read IP mode file for STMicroelectronics.X-CUBE-EEPRMA1.4.2.0
2024-01-30 20:09:33,716 [WARN] PackLoader:240 - Cannot read IP mode file for ITTIA_DB.I-CUBE-ITTIADB.8.8.0
2024-01-30 20:09:33,816 [WARN] ConditionMgr:438 - getConditionDescription Invalid condition id : UX DEVICE CLASS RTOS Condition cause : null
2024-01-30 20:09:33,816 [WARN] ConditionMgr:438 - getConditionDescription Invalid condition id : UX DEVICE CLASS RTOS Condition cause : null
2024-01-30 20:09:33,819 [WARN] PackLoader:240 - Cannot read IP mode file for STMicroelectronics.X-CUBE-AZRTOS-H7.3.1.0
2024-01-30 20:09:33,821 [WARN] ConditionMgr:1039 - genDependencies : Invalid condition id : UX DEVICE CLASS RTOS Condition cause : null
2024-01-30 20:09:33,821 [WARN] ConditionMgr:1039 - genDependencies : Invalid condition id : UX DEVICE CLASS RTOS Condition cause : null
2024-01-30 20:09:33,822 [WARN] ConditionMgr:1039 - genDependencies : Invalid condition id : UX DEVICE CLASS RTOS Condition cause : null
2024-01-30 20:09:33,823 [WARN] ConditionMgr:1039 - genDependencies : Invalid condition id : UX DEVICE CLASS RTOS Condition cause : null
2024-01-30 20:09:33,823 [WARN] ConditionMgr:1039 - genDependencies : Invalid condition id : UX DEVICE CLASS RTOS Condition cause : null
2024-01-30 20:09:33,837 [WARN] PackLoader:240 - Cannot read IP mode file for STMicroelectronics.X-CUBE-NFC7.1.0.1
2024-01-30 20:09:33,855 [WARN] PackLoader:240 - Cannot read IP mode file for STMicroelectronics.X-CUBE-NFC6.3.0.0
2024-01-30 20:09:33,872 [WARN] PackLoader:240 - Cannot read IP mode file for STMicroelectronics.X-CUBE-AI.8.1.0
2024-01-30 20:09:33,904 [WARN] ConditionMgr:438 - getConditionDescription Invalid condition id : LAN8742 Phy interface Condition cause : null
2024-01-30 20:09:33,904 [WARN] PackLoader:240 - Cannot read IP mode file for STMicroelectronics.X-CUBE-AZRTOS-L4.2.0.0
2024-01-30 20:09:33,906 [WARN] ConditionMgr:1039 - genDependencies : Invalid condition id : LAN8742 Phy interface Condition cause : null
2024-01-30 20:09:33,906 [WARN] ConditionMgr:1039 - genDependencies : Invalid condition id : LAN8742 Phy interface Condition cause : null
2024-01-30 20:09:33,907 [WARN] ConditionMgr:1039 - genDependencies : Invalid condition id : LAN8742 Phy interface Condition cause : null
2024-01-30 20:09:33,925 [WARN] PackLoader:240 - Cannot read IP mode file for STMicroelectronics.X-CUBE-SFXS2LP1.4.0.0
2024-01-30 20:09:33,943 [WARN] PackLoader:240 - Cannot read IP mode file for STMicroelectronics.X-CUBE-ISPU.1.1.0
2024-01-30 20:09:33,991 [WARN] ConditionMgr:438 - getConditionDescription Invalid condition id : UX DEVICE CLASS RTOS Condition cause : null
2024-01-30 20:09:33,991 [WARN] ConditionMgr:438 - getConditionDescription Invalid condition id : UX DEVICE CLASS RTOS Condition cause : null
2024-01-30 20:09:33,994 [WARN] PackLoader:240 - Cannot read IP mode file for STMicroelectronics.X-CUBE-AZRTOS-WB.2.0.0
2024-01-30 20:09:33,995 [WARN] ConditionMgr:1039 - genDependencies : Invalid condition id : UX DEVICE CLASS RTOS Condition cause : null
2024-01-30 20:09:33,995 [WARN] ConditionMgr:1039 - genDependencies : Invalid condition id : UX DEVICE CLASS RTOS Condition cause : null
2024-01-30 20:09:33,996 [WARN] ConditionMgr:1039 - genDependencies : Invalid condition id : UX DEVICE CLASS RTOS Condition cause : null
2024-01-30 20:09:33,996 [WARN] ConditionMgr:1039 - genDependencies : Invalid condition id : UX DEVICE CLASS RTOS Condition cause : null
2024-01-30 20:09:33,996 [WARN] ConditionMgr:1039 - genDependencies : Invalid condition id : UX DEVICE CLASS RTOS Condition cause : null
2024-01-30 20:09:34,036 [WARN] PackLoader:240 - Cannot read IP mode file for STMicroelectronics.X-CUBE-SUBG2.5.0.0
2024-01-30 20:09:34,079 [WARN] PackLoader:240 - Cannot read IP mode file for STMicroelectronics.X-CUBE-AZRTOS-G4.2.0.0
2024-01-30 20:09:34,114 [WARN] PackLoader:240 - Cannot read IP mode file for Infineon.AIROC-Wi-Fi-Bluetooth-STM32.1.5.1
2024-01-30 20:09:34,130 [WARN] PackLoader:240 - Cannot read IP mode file for STMicroelectronics.FP-SNS-MOTENVWB1.1.3.1
2024-01-30 20:09:34,143 [WARN] PackLoader:240 - Cannot read IP mode file for STMicroelectronics.X-CUBE-ISPU.2.0.0
2024-01-30 20:09:34,193 [WARN] PackLoader:240 - Cannot read IP mode file for STMicroelectronics.X-CUBE-MEMS1.10.0.0
2024-01-30 20:09:34,283 [WARN] PackLoader:240 - Cannot read IP mode file for STMicroelectronics.X-CUBE-FREERTOS.1.1.0
2024-01-30 20:09:34,299 [WARN] PackLoader:240 - Cannot read IP mode file for portGmbH.I-Cube-SoM-uGOAL.1.1.0
2024-01-30 20:09:34,313 [WARN] PackLoader:240 - Cannot read IP mode file for STMicroelectronics.X-CUBE-ALS.1.0.1
2024-01-30 20:09:34,328 [WARN] PackLoader:240 - Cannot read IP mode file for STMicroelectronics.FP-ATR-ASTRA1.2.0.0
2024-01-30 20:09:34,351 [WARN] PackLoader:240 - Cannot read IP mode file for STMicroelectronics.X-CUBE-TOF1.3.4.0
2024-01-30 20:09:34,367 [INFO] WebApp:161 - Instantiating new browser for Auth
2024-01-30 20:09:34,396 [WARN] PackLoader:240 - Cannot read IP mode file for STMicroelectronics.X-CUBE-AZRTOS-H7.3.2.0
2024-01-30 20:09:34,399 [INFO] ThirdParty:978 - Integrity check success = true
2024-01-30 20:09:34,400 [INFO] IntegrityCheckThread:100 - exiting critical section [integrity check]
2024-01-30 20:09:34,400 [INFO] IntegrityCheckThread:103 - End integrity checks thread
2024-01-30 20:09:35,341 [INFO] WebApp:780 - Register for checkConnection events
2024-01-30 20:09:35,341 [INFO] WebApp:414 - Apply proxy settings
2024-01-30 20:09:35,342 [INFO] WebApp:499 - Chromium requires no authentication
2024-01-30 20:09:35,348 [INFO] WebApp:442 - Direct internet connection detected
2024-01-30 20:09:35,492 [INFO] WebApp:192 - Starting web application
2024-01-30 20:09:35,492 [INFO] WebApp:544 - Web application path used C:\ST\STM32CubeIDE_1.13.2\STM32CubeIDE\plugins\com.st.stm32cube.common.mx_6.10.0.202311202037\db\plugins\mcufinder\reactClient1\index.html
2024-01-30 20:09:45,751 [ERROR] LogOutputStream:75 - [STDERR_REDIRECT] SLF4J: Failed to load class "org.slf4j.impl.StaticLoggerBinder".
2024-01-30 20:09:45,752 [ERROR] LogOutputStream:75 - [STDERR_REDIRECT] SLF4J: Defaulting to no-operation (NOP) logger implementation
2024-01-30 20:09:45,753 [ERROR] LogOutputStream:75 - [STDERR_REDIRECT] SLF4J: See http://www.slf4j.org/codes.html#StaticLoggerBinder for further details.
