17:54:27 **** Build of configuration Debug for project last_code ****
make -j12 all 
arm-none-eabi-gcc "../Core/Src/main.c" -mcpu=cortex-m0 -std=gnu11 -g3 -DDEBUG -DUSE_HAL_DRIVER -DSTM32F042x6 -c -I../Core/Inc -I../Drivers/STM32F0xx_HAL_Driver/Inc -I../Drivers/STM32F0xx_HAL_Driver/Inc/Legacy -I../Drivers/CMSIS/Device/ST/STM32F0xx/Include -I../Drivers/CMSIS/Include -Og -ffunction-sections -fdata-sections -Wall -fstack-usage -fcyclomatic-complexity -MMD -MP -MF"Core/Src/main.d" -MT"Core/Src/main.o" --specs=nano.specs -mfloat-abi=soft -mthumb -o "Core/Src/main.o"
arm-none-eabi-gcc -o "last_code.elf" @"objects.list"   -mcpu=cortex-m0 -T"C:\Users\aleja\OneDrive\Escritorio\gettingStartedSTM\last_code\STM32F042F4PX_FLASH.ld" --specs=nosys.specs -Wl,-Map="last_code.map" -Wl,--gc-sections -static --specs=nano.specs -mfloat-abi=soft -mthumb -Wl,--start-group -lc -lm -Wl,--end-group
Finished building target: last_code.elf
 
arm-none-eabi-size  last_code.elf 
arm-none-eabi-objdump -h -S last_code.elf  > "last_code.list"
   text	   data	    bss	    dec	    hex	filename
  10460	     92	   1936	  12488	   30c8	last_code.elf
Finished building: default.size.stdout
 
Finished building: last_code.list
 
